###############################################################################
#
# IAR ELF Linker V8.30.1.114/W32 for ARM                  15/Jan/2020  19:05:58
# Copyright 2007-2018 IAR Systems AB.
#
#    Output file  =  
#        E:\Robocon_Value\DisplayLCD\EWARM\DisplayLCD\Exe\DisplayLCD.out
#    Map file     =  
#        E:\Robocon_Value\DisplayLCD\EWARM\DisplayLCD\List\DisplayLCD.map
#    Command line =  
#        -f C:\Users\DELL\AppData\Local\Temp\EW1B34.tmp
#        (E:\Robocon_Value\DisplayLCD\EWARM\DisplayLCD\Obj\adc.o
#        E:\Robocon_Value\DisplayLCD\EWARM\DisplayLCD\Obj\can.o
#        E:\Robocon_Value\DisplayLCD\EWARM\DisplayLCD\Obj\can_func.o
#        E:\Robocon_Value\DisplayLCD\EWARM\DisplayLCD\Obj\can_utils.o
#        E:\Robocon_Value\DisplayLCD\EWARM\DisplayLCD\Obj\cmd.o
#        E:\Robocon_Value\DisplayLCD\EWARM\DisplayLCD\Obj\cmd_func.o
#        E:\Robocon_Value\DisplayLCD\EWARM\DisplayLCD\Obj\crc.o
#        E:\Robocon_Value\DisplayLCD\EWARM\DisplayLCD\Obj\dma.o
#        E:\Robocon_Value\DisplayLCD\EWARM\DisplayLCD\Obj\flags.o
#        E:\Robocon_Value\DisplayLCD\EWARM\DisplayLCD\Obj\fsmc.o
#        E:\Robocon_Value\DisplayLCD\EWARM\DisplayLCD\Obj\gpio.o
#        E:\Robocon_Value\DisplayLCD\EWARM\DisplayLCD\Obj\GUI_Frame.o
#        E:\Robocon_Value\DisplayLCD\EWARM\DisplayLCD\Obj\GUI_X.o
#        E:\Robocon_Value\DisplayLCD\EWARM\DisplayLCD\Obj\GUIConf.o
#        E:\Robocon_Value\DisplayLCD\EWARM\DisplayLCD\Obj\GUIDRV_Template.o
#        E:\Robocon_Value\DisplayLCD\EWARM\DisplayLCD\Obj\hash.o
#        E:\Robocon_Value\DisplayLCD\EWARM\DisplayLCD\Obj\ILI93xx.o
#        E:\Robocon_Value\DisplayLCD\EWARM\DisplayLCD\Obj\Lcd_Top.o
#        E:\Robocon_Value\DisplayLCD\EWARM\DisplayLCD\Obj\LCDConf_FlexColor_Template.o
#        E:\Robocon_Value\DisplayLCD\EWARM\DisplayLCD\Obj\ledpwm.o
#        E:\Robocon_Value\DisplayLCD\EWARM\DisplayLCD\Obj\main.o
#        E:\Robocon_Value\DisplayLCD\EWARM\DisplayLCD\Obj\map.o
#        E:\Robocon_Value\DisplayLCD\EWARM\DisplayLCD\Obj\nrf24l01.o
#        E:\Robocon_Value\DisplayLCD\EWARM\DisplayLCD\Obj\nrf_comm.o
#        E:\Robocon_Value\DisplayLCD\EWARM\DisplayLCD\Obj\robocon_image.o
#        E:\Robocon_Value\DisplayLCD\EWARM\DisplayLCD\Obj\simplelib.o
#        E:\Robocon_Value\DisplayLCD\EWARM\DisplayLCD\Obj\spi.o
#        E:\Robocon_Value\DisplayLCD\EWARM\DisplayLCD\Obj\startup_stm32f407xx.o
#        E:\Robocon_Value\DisplayLCD\GUI\Lib\STemWin522_CM4_IAR.a
#        E:\Robocon_Value\DisplayLCD\EWARM\DisplayLCD\Obj\stm32f4xx_hal.o
#        E:\Robocon_Value\DisplayLCD\EWARM\DisplayLCD\Obj\stm32f4xx_hal_adc.o
#        E:\Robocon_Value\DisplayLCD\EWARM\DisplayLCD\Obj\stm32f4xx_hal_adc_ex.o
#        E:\Robocon_Value\DisplayLCD\EWARM\DisplayLCD\Obj\stm32f4xx_hal_can.o
#        E:\Robocon_Value\DisplayLCD\EWARM\DisplayLCD\Obj\stm32f4xx_hal_cortex.o
#        E:\Robocon_Value\DisplayLCD\EWARM\DisplayLCD\Obj\stm32f4xx_hal_crc.o
#        E:\Robocon_Value\DisplayLCD\EWARM\DisplayLCD\Obj\stm32f4xx_hal_dma.o
#        E:\Robocon_Value\DisplayLCD\EWARM\DisplayLCD\Obj\stm32f4xx_hal_dma_ex.o
#        E:\Robocon_Value\DisplayLCD\EWARM\DisplayLCD\Obj\stm32f4xx_hal_exti.o
#        E:\Robocon_Value\DisplayLCD\EWARM\DisplayLCD\Obj\stm32f4xx_hal_flash.o
#        E:\Robocon_Value\DisplayLCD\EWARM\DisplayLCD\Obj\stm32f4xx_hal_flash_ex.o
#        E:\Robocon_Value\DisplayLCD\EWARM\DisplayLCD\Obj\stm32f4xx_hal_flash_ramfunc.o
#        E:\Robocon_Value\DisplayLCD\EWARM\DisplayLCD\Obj\stm32f4xx_hal_gpio.o
#        E:\Robocon_Value\DisplayLCD\EWARM\DisplayLCD\Obj\stm32f4xx_hal_msp.o
#        E:\Robocon_Value\DisplayLCD\EWARM\DisplayLCD\Obj\stm32f4xx_hal_pwr.o
#        E:\Robocon_Value\DisplayLCD\EWARM\DisplayLCD\Obj\stm32f4xx_hal_pwr_ex.o
#        E:\Robocon_Value\DisplayLCD\EWARM\DisplayLCD\Obj\stm32f4xx_hal_rcc.o
#        E:\Robocon_Value\DisplayLCD\EWARM\DisplayLCD\Obj\stm32f4xx_hal_rcc_ex.o
#        E:\Robocon_Value\DisplayLCD\EWARM\DisplayLCD\Obj\stm32f4xx_hal_spi.o
#        E:\Robocon_Value\DisplayLCD\EWARM\DisplayLCD\Obj\stm32f4xx_hal_sram.o
#        E:\Robocon_Value\DisplayLCD\EWARM\DisplayLCD\Obj\stm32f4xx_hal_tim.o
#        E:\Robocon_Value\DisplayLCD\EWARM\DisplayLCD\Obj\stm32f4xx_hal_tim_ex.o
#        E:\Robocon_Value\DisplayLCD\EWARM\DisplayLCD\Obj\stm32f4xx_hal_uart.o
#        E:\Robocon_Value\DisplayLCD\EWARM\DisplayLCD\Obj\stm32f4xx_it.o
#        E:\Robocon_Value\DisplayLCD\EWARM\DisplayLCD\Obj\stm32f4xx_ll_fsmc.o
#        E:\Robocon_Value\DisplayLCD\EWARM\DisplayLCD\Obj\sys.o
#        E:\Robocon_Value\DisplayLCD\EWARM\DisplayLCD\Obj\system_stm32f4xx.o
#        E:\Robocon_Value\DisplayLCD\EWARM\DisplayLCD\Obj\tim.o
#        E:\Robocon_Value\DisplayLCD\EWARM\DisplayLCD\Obj\usart.o
#        E:\Robocon_Value\DisplayLCD\EWARM\DisplayLCD\Obj\utils.o --redirect
#        _Printf=_PrintfFull --redirect _Scanf=_ScanfFull --no_out_extension -o
#        E:\Robocon_Value\DisplayLCD\EWARM\DisplayLCD\Exe\DisplayLCD.out --map
#        E:\Robocon_Value\DisplayLCD\EWARM\DisplayLCD\List\DisplayLCD.map
#        --config G:\SOFTWARE\IAR\arm\config\linker\ST\stm32f407xG.icf
#        --semihosting --entry __iar_program_start --vfe --text_out locale)
#
###############################################################################

*******************************************************************************
*** MESSAGES
***

Warning[Lt009]: Inconsistent wchar_t size
            GUI_Core.o(STemWin522_CM4_IAR.a) and 149 other objects have wchar_t
                      size 16 bits
            adc.o and 84 other objects, some of them in dl7M_tlf.a and 12 other
                      libraries have wchar_t size 32 bits


*******************************************************************************
*** RUNTIME MODEL ATTRIBUTES
***

CppFlavor       = *
__Heap_Handler  = DLMalloc
__SystemLibrary = DLib
__dlib_version  = 6


*******************************************************************************
*** HEAP SELECTION
***

The advanced heap was selected because the application calls memory
allocation functions outside of system library functions, and there
are calls to deallocation functions in the application.


*******************************************************************************
*** PLACEMENT SUMMARY
***

"A0":  place at 0x800'0000 { ro section .intvec };
"P1":  place in [from 0x800'0000 to 0x80f'ffff] { ro };
define block CSTACK with size = 8K, alignment = 8 { };
"P3":  place in [from 0x1000'0000 to 0x1000'ffff] {
          block CSTACK, section .ccram };
define block HEAP with size = 8K, alignment = 8 { };
"P4":  place in [from 0x2000'0000 to 0x2001'bfff] |
                [from 0x2001'c000 to 0x2001'ffff] { rw, block HEAP };
initialize by copy { rw };

No sections matched the following patterns:

  ro section application_specific_ro  in "P2"
  section .backup_sram                in "P5"
  section .ccram                      in "P3"


  Section            Kind         Address     Size  Object
  -------            ----         -------     ----  ------
"A0":                                        0x188
  .intvec            ro code   0x800'0000    0x188  startup_stm32f407xx.o [1]
                             - 0x800'0188    0x188

"P1":                                      0x4a138
  .rodata            const     0x800'0188  0x3a980  map.o [1]
  .text              ro code   0x803'ab08    0xf80  dlmalloc.o [3]
  .text              ro code   0x803'ba88      0x6  abort.o [3]
  .text              ro code   0x803'ba8e     0x3a  zero_init3.o [5]
  .text              ro code   0x803'bac8     0x2c  xgetmemchunk.o [3]
  .text              ro code   0x803'baf4     0x14  exit.o [6]
  .text              ro code   0x803'bb08    0xf7a  xprintffull.o [3]
  .text              ro code   0x803'ca82     0x1e  xencoding_8859_1.o [3]
  .text              ro code   0x803'caa0     0x78  xlocale_c.o [3]
  .text              ro code   0x803'cb18     0x16  strchr.o [5]
  .text              ro code   0x803'cb2e     0x1a  xsnprout.o [3]
  .text              ro code   0x803'cb48     0x40  xfail_s.o [3]
  .text              ro code   0x803'cb88     0x36  strlen.o [5]
  .text              ro code   0x803'cbc0     0x58  memchr.o [5]
  .text              ro code   0x803'cc18      0xa  xmbcurmax.o [3]
  .text              ro code   0x803'cc24     0xa6  ABImemcpy.o [5]
  .text              ro code   0x803'cccc    0x230  I64DivMod.o [5]
  .text              ro code   0x803'cefc    0x1a2  DblMul.o [4]
  .text              ro code   0x803'd0a0     0x70  frexp.o [4]
  .text              ro code   0x803'd110     0x2e  DblCmpLe.o [4]
  .text              ro code   0x803'd140     0x2e  DblCmpGe.o [4]
  .text              ro code   0x803'd170    0x13a  ldexp.o [4]
  .text              ro code   0x803'd2ac     0x3a  DblToS32.o [4]
  .text              ro code   0x803'd2e8     0x22  S32ToDbl.o [4]
  .text              ro code   0x803'd30c     0xe2  DblSub.o [4]
  .text              ro code   0x803'd3f0    0x246  DblDiv.o [4]
  .text              ro code   0x803'd638     0x28  DblToU32.o [4]
  .text              ro code   0x803'd660     0x1a  U32ToDbl.o [4]
  .text              ro code   0x803'd67c      0x2  I64DivZer.o [5]
  .text              ro code   0x803'd680    0x16a  DblAdd.o [4]
  .rodata            const     0x803'd7ec    0xca0  F8x16.o [2]
  .text              ro code   0x803'e48c    0xb84  GUI_Frame.o [1]
  .text              ro code   0x803'f010     0xec  GUI_DrawBitmap.o [2]
  .text              ro code   0x803'f0fc      0x8  GUI_SetColor.o [2]
  .text              ro code   0x803'f104     0x10  GUI_Pen.o [2]
  .text              ro code   0x803'f114    0x4d8  GUI_DrawLine.o [2]
  .text              ro code   0x803'f5ec     0x78  GUI_Val.o [2]
  .text              ro code   0x803'f664     0x14  GUI_SetFont.o [2]
  .text              ro code   0x803'f678     0x14  GUI_SetTextMode.o [2]
  .text              ro code   0x803'f68c     0x4c  GUI_DrawHLine.o [2]
  .text              ro code   0x803'f6d8     0x44  GUI_DrawVLine.o [2]
  .text              ro code   0x803'f71c    0x188  GUI_DispStringInRect.o [2]
  .text              ro code   0x803'f8a4    0x1a4  GUI_Core.o [2]
  .text              ro code   0x803'fa48      0xe  GUI_DispStringAtCEOL.o [2]
  .text              ro code   0x803'fa58     0x10  GUI_DispStringAt.o [2]
  .text              ro code   0x803'fa68     0x48  GUI_DrawPoint.o [2]
  .text              ro code   0x803'fab0     0xf0  GUI_Valf.o [2]
  .text              ro code   0x803'fba0    0x780  ILI93xx.o [1]
  .text              ro code   0x804'0320     0x10  GUI_Goto.o [2]
  .text              ro code   0x804'0330      0x4  GUI_SetDrawMode.o [2]
  .text              ro code   0x804'0334    0x4bc  LCD.o [2]
  .text              ro code   0x804'07f0    0xb14  WM.o [2]
  .text              ro code   0x804'1304    0x1ec  GUI_FillPolygon.o [2]
  .text              ro code   0x804'14f0    0x100  GUI_AddDecShift.o [2]
  .text              ro code   0x804'15f0     0xfc  GUI_DispString.o [2]
  .text              ro code   0x804'16ec     0x1c  GUI_AddDecMin.o [2]
  .text              ro code   0x804'1708     0x54  GUI_Char.o [2]
  .text              ro code   0x804'175c      0xa  GUI_GetClientRect.o [2]
  .text              ro code   0x804'1768    0x1b4  GUI_CharLine.o [2]
  .text              ro code   0x804'191c     0x4c  GUI_UC.o [2]
  .text              ro code   0x804'1968     0x16  GUI__HandleEOLine.o [2]
  .text              ro code   0x804'1980     0x18  WM_SetUserClipRect.o [2]
  .text              ro code   0x804'1998     0x62  GUI__IntersectRects.o [2]
  .text              ro code   0x804'19fa     0x54  GUI__memset.o [2]
  .text              ro code   0x804'1a50     0x24  GUIConf.o [1]
  .text              ro code   0x804'1a74     0x48  LCDConf_FlexColor_Template.o [1]
  .text              ro code   0x804'1abc      0x2  GUI_X.o [1]
  .text              ro code   0x804'1ac0     0x18  WM_GetDesktopWindow.o [2]
  .text              ro code   0x804'1ad8     0x30  GUI_SetOrg.o [2]
  .text              ro code   0x804'1b08     0x2c  GUI_DispCEOL.o [2]
  .text              ro code   0x804'1b34     0xb4  GUI_Circ.o [2]
  .text              ro code   0x804'1be8     0x66  ceil.o [4]
  .text              ro code   0x804'1c50     0x68  floor.o [4]
  .text              ro code   0x804'1cb8     0x68  DblToFlt.o [4]
  .text              ro code   0x804'1d20     0x48  FltToDbl.o [4]
  .text              ro code   0x804'1d68    0x25c  stm32f4xx_hal_gpio.o [1]
  .text              ro code   0x804'1fc4     0x5c  stm32f4xx_hal_sram.o [1]
  .text              ro code   0x804'2020     0x28  stm32f4xx_hal.o [1]
  .text              ro code   0x804'2048     0xf8  LCD_Color.o [2]
  .text              ro code   0x804'2140    0x12c  GUI_Device.o [2]
  .text              ro code   0x804'226c     0x24  GUI_SelectLayer.o [2]
  .text              ro code   0x804'2290     0x30  LCD_SetClipRectEx.o [2]
  .text              ro code   0x804'22c0    0x668  GUI_Alloc.o [2]
  .text              ro code   0x804'2928     0x40  GUI__IntersectRect.o [2]
  .text              ro code   0x804'2968     0x58  GUI_MergeRect.o [2]
  .text              ro code   0x804'29c0     0x10  GUI_WaitEvent.o [2]
  .text              ro code   0x804'29d0     0x1c  GUI_MoveRect.o [2]
  .text              ro code   0x804'29ec     0x44  GUIDEV.o [2]
  .text              ro code   0x804'2a30      0xe  WM_GetFirstChild.o [2]
  .text              ro code   0x804'2a3e     0x38  GUI_RectsIntersect.o [2]
  .text              ro code   0x804'2a78     0x40  WM__SendMessage.o [2]
  .text              ro code   0x804'2ab8     0x24  GUI_ALLOC_AllocZero.o [2]
  .text              ro code   0x804'2adc     0x82  WM_BringToBottom.o [2]
  .text              ro code   0x804'2b60     0x10  GUI_OnKey.o [2]
  .text              ro code   0x804'2b70     0x40  WM_GetClientRect.o [2]
  .text              ro code   0x804'2bb0     0x1c  WM_SendToParent.o [2]
  .text              ro code   0x804'2bcc     0x10  WM_CriticalHandle.o [2]
  .text              ro code   0x804'2bdc     0xb0  GUI__ManageCache.o [2]
  .text              ro code   0x804'2c8c     0x86  LCD_Set.o [2]
  .text              ro code   0x804'2d14    0x200  gpio.o [1]
  .text              ro code   0x804'2f14    0x178  fsmc.o [1]
  .text              ro code   0x804'308c     0xe4  stm32f4xx_ll_fsmc.o [1]
  .text              ro code   0x804'3170      0xc  stm32f4xx_hal.o [1]
  .text              ro code   0x804'317c     0x1a  LCD_GetNumDisplays.o [2]
  .text              ro code   0x804'3198     0xee  LCD_GetEx.o [2]
  .text              ro code   0x804'3286     0x12  GUI_SelectLCD.o [2]
  .text              ro code   0x804'3298     0x96  ABImemmove.o [5]
  .text              ro code   0x804'3330      0x6  ABImemclr.o [5]
  .text              ro code   0x804'3338     0x22  GUIDEV_Usage.o [2]
  .text              ro code   0x804'335a     0x22  WM__GetPrevSibling.o [2]
  .text              ro code   0x804'337c      0xe  WM_GetParent.o [2]
  .text              ro code   0x804'338c      0x6  ABImemclr4.o [5]
  .text              ro code   0x804'3394    0x12c  stm32f4xx_hal_cortex.o [1]
  .text              ro code   0x804'34c0    0x29c  nrf24l01.o [1]
  .text              ro code   0x804'375c    0x1f8  main.o [1]
  .text              ro code   0x804'3954     0x44  LCD_SelectLCD.o [2]
  .text              ro code   0x804'3998     0x24  LCD_UpdateColorIndices.o [2]
  .text              ro code   0x804'39bc     0x66  ABImemset.o [5]
  .text              ro code   0x804'3a22     0x10  WM__GetFirstSibling.o [2]
  .text              ro code   0x804'3a34     0x32  ABImemset48.o [5]
  .text              ro code   0x804'3a68    0x744  stm32f4xx_hal_spi.o [1]
  .text              ro code   0x804'41ac     0x34  stm32f4xx_hal.o [1]
  .text              ro code   0x804'41e0     0x50  dma.o [1]
  .text              ro code   0x804'4230     0xf4  can.o [1]
  .text              ro code   0x804'4324     0x48  crc.o [1]
  .text              ro code   0x804'436c    0x14c  usart.o [1]
  .text              ro code   0x804'44b8    0x140  adc.o [1]
  .text              ro code   0x804'45f8    0x17c  tim.o [1]
  .text              ro code   0x804'4774     0xc0  spi.o [1]
  .text              ro code   0x804'4834     0x7c  simplelib.o [1]
  .text              ro code   0x804'48b0    0x5b6  stm32f4xx_hal_tim.o [1]
  .text              ro code   0x804'4e68    0x6da  stm32f4xx_hal_adc.o [1]
  .text              ro code   0x804'5544     0xb8  ledpwm.o [1]
  .text              ro code   0x804'55fc     0x84  Lcd_Top.o [1]
  .text              ro code   0x804'5680    0x36c  stm32f4xx_hal_rcc.o [1]
  .text              ro code   0x804'59ec    0x204  stm32f4xx_hal_rcc.o [1]
  .text              ro code   0x804'5bf0     0x18  stm32f4xx_hal.o [1]
  .text              ro code   0x804'5c08     0x4c  stm32f4xx_hal.o [1]
  .text              ro code   0x804'5c54     0x40  stm32f4xx_hal_msp.o [1]
  .text              ro code   0x804'5c94    0x6a0  stm32f4xx_hal_can.o [1]
  .text              ro code   0x804'6334     0x28  stm32f4xx_hal_crc.o [1]
  .text              ro code   0x804'635c    0x8d0  stm32f4xx_hal_uart.o [1]
  .text              ro code   0x804'6c2c    0x520  stm32f4xx_hal_dma.o [1]
  .text              ro code   0x804'714c     0x4c  stm32f4xx_hal_tim_ex.o [1]
  .text              ro code   0x804'7198    0x2bc  cmd.o [1]
  .text              ro code   0x804'7454    0x19c  can_utils.o [1]
  .text              ro code   0x804'75f0     0x28  cmd_func.o [1]
  .text              ro code   0x804'7618     0x20  can_func.o [1]
  .text              ro code   0x804'7638      0x2  stm32f4xx_hal_tim.o [1]
  .text              ro code   0x804'763a      0x2  stm32f4xx_hal_adc.o [1]
  .text              ro code   0x804'763c      0x2  stm32f4xx_hal_adc_ex.o [1]
  .text              ro code   0x804'763e      0x2  stm32f4xx_hal_adc.o [1]
  .text              ro code   0x804'7640      0x2  stm32f4xx_hal_adc.o [1]
  .text              ro code   0x804'7642      0x2  stm32f4xx_hal_adc.o [1]
  .text              ro code   0x804'7644      0x2  stm32f4xx_hal_can.o [1]
  .text              ro code   0x804'7646      0x2  stm32f4xx_hal_can.o [1]
  .text              ro code   0x804'7648      0x2  stm32f4xx_hal_can.o [1]
  .text              ro code   0x804'764a      0x2  stm32f4xx_hal_can.o [1]
  .text              ro code   0x804'764c      0x2  stm32f4xx_hal_can.o [1]
  .text              ro code   0x804'764e      0x2  stm32f4xx_hal_can.o [1]
  .text              ro code   0x804'7650      0x2  stm32f4xx_hal_can.o [1]
  .text              ro code   0x804'7652      0x2  stm32f4xx_hal_can.o [1]
  .text              ro code   0x804'7654      0x2  stm32f4xx_hal_can.o [1]
  .text              ro code   0x804'7656      0x2  stm32f4xx_hal_can.o [1]
  .text              ro code   0x804'7658      0x2  stm32f4xx_hal_can.o [1]
  .text              ro code   0x804'765a      0x2  stm32f4xx_hal_uart.o [1]
  .text              ro code   0x804'765c      0x2  stm32f4xx_hal_uart.o [1]
  .text              ro code   0x804'765e      0x2  stm32f4xx_hal_uart.o [1]
  .text              ro code   0x804'7660      0x2  stm32f4xx_hal_uart.o [1]
  .text              ro code   0x804'7664    0x210  hash.o [1]
  .text              ro code   0x804'7874     0x4c  strcpy.o [5]
  .text              ro code   0x804'78c0     0x4c  strtok.o [3]
  .text              ro code   0x804'790c     0x3c  vsnprint.o [3]
  .text              ro code   0x804'7948     0x4a  strcmp.o [5]
  .text              ro code   0x804'7994     0x24  ABIassert.o [6]
  .text              ro code   0x804'79b8     0x22  strspn.o [3]
  .text              ro code   0x804'79da     0x22  strcspn.o [3]
  .text              ro code   0x804'79fc    0x8ac  GUIDRV_Template.o [1]
  .rodata            const     0x804'82a8    0x718  F6x8.o [2]
  .rodata            const     0x804'89c0    0x620  F08_ASCII.o [2]
  .text              ro code   0x804'8fe0    0x22c  LCD_NextPixelAPI.o [2]
  .text              ro code   0x804'920c    0x1bc  GUI__DrawBitmap16bpp.o [2]
  .text              ro code   0x804'93c8     0x16  GUI_GetColor.o [2]
  .text              ro code   0x804'93e0     0x18  LCD_GetColorIndex.o [2]
  .text              ro code   0x804'93f8    0x174  GUI_CharM.o [2]
  .text              ro code   0x804'956c    0x12c  GUI_CharP.o [2]
  .rodata            const     0x804'9698    0x100  GUI__DivTbl_255_31.o [2]
  .rodata            const     0x804'9798    0x100  GUI__DivTbl_255_63.o [2]
  .rodata            const     0x804'9898    0x100  LCD_Mirror.o [2]
  .text              ro code   0x804'9998     0xc8  stm32f4xx_it.o [1]
  .text              ro code   0x804'9a60     0xc0  GUICC_M565.o [2]
  .text              ro code   0x804'9b20     0xc0  GUICC_0.o [2]
  .text              ro code   0x804'9be0     0x3e  GUI_CalcColorDist.o [2]
  .text              ro code   0x804'9c20     0x60  system_stm32f4xx.o [1]
  .rodata            const     0x804'9c80     0x40  GUI__DivTbl_63_255.o [2]
  .rodata            const     0x804'9cc0     0x34  GUIDRV_Template.o [1]
  .rodata            const     0x804'9cf4     0x34  hash.o [1]
  .text              ro code   0x804'9d28     0x2c  GUI_DrawBitmap_565.o [2]
  .text              ro code   0x804'9d54     0x2c  GUICC_M565_Index2Color.o [2]
  .text              ro code   0x804'9d80     0x2c  GUICC_565_Index2Color.o [2]
  .text              ro code   0x804'9dac     0x2c  copy_init3.o [5]
  .text              ro code   0x804'9dd8     0x28  data_init.o [5]
  .text              ro code   0x804'9e00     0x24  GUI_UC_EncodeNone.o [2]
  .text              ro code   0x804'9e24     0x22  fpinit_M.o [4]
  .iar.init_table    const     0x804'9e48     0x24  - Linker created -
  .rodata            const     0x804'9e6c     0x20  hash.o [1]
  .rodata            const     0x804'9e8c     0x20  GUI__DivTbl_31_255.o [2]
  .text              ro code   0x804'9eac     0x1e  cmain.o [5]
  .text              ro code   0x804'9eca      0x4  low_level_init.o [3]
  .text              ro code   0x804'9ece      0x4  exit.o [3]
  .text              ro code   0x804'9ed4      0xa  cexit.o [5]
  .rodata            const     0x804'9ee0     0x18  simplelib.o [1]
  .rodata            const     0x804'9ef8     0x18  GUICC_M565.o [2]
  .rodata            const     0x804'9f10     0x18  GUICC_0.o [2]
  .rodata            const     0x804'9f28     0x14  map.o [1]
  .rodata            const     0x804'9f3c     0x10  cmd.o [1]
  .rodata            const     0x804'9f4c     0x10  cmd.o [1]
  .rodata            const     0x804'9f5c     0x10  cmd_func.o [1]
  .rodata            const     0x804'9f6c     0x10  system_stm32f4xx.o [1]
  .text              ro code   0x804'9f7c     0x10  startup_stm32f407xx.o [1]
  .rodata            const     0x804'9f8c      0xc  cmd.o [1]
  .rodata            const     0x804'9f98      0xc  hash.o [1]
  .rodata            const     0x804'9fa4      0xc  GUI_DrawBitmap_565.o [2]
  .rodata            const     0x804'9fb0      0xc  LCD.o [2]
  .text              ro code   0x804'9fbc      0xc  cstartup_M.o [5]
  .rodata            const     0x804'9fc8      0x8  cmd.o [1]
  .rodata            const     0x804'9fd0      0x8  cmd.o [1]
  .rodata            const     0x804'9fd8      0x8  cmd.o [1]
  .rodata            const     0x804'9fe0      0x8  cmd_func.o [1]
  .rodata            const     0x804'9fe8      0x8  cmd_func.o [1]
  .rodata            const     0x804'9ff0      0x8  GUI_Frame.o [1]
  .rodata            const     0x804'9ff8      0x8  GUI_Frame.o [1]
  .rodata            const     0x804'a000      0x8  GUI_Frame.o [1]
  .rodata            const     0x804'a008      0x8  GUI_Frame.o [1]
  .rodata            const     0x804'a010      0x8  GUI_Frame.o [1]
  .rodata            const     0x804'a018      0x8  GUI_Frame.o [1]
  .rodata            const     0x804'a020      0x8  GUI_Frame.o [1]
  .rodata            const     0x804'a028      0x8  GUI_Frame.o [1]
  .rodata            const     0x804'a030      0x8  GUIDRV_Template.o [1]
  .rodata            const     0x804'a038      0x8  GUIDRV_Template.o [1]
  .rodata            const     0x804'a040      0x8  GUIDRV_Template.o [1]
  .rodata            const     0x804'a048      0x8  hash.o [1]
  .rodata            const     0x804'a050      0x8  stm32f4xx_hal_dma.o [1]
  .rodata            const     0x804'a058      0x8  system_stm32f4xx.o [1]
  .rodata            const     0x804'a060      0x8  tim.o [1]
  .rodata            const     0x804'a068      0x6  xlocale_c.o [3]
  .rodata            const     0x804'a070      0x4  GUIDRV_Template.o [1]
  .text              ro code   0x804'a074      0x4  startup_stm32f407xx.o [1]
  .text              ro code   0x804'a078      0x4  startup_stm32f407xx.o [1]
  .text              ro code   0x804'a07c      0x4  startup_stm32f407xx.o [1]
  .text              ro code   0x804'a080      0x4  startup_stm32f407xx.o [1]
  .text              ro code   0x804'a084      0x4  startup_stm32f407xx.o [1]
  .text              ro code   0x804'a088      0x4  startup_stm32f407xx.o [1]
  .text              ro code   0x804'a08c      0x4  startup_stm32f407xx.o [1]
  .text              ro code   0x804'a090      0x4  startup_stm32f407xx.o [1]
  .text              ro code   0x804'a094      0x4  startup_stm32f407xx.o [1]
  .text              ro code   0x804'a098      0x4  startup_stm32f407xx.o [1]
  .text              ro code   0x804'a09c      0x4  startup_stm32f407xx.o [1]
  .text              ro code   0x804'a0a0      0x4  startup_stm32f407xx.o [1]
  .text              ro code   0x804'a0a4      0x4  startup_stm32f407xx.o [1]
  .text              ro code   0x804'a0a8      0x4  startup_stm32f407xx.o [1]
  .text              ro code   0x804'a0ac      0x4  startup_stm32f407xx.o [1]
  .text              ro code   0x804'a0b0      0x4  startup_stm32f407xx.o [1]
  .text              ro code   0x804'a0b4      0x4  startup_stm32f407xx.o [1]
  .text              ro code   0x804'a0b8      0x4  startup_stm32f407xx.o [1]
  .text              ro code   0x804'a0bc      0x4  startup_stm32f407xx.o [1]
  .text              ro code   0x804'a0c0      0x4  startup_stm32f407xx.o [1]
  .text              ro code   0x804'a0c4      0x4  startup_stm32f407xx.o [1]
  .text              ro code   0x804'a0c8      0x4  startup_stm32f407xx.o [1]
  .text              ro code   0x804'a0cc      0x4  startup_stm32f407xx.o [1]
  .text              ro code   0x804'a0d0      0x4  startup_stm32f407xx.o [1]
  .text              ro code   0x804'a0d4      0x4  startup_stm32f407xx.o [1]
  .text              ro code   0x804'a0d8      0x4  startup_stm32f407xx.o [1]
  .text              ro code   0x804'a0dc      0x4  startup_stm32f407xx.o [1]
  .text              ro code   0x804'a0e0      0x4  startup_stm32f407xx.o [1]
  .text              ro code   0x804'a0e4      0x4  startup_stm32f407xx.o [1]
  .text              ro code   0x804'a0e8      0x4  startup_stm32f407xx.o [1]
  .text              ro code   0x804'a0ec      0x4  startup_stm32f407xx.o [1]
  .text              ro code   0x804'a0f0      0x4  startup_stm32f407xx.o [1]
  .text              ro code   0x804'a0f4      0x4  startup_stm32f407xx.o [1]
  .text              ro code   0x804'a0f8      0x4  startup_stm32f407xx.o [1]
  .text              ro code   0x804'a0fc      0x4  startup_stm32f407xx.o [1]
  .text              ro code   0x804'a100      0x4  startup_stm32f407xx.o [1]
  .text              ro code   0x804'a104      0x4  startup_stm32f407xx.o [1]
  .text              ro code   0x804'a108      0x4  startup_stm32f407xx.o [1]
  .text              ro code   0x804'a10c      0x4  startup_stm32f407xx.o [1]
  .text              ro code   0x804'a110      0x4  startup_stm32f407xx.o [1]
  .text              ro code   0x804'a114      0x4  startup_stm32f407xx.o [1]
  .text              ro code   0x804'a118      0x4  startup_stm32f407xx.o [1]
  .text              ro code   0x804'a11c      0x4  startup_stm32f407xx.o [1]
  .text              ro code   0x804'a120      0x4  startup_stm32f407xx.o [1]
  .text              ro code   0x804'a124      0x4  startup_stm32f407xx.o [1]
  .text              ro code   0x804'a128      0x4  startup_stm32f407xx.o [1]
  .text              ro code   0x804'a12c      0x4  startup_stm32f407xx.o [1]
  .text              ro code   0x804'a130      0x4  startup_stm32f407xx.o [1]
  .text              ro code   0x804'a134      0x4  startup_stm32f407xx.o [1]
  .text              ro code   0x804'a138      0x4  startup_stm32f407xx.o [1]
  .text              ro code   0x804'a13c      0x4  startup_stm32f407xx.o [1]
  .text              ro code   0x804'a140      0x4  startup_stm32f407xx.o [1]
  .text              ro code   0x804'a144      0x4  startup_stm32f407xx.o [1]
  .text              ro code   0x804'a148      0x4  startup_stm32f407xx.o [1]
  .text              ro code   0x804'a14c      0x4  startup_stm32f407xx.o [1]
  .text              ro code   0x804'a150      0x4  startup_stm32f407xx.o [1]
  .text              ro code   0x804'a154      0x4  startup_stm32f407xx.o [1]
  .text              ro code   0x804'a158      0x4  startup_stm32f407xx.o [1]
  .text              ro code   0x804'a15c      0x4  startup_stm32f407xx.o [1]
  .text              ro code   0x804'a160      0x4  startup_stm32f407xx.o [1]
  .text              ro code   0x804'a164      0x4  startup_stm32f407xx.o [1]
  .text              ro code   0x804'a168      0x4  startup_stm32f407xx.o [1]
  .text              ro code   0x804'a16c      0x4  startup_stm32f407xx.o [1]
  .text              ro code   0x804'a170      0x4  startup_stm32f407xx.o [1]
  .text              ro code   0x804'a174      0x4  startup_stm32f407xx.o [1]
  .text              ro code   0x804'a178      0x4  startup_stm32f407xx.o [1]
  .text              ro code   0x804'a17c      0x4  startup_stm32f407xx.o [1]
  .text              ro code   0x804'a180      0x4  startup_stm32f407xx.o [1]
  .text              ro code   0x804'a184      0x4  startup_stm32f407xx.o [1]
  .rodata            const     0x804'a188      0x0  zero_init3.o [5]
  .rodata            const     0x804'a188      0x0  copy_init3.o [5]
  Initializer bytes  const     0x804'a188    0x138  <for P4 s0>
                             - 0x804'a2c0  0x4a138

"P3":                                       0x2000
  CSTACK                      0x1000'0000   0x2000  <Block>
    CSTACK           uninit   0x1000'0000   0x2000  <Block tail>
                            - 0x1000'2000   0x2000

"P4", part 1 of 3:                           0x138
  P4 s0                       0x2000'0000    0x138  <Init block>
    .data            inited   0x2000'0000     0x48  xlocale_c.o [3]
    .data            inited   0x2000'0048     0x38  xlocale_c.o [3]
    .data            inited   0x2000'0080     0x18  cmd.o [1]
    .data            inited   0x2000'0098     0x10  nrf24l01.o [1]
    .data            inited   0x2000'00a8     0x10  GUI_Core.o [2]
    .data            inited   0x2000'00b8     0x10  LCD_Color.o [2]
    .data            inited   0x2000'00c8     0x10  LCD_NextPixelAPI.o [2]
    .data            inited   0x2000'00d8      0xc  GUI_OnKey.o [2]
    .data            inited   0x2000'00e4      0x8  GUI_Frame.o [1]
    .data            inited   0x2000'00ec      0x8  GUI_Frame.o [1]
    .data            inited   0x2000'00f4      0x8  GUI_Frame.o [1]
    .data            inited   0x2000'00fc      0x8  GUI_Frame.o [1]
    .data            inited   0x2000'0104      0x8  GUI_Frame.o [1]
    .data            inited   0x2000'010c      0x8  GUI_Frame.o [1]
    .data            inited   0x2000'0114      0x4  cmd.o [1]
    .data            inited   0x2000'0118      0x4  Lcd_Top.o [1]
    .data            inited   0x2000'011c      0x4  Lcd_Top.o [1]
    .data            inited   0x2000'0120      0x4  stm32f4xx_hal.o [1]
    .data            inited   0x2000'0124      0x4  system_stm32f4xx.o [1]
    .data            inited   0x2000'0128      0x4  GUI_Core.o [2]
    .data            inited   0x2000'012c      0x4  LCD.o [2]
    .data            inited   0x2000'0130      0x4  GUI_CharLine.o [2]
    .data            inited   0x2000'0134      0x1  GUI_Frame.o [1]
    .data            inited   0x2000'0135      0x1  GUI_Frame.o [1]
    .data            inited   0x2000'0136      0x1  stm32f4xx_hal.o [1]
                            - 0x2000'0138    0x138

"P4", part 2 of 3:                         0x14ae8
  .bss               zero     0x2000'0138  0x14000  GUIConf.o [1]
  .bss               zero     0x2001'4138    0x1d8  dlmalloc.o [3]
  .bss               zero     0x2001'4310     0xbc  GUI_Alloc.o [2]
  .bss               zero     0x2001'43cc     0x80  GUI_Core.o [2]
  .bss               zero     0x2001'444c     0x70  WM.o [2]
  .bss               zero     0x2001'44bc     0x68  cmd.o [1]
  .bss               zero     0x2001'4524     0x64  cmd.o [1]
  .bss               zero     0x2001'4588     0x64  cmd.o [1]
  .bss               zero     0x2001'45ec     0x60  adc.o [1]
  .bss               zero     0x2001'464c     0x60  usart.o [1]
  .bss               zero     0x2001'46ac     0x60  usart.o [1]
  .bss               zero     0x2001'470c     0x58  spi.o [1]
  .bss               zero     0x2001'4764     0x58  GUI_OnKey.o [2]
  .bss               zero     0x2001'47bc     0x50  fsmc.o [1]
  .bss               zero     0x2001'480c     0x50  ILI93xx.o [1]
  .bss               zero     0x2001'485c     0x48  adc.o [1]
  .bss               zero     0x2001'48a4     0x40  cmd.o [1]
  .bss               zero     0x2001'48e4     0x40  tim.o [1]
  .bss               zero     0x2001'4924     0x40  usart.o [1]
  .bss               zero     0x2001'4964     0x40  WM_Touch.o [2]
  .bss               zero     0x2001'49a4     0x30  cmd.o [1]
  .bss               zero     0x2001'49d4     0x30  LCD_NextPixelAPI.o [2]
  .bss               zero     0x2001'4a04     0x28  can.o [1]
  .bss               zero     0x2001'4a2c     0x28  can_utils.o [1]
  .bss               zero     0x2001'4a54     0x28  main.o [1]
  .bss               zero     0x2001'4a7c     0x24  nrf24l01.o [1]
  .bss               zero     0x2001'4aa0     0x20  main.o [1]
  .bss               zero     0x2001'4ac0     0x20  nrf24l01.o [1]
  .bss               zero     0x2001'4ae0     0x1c  can_utils.o [1]
  .bss               zero     0x2001'4afc     0x1c  GUI_FillPolygon.o [2]
  .bss               zero     0x2001'4b18     0x18  can_utils.o [1]
  .bss               zero     0x2001'4b30     0x18  dlmalloc.o [3]
  .bss               zero     0x2001'4b48     0x14  GUI_Alloc.o [2]
  .bss               zero     0x2001'4b5c     0x10  ILI93xx.o [1]
  .bss               zero     0x2001'4b6c     0x10  WM_Touch.o [2]
  .bss               zero     0x2001'4b7c      0xc  GUI_Core.o [2]
  .bss               zero     0x2001'4b88      0x8  can_utils.o [1]
  .bss               zero     0x2001'4b90      0x8  can_utils.o [1]
  .bss               zero     0x2001'4b98      0x8  crc.o [1]
  .bss               zero     0x2001'4ba0      0x8  GUICC_M565.o [2]
  .bss               zero     0x2001'4ba8      0x8  GUI__ManageCache.o [2]
  .bss               zero     0x2001'4bb0      0x4  can_utils.o [1]
  .bss               zero     0x2001'4bb4      0x4  can_utils.o [1]
  .bss               zero     0x2001'4bb8      0x4  can_utils.o [1]
  .bss               zero     0x2001'4bbc      0x4  can_utils.o [1]
  .bss               zero     0x2001'4bc0      0x4  cmd.o [1]
  .bss               zero     0x2001'4bc4      0x4  cmd.o [1]
  .bss               zero     0x2001'4bc8      0x4  cmd.o [1]
  .bss               zero     0x2001'4bcc      0x4  flags.o [1]
  .bss               zero     0x2001'4bd0      0x4  fsmc.o [1]
  .bss               zero     0x2001'4bd4      0x4  GUI_Frame.o [1]
  .bss               zero     0x2001'4bd8      0x4  GUI_Frame.o [1]
  .bss               zero     0x2001'4bdc      0x4  GUI_Frame.o [1]
  .bss               zero     0x2001'4be0      0x4  GUI_Frame.o [1]
  .bss               zero     0x2001'4be4      0x4  GUI_Frame.o [1]
  .bss               zero     0x2001'4be8      0x4  Lcd_Top.o [1]
  .bss               zero     0x2001'4bec      0x4  main.o [1]
  .bss               zero     0x2001'4bf0      0x4  stm32f4xx_hal.o [1]
  .bss               zero     0x2001'4bf4      0x4  GUI_Core.o [2]
  .bss               zero     0x2001'4bf8      0x4  GUI_Core.o [2]
  .bss               zero     0x2001'4bfc      0x4  GUI_Core.o [2]
  .bss               zero     0x2001'4c00      0x4  GUI_WaitEvent.o [2]
  .bss               zero     0x2001'4c04      0x4  WM__SendMessage.o [2]
  .bss               zero     0x2001'4c08      0x4  strtok.o [3]
  .bss               zero     0x2001'4c0c      0x4  xfail_s.o [3]
  .bss               zero     0x2001'4c10      0x4  xgetmemchunk.o [3]
  .bss               zero     0x2001'4c14      0x2  GUI_Core.o [2]
  .bss               zero     0x2001'4c16      0x2  GUI_Core.o [2]
  .bss               zero     0x2001'4c18      0x1  GUI_Frame.o [1]
  .bss               zero     0x2001'4c19      0x1  GUI_Frame.o [1]
  .bss               zero     0x2001'4c1a      0x1  nrf24l01.o [1]
  .bss               zero     0x2001'4c1b      0x1  nrf24l01.o [1]
  .bss               zero     0x2001'4c1c      0x1  nrf24l01.o [1]
  .bss               zero     0x2001'4c1d      0x1  nrf24l01.o [1]
  .bss               zero     0x2001'4c1e      0x1  nrf24l01.o [1]
                            - 0x2001'4c1f  0x14ae7

"P4", part 3 of 3:                          0x2000
  HEAP                        0x2001'4c20   0x2000  <Block>
    HEAP             uninit   0x2001'4c20   0x2000  <Block tail>
                            - 0x2001'6c20   0x2000

Unused ranges:

         From           To      Size
         ----           --      ----
   0x804'a2c0   0x80f'ffff  0xb'5d40
  0x1000'2000  0x1000'ffff    0xe000
  0x2001'6c20  0x2001'bfff    0x53e0
  0x2001'c000  0x2001'ffff    0x4000


*******************************************************************************
*** INIT TABLE
***

          Address      Size
          -------      ----
Zero (__iar_zero_init3)
    1 destination range, total size 0x14ae7:
          0x2000'0138  0x14ae7

Copy (__iar_copy_init3)
    1 source range, total size 0x138 (100% of destination):
           0x804'a188    0x138
    1 destination range, total size 0x137:
          0x2000'0000    0x137



*******************************************************************************
*** MODULE SUMMARY
***

    Module                        ro code  ro data  rw data
    ------                        -------  -------  -------
command line/config:
    -------------------------------------------------------
    Total:

E:\Robocon_Value\DisplayLCD\EWARM\DisplayLCD\Obj: [1]
    GUIConf.o                          36            81 920
    GUIDRV_Template.o               2 220       80
    GUI_Frame.o                     2 948      114       72
    GUI_X.o                             2
    ILI93xx.o                       1 920                96
    LCDConf_FlexColor_Template.o       72
    Lcd_Top.o                         132        8       12
    adc.o                             320               168
    can.o                             244                40
    can_func.o                         32
    can_utils.o                       412               124
    cmd.o                             700       96      456
    cmd_func.o                         40       32
    crc.o                              72                 8
    dma.o                              80
    flags.o                                               4
    fsmc.o                            376                84
    gpio.o                            512
    hash.o                            528      104
    ledpwm.o                          184
    main.o                            504                76
    map.o                                  240 020
    nrf24l01.o                        668       16       89
    simplelib.o                       124       24
    spi.o                             192                88
    startup_stm32f407xx.o             684
    stm32f4xx_hal.o                   204        5        9
    stm32f4xx_hal_adc.o             1 762
    stm32f4xx_hal_adc_ex.o              2
    stm32f4xx_hal_can.o             1 718
    stm32f4xx_hal_cortex.o            300
    stm32f4xx_hal_crc.o                40
    stm32f4xx_hal_dma.o             1 312        8
    stm32f4xx_hal_gpio.o              604
    stm32f4xx_hal_msp.o                64
    stm32f4xx_hal_rcc.o             1 392
    stm32f4xx_hal_spi.o             1 860
    stm32f4xx_hal_sram.o               92
    stm32f4xx_hal_tim.o             1 464
    stm32f4xx_hal_tim_ex.o             76
    stm32f4xx_hal_uart.o            2 264
    stm32f4xx_it.o                    200
    stm32f4xx_ll_fsmc.o               228
    system_stm32f4xx.o                 96       28        4
    tim.o                             380        8       64
    usart.o                           332               256
    -------------------------------------------------------
    Total:                         27 392  240 543   83 570

STemWin522_CM4_IAR.a: [2]
    F08_ASCII.o                              1 568
    F6x8.o                                   1 816
    F8x16.o                                  3 232
    GUICC_0.o                         192       24
    GUICC_565_Index2Color.o            44
    GUICC_M565.o                      192       24        8
    GUICC_M565_Index2Color.o           44
    GUIDEV.o                           68
    GUIDEV_Usage.o                     34
    GUI_ALLOC_AllocZero.o              36
    GUI_AddDecMin.o                    28
    GUI_AddDecShift.o                 256
    GUI_Alloc.o                     1 640               208
    GUI_CalcColorDist.o                62
    GUI_Char.o                         84
    GUI_CharLine.o                    436        4        4
    GUI_CharM.o                       372
    GUI_CharP.o                       300
    GUI_Circ.o                        180
    GUI_Core.o                        420       20      176
    GUI_Device.o                      300
    GUI_DispCEOL.o                     44
    GUI_DispString.o                  252
    GUI_DispStringAt.o                 16
    GUI_DispStringAtCEOL.o             14
    GUI_DispStringInRect.o            392
    GUI_DrawBitmap.o                  236
    GUI_DrawBitmap_565.o               44       12
    GUI_DrawHLine.o                    76
    GUI_DrawLine.o                  1 240
    GUI_DrawPoint.o                    72
    GUI_DrawVLine.o                    68
    GUI_FillPolygon.o                 492                28
    GUI_GetClientRect.o                10
    GUI_GetColor.o                     22
    GUI_Goto.o                         16
    GUI_MergeRect.o                    88
    GUI_MoveRect.o                     28
    GUI_OnKey.o                        16       12      100
    GUI_Pen.o                          16
    GUI_RectsIntersect.o               56
    GUI_SelectLCD.o                    18
    GUI_SelectLayer.o                  36
    GUI_SetColor.o                      8
    GUI_SetDrawMode.o                   4
    GUI_SetFont.o                      20
    GUI_SetOrg.o                       48
    GUI_SetTextMode.o                  20
    GUI_UC.o                           76
    GUI_UC_EncodeNone.o                36
    GUI_Val.o                         120
    GUI_Valf.o                        240
    GUI_WaitEvent.o                    16                 4
    GUI__DivTbl_255_31.o                       256
    GUI__DivTbl_255_63.o                       256
    GUI__DivTbl_31_255.o                        32
    GUI__DivTbl_63_255.o                        64
    GUI__DrawBitmap16bpp.o            444
    GUI__HandleEOLine.o                22
    GUI__IntersectRect.o               64
    GUI__IntersectRects.o              98
    GUI__ManageCache.o                176                 8
    GUI__memset.o                      84
    LCD.o                           1 212       16        4
    LCD_Color.o                       248       16       16
    LCD_GetColorIndex.o                24
    LCD_GetEx.o                       238
    LCD_GetNumDisplays.o               26
    LCD_Mirror.o                               256
    LCD_NextPixelAPI.o                556       16       64
    LCD_SelectLCD.o                    68
    LCD_Set.o                         134
    LCD_SetClipRectEx.o                48
    LCD_UpdateColorIndices.o           36
    WM.o                            2 836               112
    WM_BringToBottom.o                130
    WM_CriticalHandle.o                16
    WM_GetClientRect.o                 64
    WM_GetDesktopWindow.o              24
    WM_GetFirstChild.o                 14
    WM_GetParent.o                     14
    WM_SendToParent.o                  28
    WM_SetUserClipRect.o               24
    WM_Touch.o                                           80
    WM__GetFirstSibling.o              16
    WM__GetPrevSibling.o               34
    WM__SendMessage.o                  64                 4
    -------------------------------------------------------
    Total:                         15 270    7 624      816

dl7M_tlf.a: [3]
    abort.o                             6
    dlmalloc.o                      3 968               496
    exit.o                              4
    low_level_init.o                    4
    strcspn.o                          34
    strspn.o                           34
    strtok.o                           76                 4
    vsnprint.o                         60
    xencoding_8859_1.o                 30
    xfail_s.o                          64                 4
    xgetmemchunk.o                     44                 4
    xlocale_c.o                       120      134      128
    xmbcurmax.o                        10
    xprintffull.o                   3 962
    xsnprout.o                         26
    -------------------------------------------------------
    Total:                          8 442      134      636

m7M_tls.a: [4]
    DblAdd.o                          362
    DblCmpGe.o                         46
    DblCmpLe.o                         46
    DblDiv.o                          582
    DblMul.o                          418
    DblSub.o                          226
    DblToFlt.o                        104
    DblToS32.o                         58
    DblToU32.o                         40
    FltToDbl.o                         72
    S32ToDbl.o                         34
    U32ToDbl.o                         26
    ceil.o                            102
    floor.o                           104
    fpinit_M.o                         34
    frexp.o                           112
    ldexp.o                           314
    -------------------------------------------------------
    Total:                          2 680

rt7M_tl.a: [5]
    ABImemclr.o                         6
    ABImemclr4.o                        6
    ABImemcpy.o                       166
    ABImemmove.o                      150
    ABImemset.o                       102
    ABImemset48.o                      50
    I64DivMod.o                       560
    I64DivZer.o                         2
    cexit.o                            10
    cmain.o                            30
    copy_init3.o                       44
    cstartup_M.o                       12
    data_init.o                        40
    memchr.o                           88
    strchr.o                           22
    strcmp.o                           74
    strcpy.o                           76
    strlen.o                           54
    zero_init3.o                       58
    -------------------------------------------------------
    Total:                          1 550

shb_l.a: [6]
    ABIassert.o                        36
    exit.o                             20
    -------------------------------------------------------
    Total:                             56

    Gaps                               72        8
    Linker created                              37   16 384
-----------------------------------------------------------
    Grand Total:                   55 462  248 346  101 406


*******************************************************************************
*** ENTRY LIST
***

Entry                       Address     Size  Type      Object
-----                       -------     ----  ----      ------
.iar.init_table$$Base    0x804'9e48            --   Gb  - Linker created -
.iar.init_table$$Limit   0x804'9e6c            --   Gb  - Linker created -
?main                    0x804'9ead           Code  Gb  cmain.o [5]
ADC_DMAConvCplt          0x804'54a9     0x76  Code  Lc  stm32f4xx_hal_adc.o [1]
ADC_DMAError             0x804'552d     0x16  Code  Lc  stm32f4xx_hal_adc.o [1]
ADC_DMAHalfConvCplt      0x804'5521      0xa  Code  Lc  stm32f4xx_hal_adc.o [1]
ADC_IRQHandler           0x804'99d3      0xa  Code  Gb  stm32f4xx_it.o [1]
ADC_Init                 0x804'5329    0x15a  Code  Lc  stm32f4xx_hal_adc.o [1]
ADC_Value               0x2001'4bec      0x4  Data  Gb  main.o [1]
AHBPrescTable            0x804'9f6c     0x10  Data  Gb  system_stm32f4xx.o [1]
APBPrescTable            0x804'a058      0x8  Data  Gb  system_stm32f4xx.o [1]
BusFault_Handler         0x804'999f      0x2  Code  Gb  stm32f4xx_it.o [1]
CAN1_RX0_IRQHandler      0x804'99dd      0xa  Code  Gb  stm32f4xx_it.o [1]
CAN1_RX1_IRQHandler      0x804'99e7      0xa  Code  Gb  stm32f4xx_it.o [1]
CAN1_SCE_IRQHandler      0x804'99f1      0xa  Code  Gb  stm32f4xx_it.o [1]
CAN_config               0x804'74f3     0x52  Code  Lc  can_utils.o [1]
CMD_USART               0x2001'48a4     0x40  Data  Gb  cmd.o [1]
CSTACK$$Base            0x1000'0000            --   Gb  - Linker created -
CSTACK$$Limit           0x1000'2000            --   Gb  - Linker created -
CacheMore                0x803'caa5     0x24  Code  Lc  xlocale_c.o [3]
DMA2_Stream0_IRQHandler
                         0x804'9a27      0xa  Code  Gb  stm32f4xx_it.o [1]
DMA2_Stream2_IRQHandler
                         0x804'9a31      0xa  Code  Gb  stm32f4xx_it.o [1]
DMA2_Stream7_IRQHandler
                         0x804'9a3b      0xa  Code  Gb  stm32f4xx_it.o [1]
DMAUSART_RX_BUF         0x2001'4588     0x64  Data  Gb  cmd.o [1]
DMA_CalcBaseAndBitshift
                         0x804'7087     0x30  Code  Lc  stm32f4xx_hal_dma.o [1]
DMA_CalcBaseAndBitshift::flagBitshiftOffset
                         0x804'a050      0x8  Data  Lc  stm32f4xx_hal_dma.o [1]
DMA_CheckFifoParam       0x804'70c5     0x88  Code  Lc  stm32f4xx_hal_dma.o [1]
DMA_RxOK_Flag           0x2001'4bc4      0x4  Data  Gb  cmd.o [1]
DMA_SetConfig            0x804'7059     0x2e  Code  Lc  stm32f4xx_hal_dma.o [1]
DMAaRxBuffer            0x2001'4524     0x64  Data  Gb  cmd.o [1]
DebugMon_Handler         0x804'99a5      0x2  Code  Gb  stm32f4xx_it.o [1]
EXTI2_IRQHandler         0x804'99b5      0xa  Code  Gb  stm32f4xx_it.o [1]
EXTI3_IRQHandler         0x804'99bf      0xa  Code  Gb  stm32f4xx_it.o [1]
EXTI4_IRQHandler         0x804'99c9      0xa  Code  Gb  stm32f4xx_it.o [1]
EXTI9_5_IRQHandler       0x804'99fb     0x12  Code  Gb  stm32f4xx_it.o [1]
Error_Handler            0x804'3919      0xa  Code  Gb  main.o [1]
FSMC_Initialized        0x2001'4bd0      0x4  Data  Lc  fsmc.o [1]
FSMC_NORSRAM_Extended_Timing_Init
                         0x804'3129     0x40  Code  Gb  stm32f4xx_ll_fsmc.o [1]
FSMC_NORSRAM_Init        0x804'308d     0x58  Code  Gb  stm32f4xx_ll_fsmc.o [1]
FSMC_NORSRAM_Timing_Init
                         0x804'30e5     0x44  Code  Gb  stm32f4xx_ll_fsmc.o [1]
FontMono8x16             0x803'e3e4     0x14  Data  Lc  F8x16.o [2]
FontMono8x16x2           0x803'e41c     0x14  Data  Lc  F8x16.o [2]
FontMono8x16x3           0x803'e430     0x14  Data  Lc  F8x16.o [2]
GL_DrawBitmap            0x803'f011     0x90  Code  Gb  GUI_DrawBitmap.o [2]
GL_DrawLine              0x803'f55f     0x10  Code  Gb  GUI_DrawLine.o [2]
GL_DrawLine1Ex           0x803'f273    0x1b4  Code  Gb  GUI_DrawLine.o [2]
GL_DrawLineEx            0x803'f437    0x128  Code  Gb  GUI_DrawLine.o [2]
GL_DrawPoint             0x803'fa69     0x1c  Code  Gb  GUI_DrawPoint.o [2]
GL_FP_Cnt               0x2001'4b14      0x4  Data  Lc  GUI_FillPolygon.o [2]
GL_FillCircle            0x804'1b35     0xae  Code  Gb  GUI_Circ.o [2]
GL_FillPolygon           0x804'1391    0x154  Code  Gb  GUI_FillPolygon.o [2]
GUIDRV_Template_API      0x804'9cc0     0x34  Data  Gb  GUIDRV_Template.o [1]
GUIMONO_DispChar         0x804'93f9    0x106  Code  Gb  GUI_CharM.o [2]
GUIMONO_GetCharDistX     0x804'9519     0x12  Code  Gb  GUI_CharM.o [2]
GUIMONO_GetFontInfo      0x804'9531      0x6  Code  Gb  GUI_CharM.o [2]
GUIMONO_IsInFont         0x804'9537     0x36  Code  Gb  GUI_CharM.o [2]
GUIPROP_DispChar         0x804'9581     0xc8  Code  Gb  GUI_CharP.o [2]
GUIPROP_GetCharDistX     0x804'9649     0x36  Code  Gb  GUI_CharP.o [2]
GUIPROP_GetFontInfo      0x804'9685      0x6  Code  Gb  GUI_CharP.o [2]
GUIPROP_IsInFont         0x804'968b      0xe  Code  Gb  GUI_CharP.o [2]
GUIPROP__FindChar        0x804'956d     0x14  Code  Gb  GUI_CharP.o [2]
GUI_ALLOC_AllocNoInit    0x804'283b      0xa  Code  Gb  GUI_Alloc.o [2]
GUI_ALLOC_AllocZero      0x804'2ab9     0x24  Code  Gb  GUI_ALLOC_AllocZero.o [2]
GUI_ALLOC_AssignMemory   0x804'28cb      0xc  Code  Gb  GUI_Alloc.o [2]
GUI_ALLOC_Free           0x804'28ef     0x2c  Code  Gb  GUI_Alloc.o [2]
GUI_ALLOC_FreeFixedBlock
                         0x804'2783     0x10  Code  Gb  GUI_Alloc.o [2]
GUI_ALLOC_GetFixedBlock
                         0x804'2793     0xa8  Code  Gb  GUI_Alloc.o [2]
GUI_ALLOC_GetMaxSize     0x804'2895     0x36  Code  Gb  GUI_Alloc.o [2]
GUI_ALLOC_LockH          0x804'2855     0x16  Code  Gb  GUI_Alloc.o [2]
GUI_ALLOC_SetAvBlockSize
                         0x804'28d7     0x18  Code  Gb  GUI_Alloc.o [2]
GUI_ALLOC_UnlockH        0x804'286b     0x2a  Code  Gb  GUI_Alloc.o [2]
GUI_ALLOC__Context      0x2001'4310     0xbc  Data  Gb  GUI_Alloc.o [2]
GUI_ALLOC_h2p            0x804'2845     0x10  Code  Gb  GUI_Alloc.o [2]
GUI_AddDecMin            0x804'16ed     0x1c  Code  Gb  GUI_AddDecMin.o [2]
GUI_AddDecShift          0x804'152d     0x96  Code  Gb  GUI_AddDecShift.o [2]
GUI_AddSign              0x804'1515     0x18  Code  Gb  GUI_AddDecShift.o [2]
GUI_BitmapMethods565     0x804'9fa4      0xc  Data  Gb  GUI_DrawBitmap_565.o [2]
GUI_CalcColorDist        0x804'9be1     0x3e  Code  Gb  GUI_CalcColorDist.o [2]
GUI_CharLine_pfLog2Vis  0x2000'0130      0x4  Data  Gb  GUI_CharLine.o [2]
GUI_Clear                0x803'f927     0x1a  Code  Gb  GUI_Core.o [2]
GUI_ClearRect            0x803'f8cd     0x5a  Code  Gb  GUI_Core.o [2]
GUI_DEVICE_Create        0x804'218f     0x46  Code  Gb  GUI_Device.o [2]
GUI_DEVICE_CreateAndLink
                         0x804'2241     0x24  Code  Gb  GUI_Device.o [2]
GUI_DEVICE_Delete        0x804'218b      0x4  Code  Gb  GUI_Device.o [2]
GUI_DEVICE_Link          0x804'21d7     0x6a  Code  Gb  GUI_Device.o [2]
GUI_DEVICE_Unlink        0x804'21d5      0x2  Code  Gb  GUI_Device.o [2]
GUI_DEVICE__GetpDriver   0x804'216b     0x20  Code  Gb  GUI_Device.o [2]
GUI_DecChar             0x2000'00a8      0x1  Data  Gb  GUI_Core.o [2]
GUI_DispCEOL             0x804'1b09     0x2c  Code  Gb  GUI_DispCEOL.o [2]
GUI_DispDecAt            0x803'f641     0x24  Code  Gb  GUI_Val.o [2]
GUI_DispDecMin           0x803'f629      0xe  Code  Gb  GUI_Val.o [2]
GUI_DispDecShift         0x803'f5ed     0x10  Code  Gb  GUI_Val.o [2]
GUI_DispFloat            0x803'fb39     0x44  Code  Gb  GUI_Valf.o [2]
GUI_DispSDecShift        0x803'f5fd     0x2c  Code  Gb  GUI_Val.o [2]
GUI_DispString           0x804'15f1     0xfc  Code  Gb  GUI_DispString.o [2]
GUI_DispStringAt         0x803'fa59     0x10  Code  Gb  GUI_DispStringAt.o [2]
GUI_DispStringAtCEOL     0x803'fa49      0xe  Code  Gb  GUI_DispStringAtCEOL.o [2]
GUI_DispStringInRect     0x803'f89f      0x6  Code  Gb  GUI_DispStringInRect.o [2]
GUI_DispStringInRectMax
                         0x803'f85d     0x42  Code  Gb  GUI_DispStringInRect.o [2]
GUI_DrawBitmap           0x803'f0a1     0x54  Code  Gb  GUI_DrawBitmap.o [2]
GUI_DrawHLine            0x803'f68d     0x4c  Code  Gb  GUI_DrawHLine.o [2]
GUI_DrawLine             0x803'f56f     0x30  Code  Gb  GUI_DrawLine.o [2]
GUI_DrawPoint            0x803'fa85     0x28  Code  Gb  GUI_DrawPoint.o [2]
GUI_DrawVLine            0x803'f6d9     0x44  Code  Gb  GUI_DrawVLine.o [2]
GUI_F6x8_Mono            0x804'8988     0x14  Data  Lc  F6x8.o [2]
GUI_F6x8_TI8859_1        0x804'8980      0x8  Data  Lc  F6x8.o [2]
GUI_F6x8_TL8859_1        0x804'87c0    0x1c0  Data  Lc  F6x8.o [2]
GUI_Font6x8              0x804'899c     0x24  Data  Gb  F6x8.o [2]
GUI_Font8ASCII_Prop      0x804'8fb0      0xc  Data  Gb  F08_ASCII.o [2]
GUI_Font8_ASCII          0x804'8fbc     0x24  Data  Gb  F08_ASCII.o [2]
GUI_Font8_ASCII_CharInfo
                         0x804'8cb8    0x2f8  Data  Lc  F08_ASCII.o [2]
GUI_Font8x16x2x2         0x803'e444     0x24  Data  Gb  F8x16.o [2]
GUI_Font8x16x3x3         0x803'e468     0x24  Data  Gb  F8x16.o [2]
GUI_Font8x18             0x803'e3f8     0x24  Data  Gb  F8x16.o [2]
GUI_GetBitsPerPixelEx    0x804'31c7      0xe  Code  Gb  LCD_GetEx.o [2]
GUI_GetBkColor           0x804'93c9      0x8  Code  Gb  GUI_GetColor.o [2]
GUI_GetCharDistX         0x804'173f      0x6  Code  Gb  GUI_Char.o [2]
GUI_GetCharDistXEx       0x804'174d      0x8  Code  Gb  GUI_Char.o [2]
GUI_GetClientRect        0x804'175d      0xa  Code  Gb  GUI_GetClientRect.o [2]
GUI_GetColor             0x804'93d1      0x6  Code  Gb  GUI_GetColor.o [2]
GUI_GetFontDistY         0x804'1735      0xa  Code  Gb  GUI_Char.o [2]
GUI_GetYAdjust           0x804'1709     0x2c  Code  Gb  GUI_Char.o [2]
GUI_GetpfColor2IndexEx   0x804'31ff      0xc  Code  Gb  LCD_GetEx.o [2]
GUI_GetpfIndex2ColorEx   0x804'31f3      0xc  Code  Gb  LCD_GetEx.o [2]
GUI_GotoXY               0x804'0321      0xc  Code  Gb  GUI_Goto.o [2]
GUI_Init                 0x803'f963     0xa6  Code  Gb  GUI_Core.o [2]
GUI_Long2Len             0x804'14f1     0x24  Code  Gb  GUI_AddDecShift.o [2]
GUI_MEMDEV_Delete        0x804'29ed     0x3a  Code  Gb  GUIDEV.o [2]
GUI_MergeRect            0x804'2969     0x58  Code  Gb  GUI_MergeRect.o [2]
GUI_MoveRect             0x804'29d1     0x1c  Code  Gb  GUI_MoveRect.o [2]
GUI_OrgX                0x2001'4c14      0x2  Data  Gb  GUI_Core.o [2]
GUI_OrgY                0x2001'4c16      0x2  Data  Gb  GUI_Core.o [2]
GUI_Pow10                0x804'15c8     0x28  Data  Gb  GUI_AddDecShift.o [2]
GUI_RectsIntersect       0x804'2a3f     0x38  Code  Gb  GUI_RectsIntersect.o [2]
GUI_Reload               0x803'ed3b      0xc  Code  Gb  GUI_Frame.o [1]
GUI_SelectLCD            0x804'3287     0x12  Code  Gb  GUI_SelectLCD.o [2]
GUI_SelectLayer          0x804'226d     0x1c  Code  Gb  GUI_SelectLayer.o [2]
GUI_SetBkColor           0x803'f0fd      0x4  Code  Gb  GUI_SetColor.o [2]
GUI_SetColor             0x803'f101      0x4  Code  Gb  GUI_SetColor.o [2]
GUI_SetDefaultFont       0x803'f8c7      0x6  Code  Gb  GUI_Core.o [2]
GUI_SetDrawMode          0x804'0331      0x4  Code  Gb  GUI_SetDrawMode.o [2]
GUI_SetFont              0x803'f665     0x14  Code  Gb  GUI_SetFont.o [2]
GUI_SetOrg               0x804'1ad9     0x30  Code  Gb  GUI_SetOrg.o [2]
GUI_SetPenSize           0x803'f105      0xc  Code  Gb  GUI_Pen.o [2]
GUI_SetTextMode          0x803'f679     0x14  Code  Gb  GUI_SetTextMode.o [2]
GUI_SignalEvent          0x804'29c1      0xc  Code  Gb  GUI_WaitEvent.o [2]
GUI_StoreKey             0x804'2b61      0xc  Code  Gb  GUI_OnKey.o [2]
GUI_UC_None              0x804'9e14     0x10  Data  Gb  GUI_UC_EncodeNone.o [2]
GUI_UC__GetCharCodeInc   0x804'191d     0x22  Code  Gb  GUI_UC.o [2]
GUI_UC__NumChars2NumBytes
                         0x804'193f     0x24  Code  Gb  GUI_UC.o [2]
GUI_USAGE_DecUseCnt      0x804'3339     0x22  Code  Gb  GUIDEV_Usage.o [2]
GUI_X_Config             0x804'1a51     0x24  Code  Gb  GUIConf.o [1]
GUI_X_Config::aMemory   0x2000'0138  0x14000  Data  Lc  GUIConf.o [1]
GUI_X_Init               0x804'1abd      0x2  Code  Gb  GUI_X.o [1]
GUI__Config              0x803'f941     0x22  Code  Gb  GUI_Core.o [2]
GUI__Context            0x2001'43cc     0x78  Data  Lc  GUI_Core.o [2]
GUI__DispLine            0x804'186f     0x9e  Code  Gb  GUI_CharLine.o [2]
GUI__DispStringInRect    0x803'f71d    0x13c  Code  Gb  GUI_DispStringInRect.o [2]
GUI__DrawBitmap16bpp     0x804'920d    0x1bc  Code  Gb  GUI__DrawBitmap16bpp.o [2]
GUI__GetLineDistX        0x804'1821     0x4e  Code  Gb  GUI_CharLine.o [2]
GUI__GetLineNumChars     0x804'17cf     0x36  Code  Gb  GUI_CharLine.o [2]
GUI__GetOverlap          0x804'1805     0x1c  Code  Gb  GUI_CharLine.o [2]
GUI__HandleEOLine        0x804'1969     0x16  Code  Gb  GUI__HandleEOLine.o [2]
GUI__IntersectRect       0x804'2929     0x40  Code  Gb  GUI__IntersectRect.o [2]
GUI__IntersectRects      0x804'1999     0x62  Code  Gb  GUI__IntersectRects.o [2]
GUI__ManageCache         0x804'2c79      0xa  Code  Gb  GUI__ManageCache.o [2]
GUI__ManageCacheEx       0x804'2bdd     0x90  Code  Gb  GUI__ManageCache.o [2]
GUI__RegisterExit        0x803'fa09      0xa  Code  Gb  GUI_Core.o [2]
GUI__aConvert_255_31     0x804'9698    0x100  Data  Gb  GUI__DivTbl_255_31.o [2]
GUI__aConvert_255_63     0x804'9798    0x100  Data  Gb  GUI__DivTbl_255_63.o [2]
GUI__aConvert_31_255     0x804'9e8c     0x20  Data  Gb  GUI__DivTbl_31_255.o [2]
GUI__aConvert_63_255     0x804'9c80     0x40  Data  Gb  GUI__DivTbl_63_255.o [2]
GUI__apDevice           0x2001'4444      0x8  Data  Gb  GUI_Core.o [2]
GUI__memset              0x804'19fb     0x54  Code  Gb  GUI__memset.o [2]
GUI__pFontDefault       0x2000'00b0      0x4  Data  Gb  GUI_Core.o [2]
GUI_acFont6x8            0x804'82a8    0x518  Data  Lc  F6x8.o [2]
GUI_cos                  0x803'f171      0x6  Code  Gb  GUI_DrawLine.o [2]
GUI_main                 0x803'ed2f      0xc  Code  Gb  GUI_Frame.o [1]
GUI_pContext            0x2000'00b4      0x4  Data  Gb  GUI_Core.o [2]
GUI_pLCD_APIList        0x2001'4bf8      0x4  Data  Gb  GUI_Core.o [2]
GUI_pUC_API             0x2000'00ac      0x4  Data  Gb  GUI_Core.o [2]
GUI_pfDispCharStyle     0x2001'4bf4      0x4  Data  Gb  GUI_Core.o [2]
GUI_pfGetpPalConvTable  0x2000'0128      0x4  Data  Gb  GUI_Core.o [2]
GUI_sin                  0x803'f11f     0x52  Code  Gb  GUI_DrawLine.o [2]
HAL_ADCEx_InjectedConvCpltCallback
                         0x804'763d      0x2  Code  Wk  stm32f4xx_hal_adc_ex.o [1]
HAL_ADC_ConfigChannel    0x804'51ad    0x17c  Code  Gb  stm32f4xx_hal_adc.o [1]
HAL_ADC_IRQHandler       0x804'4ecd    0x182  Code  Gb  stm32f4xx_hal_adc.o [1]
HAL_ADC_Init             0x804'4e69     0x64  Code  Gb  stm32f4xx_hal_adc.o [1]
HAL_ADC_MspInit          0x804'4527     0xb2  Code  Gb  adc.o [1]
HAL_ADC_Start_DMA        0x804'504f    0x15e  Code  Gb  stm32f4xx_hal_adc.o [1]
HAL_CAN_ActivateNotification
                         0x804'60d9     0x2c  Code  Gb  stm32f4xx_hal_can.o [1]
HAL_CAN_ConfigFilter     0x804'5e01    0x124  Code  Gb  stm32f4xx_hal_can.o [1]
HAL_CAN_GetRxMessage     0x804'5f85    0x154  Code  Gb  stm32f4xx_hal_can.o [1]
HAL_CAN_IRQHandler       0x804'6105    0x230  Code  Gb  stm32f4xx_hal_can.o [1]
HAL_CAN_Init             0x804'5c95    0x16c  Code  Gb  stm32f4xx_hal_can.o [1]
HAL_CAN_MspInit          0x804'4277     0x98  Code  Gb  can.o [1]
HAL_CAN_RxFifo0FullCallback
                         0x804'74f1      0x2  Code  Gb  can_utils.o [1]
HAL_CAN_RxFifo0MsgPendingCallback
                         0x804'74c9     0x28  Code  Gb  can_utils.o [1]
HAL_CAN_Start            0x804'5f25     0x5c  Code  Gb  stm32f4xx_hal_can.o [1]
HAL_CRC_Init             0x804'6335     0x28  Code  Gb  stm32f4xx_hal_crc.o [1]
HAL_CRC_MspInit          0x804'433b     0x26  Code  Gb  crc.o [1]
HAL_DMA_Abort            0x804'6d8d     0x9c  Code  Gb  stm32f4xx_hal_dma.o [1]
HAL_DMA_Abort_IT         0x804'6e29     0x26  Code  Gb  stm32f4xx_hal_dma.o [1]
HAL_DMA_IRQHandler       0x804'6e4f    0x20a  Code  Gb  stm32f4xx_hal_dma.o [1]
HAL_DMA_Init             0x804'6c2d     0xe0  Code  Gb  stm32f4xx_hal_dma.o [1]
HAL_DMA_Start_IT         0x804'6d0d     0x80  Code  Gb  stm32f4xx_hal_dma.o [1]
HAL_Delay                0x804'2021     0x28  Code  Wk  stm32f4xx_hal.o [1]
HAL_FSMC_MspInit         0x804'2fbd     0xa8  Code  Lc  fsmc.o [1]
HAL_GPIO_EXTI_Callback   0x804'2ea3     0x52  Code  Gb  gpio.o [1]
HAL_GPIO_EXTI_IRQHandler
                         0x804'1f6b     0x1c  Code  Gb  stm32f4xx_hal_gpio.o [1]
HAL_GPIO_Init            0x804'1d69    0x1dc  Code  Gb  stm32f4xx_hal_gpio.o [1]
HAL_GPIO_ReadPin         0x804'1f45     0x12  Code  Gb  stm32f4xx_hal_gpio.o [1]
HAL_GPIO_WritePin        0x804'1f57     0x14  Code  Gb  stm32f4xx_hal_gpio.o [1]
HAL_GetTick              0x804'3171      0xc  Code  Wk  stm32f4xx_hal.o [1]
HAL_IncTick              0x804'5bf1     0x18  Code  Wk  stm32f4xx_hal.o [1]
HAL_Init                 0x804'41ad     0x30  Code  Gb  stm32f4xx_hal.o [1]
HAL_InitTick             0x804'5c09     0x4c  Code  Wk  stm32f4xx_hal.o [1]
HAL_MspInit              0x804'5c55     0x40  Code  Gb  stm32f4xx_hal_msp.o [1]
HAL_NVIC_EnableIRQ       0x804'348d      0xa  Code  Gb  stm32f4xx_hal_cortex.o [1]
HAL_NVIC_SetPriority     0x804'346b     0x22  Code  Gb  stm32f4xx_hal_cortex.o [1]
HAL_NVIC_SetPriorityGrouping
                         0x804'3463      0x8  Code  Gb  stm32f4xx_hal_cortex.o [1]
HAL_RCC_ClockConfig      0x804'59ed    0x138  Code  Gb  stm32f4xx_hal_rcc.o [1]
HAL_RCC_GetHCLKFreq      0x804'5b25      0x6  Code  Gb  stm32f4xx_hal_rcc.o [1]
HAL_RCC_GetPCLK1Freq     0x804'5b2b     0x16  Code  Gb  stm32f4xx_hal_rcc.o [1]
HAL_RCC_GetPCLK2Freq     0x804'5b41     0x16  Code  Gb  stm32f4xx_hal_rcc.o [1]
HAL_RCC_OscConfig        0x804'5681    0x36c  Code  Wk  stm32f4xx_hal_rcc.o [1]
HAL_SPI_Init             0x804'3a69     0x8e  Code  Gb  stm32f4xx_hal_spi.o [1]
HAL_SPI_MspInit          0x804'47bb     0x66  Code  Gb  spi.o [1]
HAL_SPI_Receive          0x804'3c95    0x166  Code  Gb  stm32f4xx_hal_spi.o [1]
HAL_SPI_Transmit         0x804'3af7    0x19e  Code  Gb  stm32f4xx_hal_spi.o [1]
HAL_SPI_TransmitReceive
                         0x804'3dfb    0x21e  Code  Gb  stm32f4xx_hal_spi.o [1]
HAL_SRAM_Init            0x804'1fc5     0x5c  Code  Gb  stm32f4xx_hal_sram.o [1]
HAL_SRAM_MspInit         0x804'3065      0x8  Code  Gb  fsmc.o [1]
HAL_SYSTICK_Config       0x804'3497      0x8  Code  Gb  stm32f4xx_hal_cortex.o [1]
HAL_TIMEx_MasterConfigSynchronization
                         0x804'714d     0x4c  Code  Gb  stm32f4xx_hal_tim_ex.o [1]
HAL_TIM_Base_Init        0x804'48b1     0x38  Code  Gb  stm32f4xx_hal_tim.o [1]
HAL_TIM_Base_MspInit     0x804'46e5     0x26  Code  Gb  tim.o [1]
HAL_TIM_ConfigClockSource
                         0x804'4a79     0xe8  Code  Gb  stm32f4xx_hal_tim.o [1]
HAL_TIM_MspPostInit      0x804'470b     0x50  Code  Gb  tim.o [1]
HAL_TIM_PWM_ConfigChannel
                         0x804'497d     0xfc  Code  Gb  stm32f4xx_hal_tim.o [1]
HAL_TIM_PWM_Init         0x804'48e9     0x38  Code  Gb  stm32f4xx_hal_tim.o [1]
HAL_TIM_PWM_Start        0x804'4921     0x54  Code  Gb  stm32f4xx_hal_tim.o [1]
HAL_UART_DMAStop         0x804'651b     0x72  Code  Gb  stm32f4xx_hal_uart.o [1]
HAL_UART_IDLECallback    0x804'7219     0x6c  Code  Gb  cmd.o [1]
HAL_UART_IRQHandler      0x804'658d    0x134  Code  Gb  stm32f4xx_hal_uart.o [1]
HAL_UART_Init            0x804'635d     0x76  Code  Gb  stm32f4xx_hal_uart.o [1]
HAL_UART_MspInit         0x804'43a1     0xf2  Code  Gb  usart.o [1]
HAL_UART_Receive_DMA     0x804'6467     0xb4  Code  Gb  stm32f4xx_hal_uart.o [1]
HAL_UART_Transmit_DMA    0x804'63d3     0x94  Code  Gb  stm32f4xx_hal_uart.o [1]
HAL_UART_TxCpltCallback
                         0x804'7383      0x2  Code  Gb  cmd.o [1]
HCAN                    0x2001'4a2c     0x28  Data  Gb  can_utils.o [1]
HEAP$$Base              0x2001'4c20            --   Gb  - Linker created -
HEAP$$Limit             0x2001'6c20            --   Gb  - Linker created -
HardFault_Handler        0x804'999b      0x2  Code  Gb  stm32f4xx_it.o [1]
HashTable_create         0x804'7699     0x4e  Code  Gb  hash.o [1]
HashTable_get            0x804'7781     0x60  Code  Gb  hash.o [1]
HashTable_insert         0x804'76e7     0x9a  Code  Gb  hash.o [1]
HashTable_map            0x804'77e1     0x72  Code  Gb  hash.o [1]
LCD_API_ColorConv_0      0x804'9f10     0x18  Data  Gb  GUICC_0.o [2]
LCD_API_ColorConv_M565   0x804'9ef8     0x18  Data  Gb  GUICC_M565.o [2]
LCD_Color2Index          0x804'0789     0x12  Code  Gb  LCD.o [2]
LCD_DrawBitmap           0x804'04d3    0x1d8  Code  Gb  LCD.o [2]
LCD_DrawHLine            0x804'03f5     0x3a  Code  Gb  LCD.o [2]
LCD_DrawPixel            0x804'039b     0x5a  Code  Gb  LCD.o [2]
LCD_DrawVLine            0x804'042f     0x3a  Code  Gb  LCD.o [2]
LCD_Fast_DrawPoint       0x803'fd15     0x58  Code  Gb  ILI93xx.o [1]
LCD_FillRect             0x804'047f     0x54  Code  Gb  LCD.o [2]
LCD_GetBitsPerPixelEx    0x804'31b7      0x4  Code  Gb  LCD_GetEx.o [2]
LCD_GetBkColorIndex      0x804'93e1      0xa  Code  Gb  LCD_GetColorIndex.o [2]
LCD_GetColorIndex        0x804'93eb      0xa  Code  Gb  LCD_GetColorIndex.o [2]
LCD_GetNextPixelAPI      0x804'91d3     0x24  Code  Gb  LCD_NextPixelAPI.o [2]
LCD_GetNumColors         0x804'31bf      0x8  Code  Gb  LCD_GetEx.o [2]
LCD_GetNumColorsEx       0x804'31bb      0x4  Code  Gb  LCD_GetEx.o [2]
LCD_GetNumLayers         0x804'317d     0x1a  Code  Gb  LCD_GetNumDisplays.o [2]
LCD_GetPalette           0x804'31eb      0x8  Code  Gb  LCD_GetEx.o [2]
LCD_GetPaletteEx         0x804'31d5     0x16  Code  Gb  LCD_GetEx.o [2]
LCD_GetpPalConvTableBM   0x804'20c3      0x2  Code  Gb  LCD_Color.o [2]
LCD_GetpPalConvTableUncached
                         0x804'2081     0x42  Code  Gb  LCD_Color.o [2]
LCD_Index2Color          0x804'079b     0x12  Code  Gb  LCD.o [2]
LCD_Index2Color_565      0x804'9d81     0x2c  Code  Gb  GUICC_565_Index2Color.o [2]
LCD_Index2Color_M565     0x804'9d55     0x2c  Code  Gb  GUICC_M565_Index2Color.o [2]
LCD_InitColors           0x804'2059     0x28  Code  Gb  LCD_Color.o [2]
LCD_InitLUT              0x804'20c5     0x6c  Code  Gb  LCD_Color.o [2]
LCD_RD_DATA              0x803'fbb1      0xa  Code  Gb  ILI93xx.o [1]
LCD_ReInit               0x804'007b    0x242  Code  Gb  ILI93xx.o [1]
LCD_ReadPoint            0x804'02c9     0x38  Code  Gb  ILI93xx.o [1]
LCD_SelectLCD            0x804'3955     0x44  Code  Gb  LCD_SelectLCD.o [2]
LCD_SetBkColor           0x804'07d1      0x8  Code  Gb  LCD.o [2]
LCD_SetBkColorIndex      0x804'07bf     0x12  Code  Gb  LCD.o [2]
LCD_SetClipRectEx        0x804'2291     0x30  Code  Gb  LCD_SetClipRectEx.o [2]
LCD_SetClipRectMax       0x804'06e9     0x14  Code  Gb  LCD.o [2]
LCD_SetColor             0x804'07d9      0x8  Code  Gb  LCD.o [2]
LCD_SetColorIndex        0x804'07ad     0x12  Code  Gb  LCD.o [2]
LCD_SetCursor            0x803'fbc9    0x14c  Code  Gb  ILI93xx.o [1]
LCD_SetDrawMode          0x804'0391      0xa  Code  Gb  LCD.o [2]
LCD_SetLUTEntryEx        0x804'2cef     0x24  Code  Gb  LCD_Set.o [2]
LCD_SetSizeEx            0x804'2cb1     0x24  Code  Gb  LCD_Set.o [2]
LCD_SetVSizeEx           0x804'2c8d     0x24  Code  Gb  LCD_Set.o [2]
LCD_UpdateColorIndices   0x804'3999     0x24  Code  Gb  LCD_UpdateColorIndices.o [2]
LCD_WR_DATA              0x803'fba9      0x8  Code  Gb  ILI93xx.o [1]
LCD_WR_REG               0x803'fba1      0x8  Code  Gb  ILI93xx.o [1]
LCD_WriteReg             0x803'fbbb      0xe  Code  Gb  ILI93xx.o [1]
LCD_X_Config             0x804'1a75     0x2c  Code  Gb  LCDConf_FlexColor_Template.o [1]
LCD_X_DisplayDriver      0x804'1aa9     0x14  Code  Gb  LCDConf_FlexColor_Template.o [1]
LCD__GetBPP              0x804'3215     0x72  Code  Gb  LCD_GetEx.o [2]
LCD__aConvTable         0x2000'00bc      0x4  Data  Gb  LCD_Color.o [2]
LCD__pSetColorAPI       0x2000'012c      0x4  Data  Gb  LCD.o [2]
LCD_aMirror              0x804'9898    0x100  Data  Gb  LCD_Mirror.o [2]
LED_main                 0x804'55b1     0x30  Code  Gb  ledpwm.o [1]
Lcd_Top_main             0x804'55fd     0x84  Code  Gb  Lcd_Top.o [1]
LoadInt                  0x803'bccb     0x7a  Code  Lc  xprintffull.o [3]
MX_ADC1_Init             0x804'44b9     0x6e  Code  Gb  adc.o [1]
MX_CAN1_Init             0x804'4231     0x46  Code  Gb  can.o [1]
MX_CRC_Init              0x804'4325     0x16  Code  Gb  crc.o [1]
MX_DMA_Init              0x804'41e1     0x50  Code  Gb  dma.o [1]
MX_FSMC_Init             0x804'2f15     0xa8  Code  Gb  fsmc.o [1]
MX_GPIO_Init             0x804'2d15    0x18e  Code  Gb  gpio.o [1]
MX_SPI3_Init             0x804'4775     0x46  Code  Gb  spi.o [1]
MX_TIM3_Init             0x804'45f9     0xec  Code  Gb  tim.o [1]
MX_USART1_UART_Init      0x804'436d     0x34  Code  Gb  usart.o [1]
MemManage_Handler        0x804'999d      0x2  Code  Gb  stm32f4xx_it.o [1]
NMI_Handler              0x804'9999      0x2  Code  Gb  stm32f4xx_it.o [1]
NRF_Data                0x2001'4a54     0x28  Data  Gb  main.o [1]
NVIC_EncodePriority      0x804'33f9     0x3c  Code  Lc  stm32f4xx_hal_cortex.o [1]
PendSV_Handler           0x804'99a7      0x2  Code  Gb  stm32f4xx_it.o [1]
Region$$Table$$Base      0x804'9e48            --   Gb  - Linker created -
Region$$Table$$Limit     0x804'9e6c            --   Gb  - Linker created -
RxHeader                0x2001'4ae0     0x1c  Data  Gb  can_utils.o [1]
SPI_EndRxTransaction     0x804'40b9     0x92  Code  Lc  stm32f4xx_hal_spi.o [1]
SPI_EndRxTxTransaction   0x804'414b     0x5a  Code  Lc  stm32f4xx_hal_spi.o [1]
SPI_WaitFlagStateUntilTimeout
                         0x804'4019     0xa0  Code  Lc  stm32f4xx_hal_spi.o [1]
SVC_Handler              0x804'99a3      0x2  Code  Gb  stm32f4xx_it.o [1]
SysTick_Config           0x804'3435     0x2e  Code  Lc  stm32f4xx_hal_cortex.o [1]
SysTick_Handler          0x804'99a9      0xc  Code  Gb  stm32f4xx_it.o [1]
SystemClock_Config       0x804'37d1     0xa2  Code  Gb  main.o [1]
SystemCoreClock         0x2000'0124      0x4  Data  Gb  system_stm32f4xx.o [1]
SystemInit               0x804'9c21     0x40  Code  Gb  system_stm32f4xx.o [1]
TFTSRAM_Handler         0x2001'480c     0x50  Data  Gb  ILI93xx.o [1]
TFT_LCD_Init             0x803'fd6d    0x30e  Code  Gb  ILI93xx.o [1]
TIM_Base_SetConfig       0x804'4b61     0xba  Code  Gb  stm32f4xx_hal_tim.o [1]
TIM_CCxChannelCmd        0x804'4e41     0x26  Code  Gb  stm32f4xx_hal_tim.o [1]
TIM_ETR_SetConfig        0x804'4e2b     0x16  Code  Gb  stm32f4xx_hal_tim.o [1]
TIM_ITRx_SetConfig       0x804'4e1b     0x10  Code  Lc  stm32f4xx_hal_tim.o [1]
TIM_OC1_SetConfig        0x804'4c1b     0x64  Code  Lc  stm32f4xx_hal_tim.o [1]
TIM_OC2_SetConfig        0x804'4c7f     0x6e  Code  Gb  stm32f4xx_hal_tim.o [1]
TIM_OC3_SetConfig        0x804'4ced     0x6c  Code  Lc  stm32f4xx_hal_tim.o [1]
TIM_OC4_SetConfig        0x804'4d59     0x4c  Code  Lc  stm32f4xx_hal_tim.o [1]
TIM_TI1_ConfigInputStage
                         0x804'4dd1     0x24  Code  Lc  stm32f4xx_hal_tim.o [1]
TIM_TI2_ConfigInputStage
                         0x804'4df5     0x26  Code  Lc  stm32f4xx_hal_tim.o [1]
TransInfo8x16            0x803'e3dc      0x8  Data  Lc  F8x16.o [2]
TransList8x16            0x803'e21c    0x1c0  Data  Lc  F8x16.o [2]
TxHeader                0x2001'4b18     0x18  Data  Gb  can_utils.o [1]
UART_DMAAbortOnError     0x804'67dd     0x12  Code  Lc  stm32f4xx_hal_uart.o [1]
UART_DMAError            0x804'6751     0x56  Code  Lc  stm32f4xx_hal_uart.o [1]
UART_DMAReceiveCplt      0x804'6701     0x42  Code  Lc  stm32f4xx_hal_uart.o [1]
UART_DMARxHalfCplt       0x804'6745      0xa  Code  Lc  stm32f4xx_hal_uart.o [1]
UART_DMATransmitCplt     0x804'66c1     0x32  Code  Lc  stm32f4xx_hal_uart.o [1]
UART_DMATxHalfCplt       0x804'66f5      0xa  Code  Lc  stm32f4xx_hal_uart.o [1]
UART_EndRxTransfer       0x804'67bb     0x20  Code  Lc  stm32f4xx_hal_uart.o [1]
UART_EndTransmit_IT      0x804'685b     0x1c  Code  Lc  stm32f4xx_hal_uart.o [1]
UART_EndTxTransfer       0x804'67a7     0x14  Code  Lc  stm32f4xx_hal_uart.o [1]
UART_Receive_IT          0x804'6877     0xa8  Code  Lc  stm32f4xx_hal_uart.o [1]
UART_SetConfig           0x804'691f    0x302  Code  Lc  stm32f4xx_hal_uart.o [1]
UART_Transmit_IT         0x804'67f1     0x6a  Code  Lc  stm32f4xx_hal_uart.o [1]
USART1_IRQHandler        0x804'9a0d     0x1a  Code  Gb  stm32f4xx_it.o [1]
UsageFault_Handler       0x804'99a1      0x2  Code  Gb  stm32f4xx_it.o [1]
WM_Activate              0x804'11c7      0xc  Code  Gb  WM.o [2]
WM_BringToBottom         0x804'2add     0x82  Code  Gb  WM_BringToBottom.o [2]
WM_CreateWindowAsChild   0x804'0d6b    0x13e  Code  Gb  WM.o [2]
WM_DefaultProc           0x804'11d3     0x44  Code  Gb  WM.o [2]
WM_GetClientRect         0x804'2b93     0x12  Code  Gb  WM_GetClientRect.o [2]
WM_GetDesktopWindow      0x804'1ac1     0x18  Code  Gb  WM_GetDesktopWindow.o [2]
WM_GetFirstChild         0x804'2a31      0xe  Code  Gb  WM_GetFirstChild.o [2]
WM_GetParent             0x804'337d      0xe  Code  Gb  WM_GetParent.o [2]
WM_Init                  0x804'1233     0xb2  Code  Gb  WM.o [2]
WM_InvalidateRect        0x804'0cf1     0x76  Code  Gb  WM.o [2]
WM_InvalidateWindow      0x804'0d67      0x4  Code  Gb  WM.o [2]
WM_InvalidateWindowAndDescsEx
                         0x804'0a47     0x54  Code  Gb  WM.o [2]
WM_MULTIBUF__pAPI       0x2001'44a0      0x4  Data  Gb  WM.o [2]
WM_SelectWindow          0x804'0edf     0x36  Code  Gb  WM.o [2]
WM_SendToParent          0x804'2bb1     0x1c  Code  Gb  WM_SendToParent.o [2]
WM_SetUserClipRect       0x804'1981     0x18  Code  Gb  WM_SetUserClipRect.o [2]
WM__ActivateClipRect     0x804'0921     0x3e  Code  Gb  WM.o [2]
WM__AddCriticalHandle    0x804'2bcd      0xa  Code  Gb  WM_CriticalHandle.o [2]
WM__Client2Screen        0x804'09f5     0x10  Code  Gb  WM.o [2]
WM__ClipAtParentBorders
                         0x804'08df     0x42  Code  Gb  WM.o [2]
WM__CreateFlags         0x2001'4498      0x4  Data  Gb  WM.o [2]
WM__FirstWin            0x2001'4488      0x4  Data  Gb  WM.o [2]
WM__GetClientRectEx      0x804'2b71     0x22  Code  Gb  WM_GetClientRect.o [2]
WM__GetClientRectWin     0x804'0cd9     0x18  Code  Gb  WM.o [2]
WM__GetFirstSibling      0x804'3a23     0x10  Code  Gb  WM__GetFirstSibling.o [2]
WM__GetNextIVR           0x804'1053     0x36  Code  Gb  WM.o [2]
WM__GetPrevSibling       0x804'335b     0x22  Code  Gb  WM__GetPrevSibling.o [2]
WM__GetTopLevelLayer     0x804'0eb3     0x18  Code  Gb  WM.o [2]
WM__InitIVRSearch        0x804'1089     0xd8  Code  Gb  WM.o [2]
WM__InsertWindowIntoList
                         0x804'095f     0x96  Code  Gb  WM.o [2]
WM__Invalidate1Abs       0x804'08db      0x4  Code  Gb  WM.o [2]
WM__InvalidateDrawAndDescs
                         0x804'0a05     0x42  Code  Gb  WM.o [2]
WM__InvalidateRect       0x804'0aa5     0x70  Code  Gb  WM.o [2]
WM__InvalidateRectEx     0x804'0b15      0x4  Code  Gb  WM.o [2]
WM__NumInvalidWindows   0x2001'4468      0x2  Data  Gb  WM.o [2]
WM__NumWindows          0x2001'4466      0x2  Data  Gb  WM.o [2]
WM__PaintCallbackCnt    0x2001'4464      0x1  Data  Gb  WM.o [2]
WM__RectIsNZ             0x804'0b1f     0x20  Code  Gb  WM.o [2]
WM__SelectTopLevelLayer
                         0x804'0ecb     0x14  Code  Gb  WM.o [2]
WM__SendMessage          0x804'2a79     0x40  Code  Gb  WM__SendMessage.o [2]
WM__SendMsgNoData        0x804'0cc7     0x12  Code  Gb  WM.o [2]
WM__TouchedLayer        0x2001'4484      0x4  Data  Gb  WM.o [2]
WM__TransWindowCnt      0x2001'44a4      0x4  Data  Gb  WM.o [2]
WM__aBkColor            0x2001'4490      0x8  Data  Gb  WM.o [2]
WM__aCHWinLast          0x2001'497c     0x10  Data  Gb  WM_Touch.o [2]
WM__aCHWinModal         0x2001'4b6c     0x10  Data  Gb  WM_Touch.o [2]
[...]
_OnExit                  0x804'2523     0x32  Code  Lc  GUI_Alloc.o [2]
_OnExit                  0x804'2049     0x10  Code  Lc  LCD_Color.o [2]
_OnExit                  0x804'1217     0x1c  Code  Lc  WM.o [2]
_PrintfFull              0x803'bb09    0x1aa  Code  Gb  xprintffull.o [3]
_PushFreeBlock           0x804'267f     0x20  Code  Lc  GUI_Alloc.o [2]
_PutcharsFull            0x803'c9d1     0x2e  Code  Lc  xprintffull.o [3]
_PutfldFull              0x803'bd45    0x2d8  Code  Lc  xprintffull.o [3]
_PutstrFull              0x803'c113     0xc6  Code  Lc  xprintffull.o [3]
_PuttxtFull              0x803'c01d     0xf6  Code  Lc  xprintffull.o [3]
_RemoveFreeBlock         0x804'22e9     0x32  Code  Lc  GUI_Alloc.o [2]
_RemoveHoles             0x804'2393     0x94  Code  Lc  GUI_Alloc.o [2]
_RoundHalfUp             0x803'fab1     0x3c  Code  Lc  GUI_Valf.o [2]
_SNProut                 0x803'cb2f     0x1a  Code  Gb  xsnprout.o [3]
_SetBkColor              0x804'0335     0x1c  Code  Lc  LCD.o [2]
_SetClipRectUserIntersect
                         0x804'080f     0x4a  Code  Lc  WM.o [2]
_SetColor                0x804'0351     0x1c  Code  Lc  LCD.o [2]
_SetColorAPI             0x804'9fb0      0xc  Data  Lc  LCD.o [2]
_SetDrawMode             0x804'036d     0x24  Code  Lc  LCD.o [2]
_SetLUTEntry             0x804'821d     0x1e  Code  Lc  GUIDRV_Template.o [1]
_SetLineColor            0x803'f1fb     0x78  Code  Lc  GUI_DrawLine.o [2]
_SetOrg                  0x804'813f     0x1c  Code  Lc  GUIDRV_Template.o [1]
_SetPixelIndex           0x804'79fd     0x14  Code  Lc  GUIDRV_Template.o [1]
_SetSize                 0x804'81a3     0x42  Code  Lc  GUIDRV_Template.o [1]
_SetVRAMAddr             0x804'815b     0x2a  Code  Lc  GUIDRV_Template.o [1]
_SetVSize                0x804'8185     0x1e  Code  Lc  GUIDRV_Template.o [1]
_Strtok_ssave           0x2001'4c08      0x4  Data  Lc  strtok.o [3]
_SwapInt                 0x803'f115      0xa  Code  Lc  GUI_DrawLine.o [2]
_TestRAM                 0x804'2427     0xfc  Code  Lc  GUI_Alloc.o [2]
_UnlinkDevice            0x804'2141     0x2a  Code  Lc  GUI_Device.o [2]
_WriteTagData            0x804'22d9     0x10  Code  Lc  GUI_Alloc.o [2]
_XorPixel                0x804'7a23     0x2a  Code  Lc  GUIDRV_Template.o [1]
__NVIC_EnableIRQ         0x804'33b9     0x1c  Code  Lc  stm32f4xx_hal_cortex.o [1]
__NVIC_GetPriorityGrouping
                         0x804'33af      0xa  Code  Lc  stm32f4xx_hal_cortex.o [1]
__NVIC_SetPriority       0x804'33d5     0x24  Code  Lc  stm32f4xx_hal_cortex.o [1]
__NVIC_SetPriorityGrouping
                         0x804'3395     0x1a  Code  Lc  stm32f4xx_hal_cortex.o [1]
__aeabi_assert           0x804'7995     0x24  Code  Gb  ABIassert.o [6]
__aeabi_cdcmple          0x803'd111           Code  Gb  DblCmpLe.o [4]
__aeabi_cdrcmple         0x803'd141           Code  Gb  DblCmpGe.o [4]
__aeabi_d2f              0x804'1cb9           Code  Gb  DblToFlt.o [4]
__aeabi_d2iz             0x803'd2ad           Code  Gb  DblToS32.o [4]
__aeabi_d2uiz            0x803'd639           Code  Gb  DblToU32.o [4]
__aeabi_ddiv             0x803'd3f1           Code  Gb  DblDiv.o [4]
__aeabi_dmul             0x803'cefd           Code  Gb  DblMul.o [4]
__aeabi_dsub             0x803'd30d           Code  Gb  DblSub.o [4]
__aeabi_f2d              0x804'1d21           Code  Gb  FltToDbl.o [4]
__aeabi_i2d              0x803'd2e9           Code  Gb  S32ToDbl.o [4]
__aeabi_ldiv0            0x803'd67d           Code  Gb  I64DivZer.o [5]
__aeabi_memclr           0x804'3331           Code  Gb  ABImemclr.o [5]
__aeabi_memclr4          0x804'338d           Code  Gb  ABImemclr4.o [5]
__aeabi_memcpy           0x803'cc25           Code  Gb  ABImemcpy.o [5]
__aeabi_memcpy4          0x803'cc45           Code  Gb  ABImemcpy.o [5]
__aeabi_memcpy8          0x803'cc45           Code  Gb  ABImemcpy.o [5]
__aeabi_memmove          0x804'3299           Code  Gb  ABImemmove.o [5]
__aeabi_memmove4         0x804'3299           Code  Gb  ABImemmove.o [5]
__aeabi_memmove8         0x804'3299           Code  Gb  ABImemmove.o [5]
__aeabi_memset           0x804'39bd           Code  Gb  ABImemset.o [5]
__aeabi_ui2d             0x803'd661           Code  Gb  U32ToDbl.o [4]
__aeabi_uldivmod         0x803'cccd           Code  Gb  I64DivMod.o [5]
__cmain                  0x804'9ead           Code  Gb  cmain.o [5]
__data_GetMemChunk       0x803'bac9     0x2c  Code  Gb  xgetmemchunk.o [3]
__data_GetMemChunk::start
                        0x2001'4c10      0x4  Data  Lc  xgetmemchunk.o [3]
__exit                   0x803'baf5     0x14  Code  Gb  exit.o [6]
__iar_Fail_s             0x803'cb49     0x1c  Code  Gb  xfail_s.o [3]
__iar_Mbcurmax           0x803'cc19      0xa  Code  Gb  xmbcurmax.o [3]
__iar_Memchr             0x803'cbc1           Code  Gb  memchr.o [5]
__iar_Memset             0x804'39bd           Code  Gb  ABImemset.o [5]
__iar_Memset4_word       0x804'3a35           Code  Gb  ABImemset48.o [5]
__iar_Memset8_word       0x804'3a35           Code  Gb  ABImemset48.o [5]
__iar_Memset_word        0x804'39c5           Code  Gb  ABImemset.o [5]
__iar_Strchr             0x803'cb19           Code  Gb  strchr.o [5]
__iar_ceil64             0x804'1bf9           Code  Gb  ceil.o [4]
__iar_copy_init3         0x804'9dad     0x2c  Code  Gb  copy_init3.o [5]
__iar_dadd               0x803'd31d           Code  Gb  DblSub.o [4]
__iar_data_init3         0x804'9dd9     0x28  Code  Gb  data_init.o [5]
__iar_dlmalloc           0x803'b7cd    0x2b6  Code  Gb  dlmalloc.o [3]
__iar_dsub               0x803'd681           Code  Gb  DblAdd.o [4]
__iar_dsubStart          0x803'd693           Code  Gb  DblAdd.o [4]
__iar_floor64            0x804'1c61           Code  Gb  floor.o [4]
__iar_frexp              0x803'd0ad           Code  Gb  frexp.o [4]
__iar_frexpl             0x803'd0ad           Code  Gb  frexp.o [4]
__iar_globLocale        0x2000'0000     0x48  Data  Lc  xlocale_c.o [3]
__iar_global_Locale      0x803'caa1      0x4  Code  Gb  xlocale_c.o [3]
__iar_init_vfp           0x804'9e25           Code  Gb  fpinit_M.o [4]
__iar_ldexp64            0x803'd171           Code  Gb  ldexp.o [4]
__iar_program_start      0x804'9fbd           Code  Gb  cstartup_M.o [5]
__iar_scalbln64          0x803'd171           Code  Gb  ldexp.o [4]
__iar_scalbn64           0x803'd171           Code  Gb  ldexp.o [4]
__iar_softfp___iar_frexp64
                         0x803'd0a1           Code  Gb  frexp.o [4]
__iar_softfp_frexp       0x803'd0a1           Code  Gb  frexp.o [4]
__iar_softfp_frexpl      0x803'd0a1           Code  Gb  frexp.o [4]
__iar_vfp___iar_ceil64   0x804'1be9           Code  Gb  ceil.o [4]
__iar_vfp___iar_floor64
                         0x804'1c51           Code  Gb  floor.o [4]
__iar_vfp_ceil           0x804'1be9           Code  Gb  ceil.o [4]
__iar_vfp_ceill          0x804'1be9           Code  Gb  ceil.o [4]
__iar_vfp_floor          0x804'1c51           Code  Gb  floor.o [4]
__iar_vfp_floorl         0x804'1c51           Code  Gb  floor.o [4]
__iar_zero_init3         0x803'ba8f     0x3a  Code  Gb  zero_init3.o [5]
__low_level_init         0x804'9ecb      0x4  Code  Gb  low_level_init.o [3]
__vector_table           0x800'0000           Data  Gb  startup_stm32f407xx.o [1]
_aState                 0x2001'4764     0x58  Data  Lc  GUI_OnKey.o [2]
_aStateLast             0x2001'4964     0x18  Data  Lc  WM_Touch.o [2]
_aX                     0x2001'4afc     0x18  Data  Lc  GUI_FillPolygon.o [2]
_acmap                   0x800'0188  0x3a980  Data  Lc  map.o [1]
_atan2                   0x803'f177     0x84  Code  Lc  GUI_DrawLine.o [2]
_call_main               0x804'9eb9           Code  Gb  cmain.o [5]
_cmd_help                0x804'7405     0x10  Code  Lc  cmd.o [1]
_exit                    0x804'9ed5           Code  Gb  cexit.o [5]
_gLocale_mblen           0x803'cb05      0x4  Code  Gb  xlocale_c.o [3]
_gLocale_mblenInt        0x803'cac9     0x2c  Code  Gb  xlocale_c.o [3]
_gLocale_wctomb          0x803'cb09      0x4  Code  Gb  xlocale_c.o [3]
_gLocale_wctombInt       0x803'cb01      0x4  Code  Gb  xlocale_c.o [3]
_gm_                    0x2001'4138    0x1d8  Data  Lc  dlmalloc.o [3]
_main                    0x804'9ec7           Code  Gb  cmain.o [5]
_nrf_clear_maxrt_irq     0x804'3617      0xc  Code  Gb  nrf24l01.o [1]
_nrf_clear_tx_irq        0x804'360b      0xc  Code  Gb  nrf24l01.o [1]
_nrf_flush_tx            0x804'3631     0x22  Code  Gb  nrf24l01.o [1]
_nrf_get_status          0x804'3601      0xa  Code  Gb  nrf24l01.o [1]
_nrf_set_mode            0x804'359b     0x66  Code  Gb  nrf24l01.o [1]
_nrf_set_rx_addr         0x804'3623      0xe  Code  Gb  nrf24l01.o [1]
_pFirstExit             0x2001'4bfc      0x4  Data  Lc  GUI_Core.o [2]
_pReadKey               0x2000'00d8      0x4  Data  Lc  GUI_OnKey.o [2]
_pWriteKey              0x2000'00dc      0x4  Data  Lc  GUI_OnKey.o [2]
_pcbMotion              0x2001'499c      0x4  Data  Lc  WM_Touch.o [2]
_pcbToolTip             0x2001'49a0      0x4  Data  Lc  WM_Touch.o [2]
_pfColor2IndexBulk      0x2001'4ba0      0x4  Data  Lc  GUICC_M565.o [2]
_pfIndex2ColorBulk      0x2001'4ba4      0x4  Data  Lc  GUICC_M565.o [2]
_pfSignalEvent          0x2001'4c00      0x4  Data  Lc  GUI_WaitEvent.o [2]
aSin                     0x803'f5a4     0x24  Data  Lc  GUI_DrawLine.o [2]
aTan                     0x803'f5c8     0x24  Data  Gb  GUI_DrawLine.o [2]
abort                    0x803'ba89      0x6  Code  Gb  abort.o [3]
acFont8ASCII             0x804'89c0    0x2f8  Data  Lc  F08_ASCII.o [2]
acFont8x16               0x803'd7ec    0xa30  Data  Lc  F8x16.o [2]
add_segment              0x803'aed1    0x1f2  Code  Lc  dlmalloc.o [3]
bmmap                    0x804'9f28     0x14  Data  Gb  map.o [1]
buffer_count            0x2001'4bc8      0x4  Data  Gb  cmd.o [1]
can_callback_add         0x804'7487     0x1c  Code  Gb  can_utils.o [1]
can_callback_table      0x2001'4bbc      0x4  Data  Lc  can_utils.o [1]
can_exc_callback         0x804'74a3     0x26  Code  Gb  can_utils.o [1]
can_exc_callback_flag   0x2001'4bb0      0x4  Data  Gb  can_utils.o [1]
can_func_init            0x804'7619     0x10  Code  Gb  can_func.o [1]
can_init                 0x804'7455     0x32  Code  Gb  can_utils.o [1]
can_rx_data             0x2001'4b88      0x8  Data  Gb  can_utils.o [1]
can_rx_rate             0x2001'4be4      0x4  Data  Gb  GUI_Frame.o [1]
can_std_mask_filter_conf
                         0x804'7569     0x72  Code  Gb  can_utils.o [1]
can_text_cnt            0x2001'4c19      0x1  Data  Gb  GUI_Frame.o [1]
can_window_update        0x803'eb8d     0x86  Code  Gb  GUI_Frame.o [1]
cbBackWin                0x804'117d     0x4a  Code  Lc  WM.o [2]
ceil                     0x804'1bf9           Code  Gb  ceil.o [4]
ceill                    0x804'1bf9           Code  Gb  ceil.o [4]
clear_rate               0x803'ed9f      0xe  Code  Gb  GUI_Frame.o [1]
cmd_add                  0x804'72f9     0x54  Code  Gb  cmd.o [1]
cmd_argv                0x2001'49a4     0x30  Data  Gb  cmd.o [1]
cmd_exec                 0x804'72b3     0x2c  Code  Gb  cmd.o [1]
cmd_func_init            0x804'75f1     0x10  Code  Gb  cmd_func.o [1]
cmd_hello_func           0x804'7601      0xa  Code  Gb  cmd_func.o [1]
cmd_help_func            0x804'72e1     0x18  Code  Gb  cmd.o [1]
cmd_init                 0x804'71c3     0x26  Code  Gb  cmd.o [1]
cmd_parse                0x804'7285     0x2e  Code  Gb  cmd.o [1]
cmd_table               0x2001'4bc0      0x4  Data  Lc  cmd.o [1]
cmpAtom                  0x804'7665      0xe  Code  Lc  hash.o [1]
delim                   0x2000'0114      0x4  Data  Lc  cmd.o [1]
drawCoordiantes          0x803'e49d    0x1a0  Code  Gb  GUI_Frame.o [1]
drawMainFrame            0x803'e63d     0xda  Code  Gb  GUI_Frame.o [1]
draw_map_point           0x804'7629     0x10  Code  Gb  can_func.o [1]
draw_point_onMap         0x803'eca5     0x8a  Code  Gb  GUI_Frame.o [1]
emWin_LCD_Init           0x804'06fd     0x8c  Code  Gb  LCD.o [2]
exit                     0x804'9ecf      0x4  Code  Gb  exit.o [3]
flag                    0x2001'4aa0     0x20  Data  Gb  main.o [1]
floor                    0x804'1c61           Code  Gb  floor.o [4]
floorl                   0x804'1c61           Code  Gb  floor.o [4]
freeKeyAtom              0x804'7677      0x2  Code  Lc  hash.o [1]
hadc1                   0x2001'485c     0x48  Data  Gb  adc.o [1]
hashAtom                 0x804'7673      0x4  Code  Lc  hash.o [1]
hashStr                  0x804'7679     0x20  Code  Gb  hash.o [1]
hash_id                  0x804'75dd      0x4  Code  Lc  can_utils.o [1]
hcan1                   0x2001'4a04     0x28  Data  Gb  can.o [1]
hcrc                    0x2001'4b98      0x8  Data  Gb  crc.o [1]
hdma_adc1               0x2001'45ec     0x60  Data  Gb  adc.o [1]
hdma_usart1_rx          0x2001'464c     0x60  Data  Gb  usart.o [1]
hdma_usart1_tx          0x2001'46ac     0x60  Data  Gb  usart.o [1]
hspi3                   0x2001'470c     0x58  Data  Gb  spi.o [1]
hsram1                  0x2001'47bc     0x50  Data  Gb  fsmc.o [1]
htim3                   0x2001'48e4     0x40  Data  Gb  tim.o [1]
huart1                  0x2001'4924     0x40  Data  Gb  usart.o [1]
id_cmp                   0x804'75e1     0x10  Code  Lc  can_utils.o [1]
inc                      0x804'3873     0xa6  Code  Gb  main.o [1]
init_mparams             0x803'ab23     0x32  Code  Lc  dlmalloc.o [3]
init_top                 0x803'ab55     0x36  Code  Lc  dlmalloc.o [3]
lcd_enable              0x2000'0118      0x4  Data  Gb  Lcd_Top.o [1]
lcd_flag                0x2001'4be8      0x4  Data  Gb  Lcd_Top.o [1]
lcd_place               0x2000'011c      0x4  Data  Gb  Lcd_Top.o [1]
lcddev                  0x2001'4b5c     0x10  Data  Gb  ILI93xx.o [1]
ldexp                    0x803'd171           Code  Gb  ldexp.o [4]
ldexpl                   0x803'd171           Code  Gb  ldexp.o [4]
ledpwm_set_intensity     0x804'5545     0x6c  Code  Gb  ledpwm.o [1]
localeconv               0x803'cb0d      0x4  Code  Gb  xlocale_c.o [3]
main                     0x804'375d     0x74  Code  Gb  main.o [1]
memchr                   0x803'cbc1           Code  Gb  memchr.o [5]
menu1Rect               0x2000'00e4      0x8  Data  Gb  GUI_Frame.o [1]
menu2Rect               0x2000'00ec      0x8  Data  Gb  GUI_Frame.o [1]
menu3Rect               0x2000'00f4      0x8  Data  Gb  GUI_Frame.o [1]
menu4Rect               0x2000'00fc      0x8  Data  Gb  GUI_Frame.o [1]
menu5Rect               0x2000'0104      0x8  Data  Gb  GUI_Frame.o [1]
menu6Rect               0x2000'010c      0x8  Data  Gb  GUI_Frame.o [1]
menu_clear_window        0x803'e8cd     0x1a  Code  Gb  GUI_Frame.o [1]
menu_function            0x803'e8e7    0x22a  Code  Gb  GUI_Frame.o [1]
menu_pagedown            0x803'e717     0x4e  Code  Gb  GUI_Frame.o [1]
menu_pageup              0x803'e765     0x5a  Code  Gb  GUI_Frame.o [1]
menu_update              0x803'e7bf    0x106  Code  Gb  GUI_Frame.o [1]
mparams                 0x2001'4b30     0x18  Data  Lc  dlmalloc.o [3]
now_state               0x2000'0134      0x1  Data  Gb  GUI_Frame.o [1]
nrf_config              0x2000'0098     0x10  Data  Lc  nrf24l01.o [1]
nrf_flow_state          0x2001'4c1a      0x1  Data  Gb  nrf24l01.o [1]
nrf_handle              0x2001'4a7c     0x24  Data  Gb  nrf24l01.o [1]
nrf_irq_handle           0x804'34c1     0xda  Code  Gb  nrf24l01.o [1]
nrf_read_reg             0x804'369d     0x36  Code  Lc  nrf24l01.o [1]
nrf_read_reg_byte        0x804'36d3     0x12  Code  Lc  nrf24l01.o [1]
nrf_rx_addr             0x2001'4ac0     0x20  Data  Gb  nrf24l01.o [1]
nrf_spi_delay            0x804'370d     0x1a  Code  Lc  nrf24l01.o [1]
nrf_spi_end              0x804'36f9     0x14  Code  Lc  nrf24l01.o [1]
nrf_spi_start            0x804'36e5     0x14  Code  Lc  nrf24l01.o [1]
nrf_tx_data_unlock       0x804'3727      0x8  Code  Gb  nrf24l01.o [1]
nrf_write_reg            0x804'3653     0x3c  Code  Lc  nrf24l01.o [1]
nrf_write_reg_byte       0x804'368f      0xe  Code  Lc  nrf24l01.o [1]
prepend_alloc            0x803'ab8b    0x346  Code  Lc  dlmalloc.o [3]
print_buffer            0x2001'44bc     0x68  Data  Gb  cmd.o [1]
rx_buffer               0x2001'4b90      0x8  Data  Lc  can_utils.o [1]
rx_callback_cnt         0x2001'4c1c      0x1  Data  Gb  nrf24l01.o [1]
rx_id                   0x2001'4bb8      0x4  Data  Lc  can_utils.o [1]
s                       0x2000'0080     0x18  Data  Lc  cmd.o [1]
scalbln                  0x803'd171           Code  Gb  ldexp.o [4]
scalblnl                 0x803'd171           Code  Gb  ldexp.o [4]
scalbn                   0x803'd171           Code  Gb  ldexp.o [4]
scalbnl                  0x803'd171           Code  Gb  ldexp.o [4]
scale                    0x803'c2eb     0x46  Code  Lc  xprintffull.o [3]
sec_hand                0x2001'4c0c      0x4  Data  Lc  xfail_s.o [3]
segment_holding          0x803'ab09     0x1a  Code  Lc  dlmalloc.o [3]
send_wave                0x804'7385     0x68  Code  Gb  cmd.o [1]
send_wave_flag          0x2001'4bcc      0x4  Data  Gb  flags.o [1]
show_rate                0x803'ed47     0x58  Code  Gb  GUI_Frame.o [1]
show_robocon_map         0x803'e48d     0x10  Code  Gb  GUI_Frame.o [1]
show_state              0x2000'0135      0x1  Data  Gb  GUI_Frame.o [1]
show_system_time         0x803'ec81     0x24  Code  Gb  GUI_Frame.o [1]
show_time                0x803'ec13     0x6e  Code  Gb  GUI_Frame.o [1]
simplelib_init           0x804'4835     0x1e  Code  Gb  simplelib.o [1]
simplelib_run            0x804'4855     0x46  Code  Gb  simplelib.o [1]
std_id                  0x2001'4bb4      0x4  Data  Gb  can_utils.o [1]
str_cmp                  0x804'73f1     0x14  Code  Lc  cmd.o [1]
strchr                   0x803'cb19           Code  Gb  strchr.o [5]
strcmp                   0x804'7949           Code  Gb  strcmp.o [5]
strcpy                   0x804'7875           Code  Gb  strcpy.o [5]
strcspn                  0x804'79db     0x22  Code  Gb  strcspn.o [3]
strlen                   0x803'cb89           Code  Gb  strlen.o [5]
strspn                   0x804'79b9     0x22  Code  Gb  strspn.o [3]
strtok                   0x804'78c1     0x4c  Code  Gb  strtok.o [3]
sys_alloc                0x803'b0c9    0x164  Code  Lc  dlmalloc.o [3]
temp                    0x2001'4c1e      0x1  Data  Lc  nrf24l01.o [1]
test_pos                 0x803'edb5    0x1be  Code  Gb  GUI_Frame.o [1]
time_1ms_cnt            0x2001'4bdc      0x4  Data  Gb  GUI_Frame.o [1]
time_1s_cnt             0x2001'4bd8      0x4  Data  Gb  GUI_Frame.o [1]
time_1s_flag            0x2001'4bd4      0x4  Data  Gb  GUI_Frame.o [1]
tmalloc_large            0x803'b239    0x386  Code  Lc  dlmalloc.o [3]
tmalloc_small            0x803'b5bf    0x200  Code  Lc  dlmalloc.o [3]
tx_locked               0x2001'4c1b      0x1  Data  Gb  nrf24l01.o [1]
tx_pipe0_addr_eq        0x2001'4c1d      0x1  Data  Lc  nrf24l01.o [1]
uprintf                  0x804'734d     0x36  Code  Gb  cmd.o [1]
usart_DMA_init           0x804'7199     0x2a  Code  Gb  cmd.o [1]
usart_exc_DMA            0x804'71e9     0x30  Code  Gb  cmd.o [1]
usart_rx_rate           0x2001'4be0      0x4  Data  Gb  GUI_Frame.o [1]
usart_text_cnt          0x2001'4c18      0x1  Data  Gb  GUI_Frame.o [1]
usart_window_update      0x803'eb1d     0x70  Code  Gb  GUI_Frame.o [1]
uwTick                  0x2001'4bf0      0x4  Data  Gb  stm32f4xx_hal.o [1]
uwTickFreq              0x2000'0136      0x1  Data  Gb  stm32f4xx_hal.o [1]
uwTickPrio              0x2000'0120      0x4  Data  Gb  stm32f4xx_hal.o [1]
vsnprintf                0x804'790d     0x3c  Code  Gb  vsnprint.o [3]


[1] = E:\Robocon_Value\DisplayLCD\EWARM\DisplayLCD\Obj
[2] = STemWin522_CM4_IAR.a
[3] = dl7M_tlf.a
[4] = m7M_tls.a
[5] = rt7M_tl.a
[6] = shb_l.a

   55 462 bytes of readonly  code memory
  248 346 bytes of readonly  data memory
  101 406 bytes of readwrite data memory

Errors: none
Warnings: 1
