###############################################################################
#
# IAR ELF Linker V8.30.1.114/W32 for ARM                  15/Jan/2020  21:51:16
# Copyright 2007-2018 IAR Systems AB.
#
#    Output file  =  
#        E:\Robocon_Value\DisplayLCD\EWARM\DisplayLCD\Exe\DisplayLCD.out
#    Map file     =  
#        E:\Robocon_Value\DisplayLCD\EWARM\DisplayLCD\List\DisplayLCD.map
#    Command line =  
#        -f C:\Users\DELL\AppData\Local\Temp\EW717D.tmp
#        (E:\Robocon_Value\DisplayLCD\EWARM\DisplayLCD\Obj\adc.o
#        E:\Robocon_Value\DisplayLCD\EWARM\DisplayLCD\Obj\can.o
#        E:\Robocon_Value\DisplayLCD\EWARM\DisplayLCD\Obj\can_func.o
#        E:\Robocon_Value\DisplayLCD\EWARM\DisplayLCD\Obj\can_utils.o
#        E:\Robocon_Value\DisplayLCD\EWARM\DisplayLCD\Obj\cmd.o
#        E:\Robocon_Value\DisplayLCD\EWARM\DisplayLCD\Obj\cmd_func.o
#        E:\Robocon_Value\DisplayLCD\EWARM\DisplayLCD\Obj\crc.o
#        E:\Robocon_Value\DisplayLCD\EWARM\DisplayLCD\Obj\dma.o
#        E:\Robocon_Value\DisplayLCD\EWARM\DisplayLCD\Obj\flags.o
#        E:\Robocon_Value\DisplayLCD\EWARM\DisplayLCD\Obj\frame_func.o
#        E:\Robocon_Value\DisplayLCD\EWARM\DisplayLCD\Obj\fsmc.o
#        E:\Robocon_Value\DisplayLCD\EWARM\DisplayLCD\Obj\gpio.o
#        E:\Robocon_Value\DisplayLCD\EWARM\DisplayLCD\Obj\GUI_Frame.o
#        E:\Robocon_Value\DisplayLCD\EWARM\DisplayLCD\Obj\GUI_X.o
#        E:\Robocon_Value\DisplayLCD\EWARM\DisplayLCD\Obj\GUIConf.o
#        E:\Robocon_Value\DisplayLCD\EWARM\DisplayLCD\Obj\GUIDRV_Template.o
#        E:\Robocon_Value\DisplayLCD\EWARM\DisplayLCD\Obj\hash.o
#        E:\Robocon_Value\DisplayLCD\EWARM\DisplayLCD\Obj\ILI93xx.o
#        E:\Robocon_Value\DisplayLCD\EWARM\DisplayLCD\Obj\Lcd_Top.o
#        E:\Robocon_Value\DisplayLCD\EWARM\DisplayLCD\Obj\LCDConf_FlexColor_Template.o
#        E:\Robocon_Value\DisplayLCD\EWARM\DisplayLCD\Obj\ledpwm.o
#        E:\Robocon_Value\DisplayLCD\EWARM\DisplayLCD\Obj\main.o
#        E:\Robocon_Value\DisplayLCD\EWARM\DisplayLCD\Obj\map.o
#        E:\Robocon_Value\DisplayLCD\EWARM\DisplayLCD\Obj\nrf24l01.o
#        E:\Robocon_Value\DisplayLCD\EWARM\DisplayLCD\Obj\nrf_comm.o
#        E:\Robocon_Value\DisplayLCD\EWARM\DisplayLCD\Obj\robocon_image.o
#        E:\Robocon_Value\DisplayLCD\EWARM\DisplayLCD\Obj\simplelib.o
#        E:\Robocon_Value\DisplayLCD\EWARM\DisplayLCD\Obj\spi.o
#        E:\Robocon_Value\DisplayLCD\EWARM\DisplayLCD\Obj\startup_stm32f407xx.o
#        E:\Robocon_Value\DisplayLCD\GUI\Lib\STemWin522_CM4_IAR.a
#        E:\Robocon_Value\DisplayLCD\EWARM\DisplayLCD\Obj\stm32f4xx_hal.o
#        E:\Robocon_Value\DisplayLCD\EWARM\DisplayLCD\Obj\stm32f4xx_hal_adc.o
#        E:\Robocon_Value\DisplayLCD\EWARM\DisplayLCD\Obj\stm32f4xx_hal_adc_ex.o
#        E:\Robocon_Value\DisplayLCD\EWARM\DisplayLCD\Obj\stm32f4xx_hal_can.o
#        E:\Robocon_Value\DisplayLCD\EWARM\DisplayLCD\Obj\stm32f4xx_hal_cortex.o
#        E:\Robocon_Value\DisplayLCD\EWARM\DisplayLCD\Obj\stm32f4xx_hal_crc.o
#        E:\Robocon_Value\DisplayLCD\EWARM\DisplayLCD\Obj\stm32f4xx_hal_dma.o
#        E:\Robocon_Value\DisplayLCD\EWARM\DisplayLCD\Obj\stm32f4xx_hal_dma_ex.o
#        E:\Robocon_Value\DisplayLCD\EWARM\DisplayLCD\Obj\stm32f4xx_hal_exti.o
#        E:\Robocon_Value\DisplayLCD\EWARM\DisplayLCD\Obj\stm32f4xx_hal_flash.o
#        E:\Robocon_Value\DisplayLCD\EWARM\DisplayLCD\Obj\stm32f4xx_hal_flash_ex.o
#        E:\Robocon_Value\DisplayLCD\EWARM\DisplayLCD\Obj\stm32f4xx_hal_flash_ramfunc.o
#        E:\Robocon_Value\DisplayLCD\EWARM\DisplayLCD\Obj\stm32f4xx_hal_gpio.o
#        E:\Robocon_Value\DisplayLCD\EWARM\DisplayLCD\Obj\stm32f4xx_hal_msp.o
#        E:\Robocon_Value\DisplayLCD\EWARM\DisplayLCD\Obj\stm32f4xx_hal_pwr.o
#        E:\Robocon_Value\DisplayLCD\EWARM\DisplayLCD\Obj\stm32f4xx_hal_pwr_ex.o
#        E:\Robocon_Value\DisplayLCD\EWARM\DisplayLCD\Obj\stm32f4xx_hal_rcc.o
#        E:\Robocon_Value\DisplayLCD\EWARM\DisplayLCD\Obj\stm32f4xx_hal_rcc_ex.o
#        E:\Robocon_Value\DisplayLCD\EWARM\DisplayLCD\Obj\stm32f4xx_hal_spi.o
#        E:\Robocon_Value\DisplayLCD\EWARM\DisplayLCD\Obj\stm32f4xx_hal_sram.o
#        E:\Robocon_Value\DisplayLCD\EWARM\DisplayLCD\Obj\stm32f4xx_hal_tim.o
#        E:\Robocon_Value\DisplayLCD\EWARM\DisplayLCD\Obj\stm32f4xx_hal_tim_ex.o
#        E:\Robocon_Value\DisplayLCD\EWARM\DisplayLCD\Obj\stm32f4xx_hal_uart.o
#        E:\Robocon_Value\DisplayLCD\EWARM\DisplayLCD\Obj\stm32f4xx_it.o
#        E:\Robocon_Value\DisplayLCD\EWARM\DisplayLCD\Obj\stm32f4xx_ll_fsmc.o
#        E:\Robocon_Value\DisplayLCD\EWARM\DisplayLCD\Obj\sys.o
#        E:\Robocon_Value\DisplayLCD\EWARM\DisplayLCD\Obj\system_stm32f4xx.o
#        E:\Robocon_Value\DisplayLCD\EWARM\DisplayLCD\Obj\tim.o
#        E:\Robocon_Value\DisplayLCD\EWARM\DisplayLCD\Obj\usart.o
#        E:\Robocon_Value\DisplayLCD\EWARM\DisplayLCD\Obj\utils.o --redirect
#        _Printf=_PrintfFull --redirect _Scanf=_ScanfFull --no_out_extension -o
#        E:\Robocon_Value\DisplayLCD\EWARM\DisplayLCD\Exe\DisplayLCD.out --map
#        E:\Robocon_Value\DisplayLCD\EWARM\DisplayLCD\List\DisplayLCD.map
#        --config G:\SOFTWARE\IAR\arm\config\linker\ST\stm32f407xG.icf
#        --semihosting --entry __iar_program_start --vfe --text_out locale)
#
###############################################################################

*******************************************************************************
*** MESSAGES
***

Warning[Lt009]: Inconsistent wchar_t size
            GUI_Val.o(STemWin522_CM4_IAR.a) and 150 other objects have wchar_t
                      size 16 bits
            adc.o and 85 other objects, some of them in dl7M_tlf.a and 12 other
                      libraries have wchar_t size 32 bits


*******************************************************************************
*** RUNTIME MODEL ATTRIBUTES
***

CppFlavor       = *
__Heap_Handler  = DLMalloc
__SystemLibrary = DLib
__dlib_version  = 6


*******************************************************************************
*** HEAP SELECTION
***

The advanced heap was selected because the application calls memory
allocation functions outside of system library functions, and there
are calls to deallocation functions in the application.


*******************************************************************************
*** PLACEMENT SUMMARY
***

"A0":  place at 0x800'0000 { ro section .intvec };
"P1":  place in [from 0x800'0000 to 0x80f'ffff] { ro };
define block CSTACK with size = 8K, alignment = 8 { };
"P3":  place in [from 0x1000'0000 to 0x1000'ffff] {
          block CSTACK, section .ccram };
define block HEAP with size = 8K, alignment = 8 { };
"P4":  place in [from 0x2000'0000 to 0x2001'bfff] |
                [from 0x2001'c000 to 0x2001'ffff] { rw, block HEAP };
initialize by copy { rw };

No sections matched the following patterns:

  ro section application_specific_ro  in "P2"
  section .backup_sram                in "P5"
  section .ccram                      in "P3"


  Section            Kind         Address     Size  Object
  -------            ----         -------     ----  ------
"A0":                                        0x188
  .intvec            ro code   0x800'0000    0x188  startup_stm32f407xx.o [1]
                             - 0x800'0188    0x188

"P1":                                      0x4b8c8
  .rodata            const     0x800'0188  0x3a980  map.o [1]
  .rodata            const     0x803'ab08   0x1500  FComic24B_ASCII.o [2]
  .text              ro code   0x803'c008    0xf80  dlmalloc.o [3]
  .text              ro code   0x803'cf88      0x6  abort.o [3]
  .text              ro code   0x803'cf8e     0x3a  zero_init3.o [5]
  .text              ro code   0x803'cfc8     0x2c  xgetmemchunk.o [3]
  .text              ro code   0x803'cff4     0x14  exit.o [6]
  .text              ro code   0x803'd008    0xf7a  xprintffull.o [3]
  .text              ro code   0x803'df82     0x1e  xencoding_8859_1.o [3]
  .text              ro code   0x803'dfa0     0x78  xlocale_c.o [3]
  .text              ro code   0x803'e018     0x16  strchr.o [5]
  .text              ro code   0x803'e02e     0x1a  xsnprout.o [3]
  .text              ro code   0x803'e048     0x40  xfail_s.o [3]
  .text              ro code   0x803'e088     0x36  strlen.o [5]
  .text              ro code   0x803'e0c0     0x58  memchr.o [5]
  .text              ro code   0x803'e118      0xa  xmbcurmax.o [3]
  .text              ro code   0x803'e124     0xa6  ABImemcpy.o [5]
  .text              ro code   0x803'e1cc    0x230  I64DivMod.o [5]
  .text              ro code   0x803'e3fc    0x1a2  DblMul.o [4]
  .text              ro code   0x803'e5a0     0x70  frexp.o [4]
  .text              ro code   0x803'e610     0x2e  DblCmpLe.o [4]
  .text              ro code   0x803'e640     0x2e  DblCmpGe.o [4]
  .text              ro code   0x803'e670    0x13a  ldexp.o [4]
  .text              ro code   0x803'e7ac     0x3a  DblToS32.o [4]
  .text              ro code   0x803'e7e8     0x22  S32ToDbl.o [4]
  .text              ro code   0x803'e80c     0xe2  DblSub.o [4]
  .text              ro code   0x803'e8f0    0x246  DblDiv.o [4]
  .text              ro code   0x803'eb38     0x28  DblToU32.o [4]
  .text              ro code   0x803'eb60     0x1a  U32ToDbl.o [4]
  .text              ro code   0x803'eb7c      0x2  I64DivZer.o [5]
  .text              ro code   0x803'eb80    0x16a  DblAdd.o [4]
  .rodata            const     0x803'ecec    0xca0  F8x16.o [2]
  .text              ro code   0x803'f98c    0xb9c  GUI_Frame.o [1]
  .text              ro code   0x804'0528     0xec  GUI_DrawBitmap.o [2]
  .text              ro code   0x804'0614      0x8  GUI_SetColor.o [2]
  .text              ro code   0x804'061c     0x10  GUI_Pen.o [2]
  .text              ro code   0x804'062c    0x4d8  GUI_DrawLine.o [2]
  .text              ro code   0x804'0b04     0x78  GUI_Val.o [2]
  .text              ro code   0x804'0b7c     0x14  GUI_SetFont.o [2]
  .text              ro code   0x804'0b90     0x14  GUI_SetTextMode.o [2]
  .text              ro code   0x804'0ba4     0x4c  GUI_DrawHLine.o [2]
  .text              ro code   0x804'0bf0     0x44  GUI_DrawVLine.o [2]
  .text              ro code   0x804'0c34    0x188  GUI_DispStringInRect.o [2]
  .text              ro code   0x804'0dbc    0x1a4  GUI_Core.o [2]
  .text              ro code   0x804'0f60    0x264  frame_func.o [1]
  .text              ro code   0x804'11c4      0xe  GUI_DispStringAtCEOL.o [2]
  .text              ro code   0x804'11d4     0x10  GUI_DispStringAt.o [2]
  .text              ro code   0x804'11e4     0x48  GUI_DrawPoint.o [2]
  .text              ro code   0x804'122c     0xf0  GUI_Valf.o [2]
  .text              ro code   0x804'131c    0x780  ILI93xx.o [1]
  .text              ro code   0x804'1a9c     0x10  GUI_Goto.o [2]
  .text              ro code   0x804'1aac      0x4  GUI_SetDrawMode.o [2]
  .text              ro code   0x804'1ab0    0x4bc  LCD.o [2]
  .text              ro code   0x804'1f6c    0xb14  WM.o [2]
  .text              ro code   0x804'2a80    0x1ec  GUI_FillPolygon.o [2]
  .text              ro code   0x804'2c6c    0x100  GUI_AddDecShift.o [2]
  .text              ro code   0x804'2d6c     0xfc  GUI_DispString.o [2]
  .text              ro code   0x804'2e68     0x1c  GUI_AddDecMin.o [2]
  .text              ro code   0x804'2e84     0x54  GUI_Char.o [2]
  .text              ro code   0x804'2ed8      0xa  GUI_GetClientRect.o [2]
  .text              ro code   0x804'2ee4    0x1b4  GUI_CharLine.o [2]
  .text              ro code   0x804'3098     0x4c  GUI_UC.o [2]
  .text              ro code   0x804'30e4     0x16  GUI__HandleEOLine.o [2]
  .text              ro code   0x804'30fc     0x18  WM_SetUserClipRect.o [2]
  .text              ro code   0x804'3114     0x62  GUI__IntersectRects.o [2]
  .text              ro code   0x804'3176     0x54  GUI__memset.o [2]
  .text              ro code   0x804'31cc     0x24  GUIConf.o [1]
  .text              ro code   0x804'31f0     0x48  LCDConf_FlexColor_Template.o [1]
  .text              ro code   0x804'3238      0x2  GUI_X.o [1]
  .text              ro code   0x804'323c     0x18  WM_GetDesktopWindow.o [2]
  .text              ro code   0x804'3254     0x30  GUI_SetOrg.o [2]
  .text              ro code   0x804'3284     0x2c  GUI_DispCEOL.o [2]
  .text              ro code   0x804'32b0     0xb4  GUI_Circ.o [2]
  .text              ro code   0x804'3364     0x66  ceil.o [4]
  .text              ro code   0x804'33cc     0x68  floor.o [4]
  .text              ro code   0x804'3434     0x68  DblToFlt.o [4]
  .text              ro code   0x804'349c     0x48  FltToDbl.o [4]
  .text              ro code   0x804'34e4    0x25c  stm32f4xx_hal_gpio.o [1]
  .text              ro code   0x804'3740     0x5c  stm32f4xx_hal_sram.o [1]
  .text              ro code   0x804'379c     0x28  stm32f4xx_hal.o [1]
  .text              ro code   0x804'37c4     0xf8  LCD_Color.o [2]
  .text              ro code   0x804'38bc    0x12c  GUI_Device.o [2]
  .text              ro code   0x804'39e8     0x24  GUI_SelectLayer.o [2]
  .text              ro code   0x804'3a0c     0x30  LCD_SetClipRectEx.o [2]
  .text              ro code   0x804'3a3c    0x668  GUI_Alloc.o [2]
  .text              ro code   0x804'40a4     0x40  GUI__IntersectRect.o [2]
  .text              ro code   0x804'40e4     0x58  GUI_MergeRect.o [2]
  .text              ro code   0x804'413c     0x10  GUI_WaitEvent.o [2]
  .text              ro code   0x804'414c     0x1c  GUI_MoveRect.o [2]
  .text              ro code   0x804'4168     0x44  GUIDEV.o [2]
  .text              ro code   0x804'41ac      0xe  WM_GetFirstChild.o [2]
  .text              ro code   0x804'41ba     0x38  GUI_RectsIntersect.o [2]
  .text              ro code   0x804'41f4     0x40  WM__SendMessage.o [2]
  .text              ro code   0x804'4234     0x24  GUI_ALLOC_AllocZero.o [2]
  .text              ro code   0x804'4258     0x82  WM_BringToBottom.o [2]
  .text              ro code   0x804'42dc     0x10  GUI_OnKey.o [2]
  .text              ro code   0x804'42ec     0x40  WM_GetClientRect.o [2]
  .text              ro code   0x804'432c     0x1c  WM_SendToParent.o [2]
  .text              ro code   0x804'4348     0x10  WM_CriticalHandle.o [2]
  .text              ro code   0x804'4358     0xb0  GUI__ManageCache.o [2]
  .text              ro code   0x804'4408     0x86  LCD_Set.o [2]
  .text              ro code   0x804'4490    0x200  gpio.o [1]
  .text              ro code   0x804'4690    0x178  fsmc.o [1]
  .text              ro code   0x804'4808     0xe4  stm32f4xx_ll_fsmc.o [1]
  .text              ro code   0x804'48ec      0xc  stm32f4xx_hal.o [1]
  .text              ro code   0x804'48f8     0x1a  LCD_GetNumDisplays.o [2]
  .text              ro code   0x804'4914     0xee  LCD_GetEx.o [2]
  .text              ro code   0x804'4a02     0x12  GUI_SelectLCD.o [2]
  .text              ro code   0x804'4a14     0x96  ABImemmove.o [5]
  .text              ro code   0x804'4aac      0x6  ABImemclr.o [5]
  .text              ro code   0x804'4ab4     0x22  GUIDEV_Usage.o [2]
  .text              ro code   0x804'4ad6     0x22  WM__GetPrevSibling.o [2]
  .text              ro code   0x804'4af8      0xe  WM_GetParent.o [2]
  .text              ro code   0x804'4b08      0x6  ABImemclr4.o [5]
  .text              ro code   0x804'4b10    0x12c  stm32f4xx_hal_cortex.o [1]
  .text              ro code   0x804'4c3c    0x29c  nrf24l01.o [1]
  .text              ro code   0x804'4ed8    0x1f8  main.o [1]
  .text              ro code   0x804'50d0     0x44  LCD_SelectLCD.o [2]
  .text              ro code   0x804'5114     0x24  LCD_UpdateColorIndices.o [2]
  .text              ro code   0x804'5138     0x66  ABImemset.o [5]
  .text              ro code   0x804'519e     0x10  WM__GetFirstSibling.o [2]
  .text              ro code   0x804'51b0     0x32  ABImemset48.o [5]
  .text              ro code   0x804'51e4    0x744  stm32f4xx_hal_spi.o [1]
  .text              ro code   0x804'5928     0x34  stm32f4xx_hal.o [1]
  .text              ro code   0x804'595c     0x50  dma.o [1]
  .text              ro code   0x804'59ac     0xf4  can.o [1]
  .text              ro code   0x804'5aa0     0x48  crc.o [1]
  .text              ro code   0x804'5ae8    0x14c  usart.o [1]
  .text              ro code   0x804'5c34    0x140  adc.o [1]
  .text              ro code   0x804'5d74    0x17c  tim.o [1]
  .text              ro code   0x804'5ef0     0xc0  spi.o [1]
  .text              ro code   0x804'5fb0     0x7c  simplelib.o [1]
  .text              ro code   0x804'602c    0x5b6  stm32f4xx_hal_tim.o [1]
  .text              ro code   0x804'65e4    0x6da  stm32f4xx_hal_adc.o [1]
  .text              ro code   0x804'6cc0     0xb8  ledpwm.o [1]
  .text              ro code   0x804'6d78     0x84  Lcd_Top.o [1]
  .text              ro code   0x804'6dfc    0x36c  stm32f4xx_hal_rcc.o [1]
  .text              ro code   0x804'7168    0x204  stm32f4xx_hal_rcc.o [1]
  .text              ro code   0x804'736c     0x18  stm32f4xx_hal.o [1]
  .text              ro code   0x804'7384     0x4c  stm32f4xx_hal.o [1]
  .text              ro code   0x804'73d0     0x40  stm32f4xx_hal_msp.o [1]
  .text              ro code   0x804'7410    0x6a0  stm32f4xx_hal_can.o [1]
  .text              ro code   0x804'7ab0     0x28  stm32f4xx_hal_crc.o [1]
  .text              ro code   0x804'7ad8    0x8d0  stm32f4xx_hal_uart.o [1]
  .text              ro code   0x804'83a8    0x520  stm32f4xx_hal_dma.o [1]
  .text              ro code   0x804'88c8     0x4c  stm32f4xx_hal_tim_ex.o [1]
  .text              ro code   0x804'8914    0x2bc  cmd.o [1]
  .text              ro code   0x804'8bd0    0x19c  can_utils.o [1]
  .text              ro code   0x804'8d6c     0x28  cmd_func.o [1]
  .text              ro code   0x804'8d94     0x34  can_func.o [1]
  .text              ro code   0x804'8dc8      0x2  stm32f4xx_hal_tim.o [1]
  .text              ro code   0x804'8dca      0x2  stm32f4xx_hal_adc.o [1]
  .text              ro code   0x804'8dcc      0x2  stm32f4xx_hal_adc_ex.o [1]
  .text              ro code   0x804'8dce      0x2  stm32f4xx_hal_adc.o [1]
  .text              ro code   0x804'8dd0      0x2  stm32f4xx_hal_adc.o [1]
  .text              ro code   0x804'8dd2      0x2  stm32f4xx_hal_adc.o [1]
  .text              ro code   0x804'8dd4      0x2  stm32f4xx_hal_can.o [1]
  .text              ro code   0x804'8dd6      0x2  stm32f4xx_hal_can.o [1]
  .text              ro code   0x804'8dd8      0x2  stm32f4xx_hal_can.o [1]
  .text              ro code   0x804'8dda      0x2  stm32f4xx_hal_can.o [1]
  .text              ro code   0x804'8ddc      0x2  stm32f4xx_hal_can.o [1]
  .text              ro code   0x804'8dde      0x2  stm32f4xx_hal_can.o [1]
  .text              ro code   0x804'8de0      0x2  stm32f4xx_hal_can.o [1]
  .text              ro code   0x804'8de2      0x2  stm32f4xx_hal_can.o [1]
  .text              ro code   0x804'8de4      0x2  stm32f4xx_hal_can.o [1]
  .text              ro code   0x804'8de6      0x2  stm32f4xx_hal_can.o [1]
  .text              ro code   0x804'8de8      0x2  stm32f4xx_hal_can.o [1]
  .text              ro code   0x804'8dea      0x2  stm32f4xx_hal_uart.o [1]
  .text              ro code   0x804'8dec      0x2  stm32f4xx_hal_uart.o [1]
  .text              ro code   0x804'8dee      0x2  stm32f4xx_hal_uart.o [1]
  .text              ro code   0x804'8df0      0x2  stm32f4xx_hal_uart.o [1]
  .text              ro code   0x804'8df4    0x210  hash.o [1]
  .text              ro code   0x804'9004     0x4c  strcpy.o [5]
  .text              ro code   0x804'9050     0x4c  strtok.o [3]
  .text              ro code   0x804'909c     0x3c  vsnprint.o [3]
  .text              ro code   0x804'90d8     0x4a  strcmp.o [5]
  .text              ro code   0x804'9124     0x24  ABIassert.o [6]
  .text              ro code   0x804'9148     0x22  strspn.o [3]
  .text              ro code   0x804'916a     0x22  strcspn.o [3]
  .text              ro code   0x804'918c    0x8ac  GUIDRV_Template.o [1]
  .rodata            const     0x804'9a38    0x718  F6x8.o [2]
  .rodata            const     0x804'a150    0x620  F08_ASCII.o [2]
  .text              ro code   0x804'a770    0x22c  LCD_NextPixelAPI.o [2]
  .text              ro code   0x804'a99c    0x1bc  GUI__DrawBitmap16bpp.o [2]
  .text              ro code   0x804'ab58     0x16  GUI_GetColor.o [2]
  .text              ro code   0x804'ab70     0x18  LCD_GetColorIndex.o [2]
  .text              ro code   0x804'ab88    0x174  GUI_CharM.o [2]
  .text              ro code   0x804'acfc    0x12c  GUI_CharP.o [2]
  .rodata            const     0x804'ae28    0x100  GUI__DivTbl_255_31.o [2]
  .rodata            const     0x804'af28    0x100  GUI__DivTbl_255_63.o [2]
  .rodata            const     0x804'b028    0x100  LCD_Mirror.o [2]
  .text              ro code   0x804'b128     0xc8  stm32f4xx_it.o [1]
  .text              ro code   0x804'b1f0     0xc0  GUICC_M565.o [2]
  .text              ro code   0x804'b2b0     0xc0  GUICC_0.o [2]
  .text              ro code   0x804'b370     0x3e  GUI_CalcColorDist.o [2]
  .text              ro code   0x804'b3b0     0x60  system_stm32f4xx.o [1]
  .rodata            const     0x804'b410     0x40  GUI__DivTbl_63_255.o [2]
  .rodata            const     0x804'b450     0x34  GUIDRV_Template.o [1]
  .rodata            const     0x804'b484     0x34  hash.o [1]
  .text              ro code   0x804'b4b8     0x2c  GUI_DrawBitmap_565.o [2]
  .text              ro code   0x804'b4e4     0x2c  GUICC_M565_Index2Color.o [2]
  .text              ro code   0x804'b510     0x2c  GUICC_565_Index2Color.o [2]
  .text              ro code   0x804'b53c     0x2c  copy_init3.o [5]
  .text              ro code   0x804'b568     0x28  data_init.o [5]
  .text              ro code   0x804'b590     0x24  GUI_UC_EncodeNone.o [2]
  .text              ro code   0x804'b5b4     0x22  fpinit_M.o [4]
  .iar.init_table    const     0x804'b5d8     0x24  - Linker created -
  .rodata            const     0x804'b5fc     0x20  hash.o [1]
  .rodata            const     0x804'b61c     0x20  GUI__DivTbl_31_255.o [2]
  .text              ro code   0x804'b63c     0x1e  cmain.o [5]
  .text              ro code   0x804'b65a      0x4  low_level_init.o [3]
  .text              ro code   0x804'b65e      0x4  exit.o [3]
  .text              ro code   0x804'b664      0xa  cexit.o [5]
  .rodata            const     0x804'b670     0x18  simplelib.o [1]
  .rodata            const     0x804'b688     0x18  GUICC_M565.o [2]
  .rodata            const     0x804'b6a0     0x18  GUICC_0.o [2]
  .rodata            const     0x804'b6b8     0x14  map.o [1]
  .rodata            const     0x804'b6cc     0x10  cmd.o [1]
  .rodata            const     0x804'b6dc     0x10  cmd.o [1]
  .rodata            const     0x804'b6ec     0x10  cmd_func.o [1]
  .rodata            const     0x804'b6fc     0x10  system_stm32f4xx.o [1]
  .text              ro code   0x804'b70c     0x10  startup_stm32f407xx.o [1]
  .rodata            const     0x804'b71c      0xc  cmd.o [1]
  .rodata            const     0x804'b728      0xc  hash.o [1]
  .rodata            const     0x804'b734      0xc  GUI_DrawBitmap_565.o [2]
  .rodata            const     0x804'b740      0xc  LCD.o [2]
  .text              ro code   0x804'b74c      0xc  cstartup_M.o [5]
  .rodata            const     0x804'b758      0x8  cmd.o [1]
  .rodata            const     0x804'b760      0x8  cmd.o [1]
  .rodata            const     0x804'b768      0x8  cmd.o [1]
  .rodata            const     0x804'b770      0x8  cmd_func.o [1]
  .rodata            const     0x804'b778      0x8  cmd_func.o [1]
  .rodata            const     0x804'b780      0x8  GUI_Frame.o [1]
  .rodata            const     0x804'b788      0x8  GUI_Frame.o [1]
  .rodata            const     0x804'b790      0x8  GUI_Frame.o [1]
  .rodata            const     0x804'b798      0x8  GUI_Frame.o [1]
  .rodata            const     0x804'b7a0      0x8  GUI_Frame.o [1]
  .rodata            const     0x804'b7a8      0x8  GUI_Frame.o [1]
  .rodata            const     0x804'b7b0      0x8  GUI_Frame.o [1]
  .rodata            const     0x804'b7b8      0x8  GUI_Frame.o [1]
  .rodata            const     0x804'b7c0      0x8  GUIDRV_Template.o [1]
  .rodata            const     0x804'b7c8      0x8  GUIDRV_Template.o [1]
  .rodata            const     0x804'b7d0      0x8  GUIDRV_Template.o [1]
  .rodata            const     0x804'b7d8      0x8  hash.o [1]
  .rodata            const     0x804'b7e0      0x8  stm32f4xx_hal_dma.o [1]
  .rodata            const     0x804'b7e8      0x8  system_stm32f4xx.o [1]
  .rodata            const     0x804'b7f0      0x8  tim.o [1]
  .rodata            const     0x804'b7f8      0x6  xlocale_c.o [3]
  .rodata            const     0x804'b800      0x4  GUIDRV_Template.o [1]
  .text              ro code   0x804'b804      0x4  startup_stm32f407xx.o [1]
  .text              ro code   0x804'b808      0x4  startup_stm32f407xx.o [1]
  .text              ro code   0x804'b80c      0x4  startup_stm32f407xx.o [1]
  .text              ro code   0x804'b810      0x4  startup_stm32f407xx.o [1]
  .text              ro code   0x804'b814      0x4  startup_stm32f407xx.o [1]
  .text              ro code   0x804'b818      0x4  startup_stm32f407xx.o [1]
  .text              ro code   0x804'b81c      0x4  startup_stm32f407xx.o [1]
  .text              ro code   0x804'b820      0x4  startup_stm32f407xx.o [1]
  .text              ro code   0x804'b824      0x4  startup_stm32f407xx.o [1]
  .text              ro code   0x804'b828      0x4  startup_stm32f407xx.o [1]
  .text              ro code   0x804'b82c      0x4  startup_stm32f407xx.o [1]
  .text              ro code   0x804'b830      0x4  startup_stm32f407xx.o [1]
  .text              ro code   0x804'b834      0x4  startup_stm32f407xx.o [1]
  .text              ro code   0x804'b838      0x4  startup_stm32f407xx.o [1]
  .text              ro code   0x804'b83c      0x4  startup_stm32f407xx.o [1]
  .text              ro code   0x804'b840      0x4  startup_stm32f407xx.o [1]
  .text              ro code   0x804'b844      0x4  startup_stm32f407xx.o [1]
  .text              ro code   0x804'b848      0x4  startup_stm32f407xx.o [1]
  .text              ro code   0x804'b84c      0x4  startup_stm32f407xx.o [1]
  .text              ro code   0x804'b850      0x4  startup_stm32f407xx.o [1]
  .text              ro code   0x804'b854      0x4  startup_stm32f407xx.o [1]
  .text              ro code   0x804'b858      0x4  startup_stm32f407xx.o [1]
  .text              ro code   0x804'b85c      0x4  startup_stm32f407xx.o [1]
  .text              ro code   0x804'b860      0x4  startup_stm32f407xx.o [1]
  .text              ro code   0x804'b864      0x4  startup_stm32f407xx.o [1]
  .text              ro code   0x804'b868      0x4  startup_stm32f407xx.o [1]
  .text              ro code   0x804'b86c      0x4  startup_stm32f407xx.o [1]
  .text              ro code   0x804'b870      0x4  startup_stm32f407xx.o [1]
  .text              ro code   0x804'b874      0x4  startup_stm32f407xx.o [1]
  .text              ro code   0x804'b878      0x4  startup_stm32f407xx.o [1]
  .text              ro code   0x804'b87c      0x4  startup_stm32f407xx.o [1]
  .text              ro code   0x804'b880      0x4  startup_stm32f407xx.o [1]
  .text              ro code   0x804'b884      0x4  startup_stm32f407xx.o [1]
  .text              ro code   0x804'b888      0x4  startup_stm32f407xx.o [1]
  .text              ro code   0x804'b88c      0x4  startup_stm32f407xx.o [1]
  .text              ro code   0x804'b890      0x4  startup_stm32f407xx.o [1]
  .text              ro code   0x804'b894      0x4  startup_stm32f407xx.o [1]
  .text              ro code   0x804'b898      0x4  startup_stm32f407xx.o [1]
  .text              ro code   0x804'b89c      0x4  startup_stm32f407xx.o [1]
  .text              ro code   0x804'b8a0      0x4  startup_stm32f407xx.o [1]
  .text              ro code   0x804'b8a4      0x4  startup_stm32f407xx.o [1]
  .text              ro code   0x804'b8a8      0x4  startup_stm32f407xx.o [1]
  .text              ro code   0x804'b8ac      0x4  startup_stm32f407xx.o [1]
  .text              ro code   0x804'b8b0      0x4  startup_stm32f407xx.o [1]
  .text              ro code   0x804'b8b4      0x4  startup_stm32f407xx.o [1]
  .text              ro code   0x804'b8b8      0x4  startup_stm32f407xx.o [1]
  .text              ro code   0x804'b8bc      0x4  startup_stm32f407xx.o [1]
  .text              ro code   0x804'b8c0      0x4  startup_stm32f407xx.o [1]
  .text              ro code   0x804'b8c4      0x4  startup_stm32f407xx.o [1]
  .text              ro code   0x804'b8c8      0x4  startup_stm32f407xx.o [1]
  .text              ro code   0x804'b8cc      0x4  startup_stm32f407xx.o [1]
  .text              ro code   0x804'b8d0      0x4  startup_stm32f407xx.o [1]
  .text              ro code   0x804'b8d4      0x4  startup_stm32f407xx.o [1]
  .text              ro code   0x804'b8d8      0x4  startup_stm32f407xx.o [1]
  .text              ro code   0x804'b8dc      0x4  startup_stm32f407xx.o [1]
  .text              ro code   0x804'b8e0      0x4  startup_stm32f407xx.o [1]
  .text              ro code   0x804'b8e4      0x4  startup_stm32f407xx.o [1]
  .text              ro code   0x804'b8e8      0x4  startup_stm32f407xx.o [1]
  .text              ro code   0x804'b8ec      0x4  startup_stm32f407xx.o [1]
  .text              ro code   0x804'b8f0      0x4  startup_stm32f407xx.o [1]
  .text              ro code   0x804'b8f4      0x4  startup_stm32f407xx.o [1]
  .text              ro code   0x804'b8f8      0x4  startup_stm32f407xx.o [1]
  .text              ro code   0x804'b8fc      0x4  startup_stm32f407xx.o [1]
  .text              ro code   0x804'b900      0x4  startup_stm32f407xx.o [1]
  .text              ro code   0x804'b904      0x4  startup_stm32f407xx.o [1]
  .text              ro code   0x804'b908      0x4  startup_stm32f407xx.o [1]
  .text              ro code   0x804'b90c      0x4  startup_stm32f407xx.o [1]
  .text              ro code   0x804'b910      0x4  startup_stm32f407xx.o [1]
  .text              ro code   0x804'b914      0x4  startup_stm32f407xx.o [1]
  .rodata            const     0x804'b918      0x0  zero_init3.o [5]
  .rodata            const     0x804'b918      0x0  copy_init3.o [5]
  Initializer bytes  const     0x804'b918    0x138  <for P4 s0>
                             - 0x804'ba50  0x4b8c8

"P3":                                       0x2000
  CSTACK                      0x1000'0000   0x2000  <Block>
    CSTACK           uninit   0x1000'0000   0x2000  <Block tail>
                            - 0x1000'2000   0x2000

"P4", part 1 of 3:                           0x138
  P4 s0                       0x2000'0000    0x138  <Init block>
    .data            inited   0x2000'0000     0x48  xlocale_c.o [3]
    .data            inited   0x2000'0048     0x38  xlocale_c.o [3]
    .data            inited   0x2000'0080     0x18  cmd.o [1]
    .data            inited   0x2000'0098     0x10  nrf24l01.o [1]
    .data            inited   0x2000'00a8     0x10  GUI_Core.o [2]
    .data            inited   0x2000'00b8     0x10  LCD_Color.o [2]
    .data            inited   0x2000'00c8     0x10  LCD_NextPixelAPI.o [2]
    .data            inited   0x2000'00d8      0xc  GUI_OnKey.o [2]
    .data            inited   0x2000'00e4      0x8  GUI_Frame.o [1]
    .data            inited   0x2000'00ec      0x8  GUI_Frame.o [1]
    .data            inited   0x2000'00f4      0x8  GUI_Frame.o [1]
    .data            inited   0x2000'00fc      0x8  GUI_Frame.o [1]
    .data            inited   0x2000'0104      0x8  GUI_Frame.o [1]
    .data            inited   0x2000'010c      0x8  GUI_Frame.o [1]
    .data            inited   0x2000'0114      0x4  cmd.o [1]
    .data            inited   0x2000'0118      0x4  Lcd_Top.o [1]
    .data            inited   0x2000'011c      0x4  Lcd_Top.o [1]
    .data            inited   0x2000'0120      0x4  stm32f4xx_hal.o [1]
    .data            inited   0x2000'0124      0x4  system_stm32f4xx.o [1]
    .data            inited   0x2000'0128      0x4  GUI_Core.o [2]
    .data            inited   0x2000'012c      0x4  LCD.o [2]
    .data            inited   0x2000'0130      0x4  GUI_CharLine.o [2]
    .data            inited   0x2000'0134      0x1  GUI_Frame.o [1]
    .data            inited   0x2000'0135      0x1  GUI_Frame.o [1]
    .data            inited   0x2000'0136      0x1  stm32f4xx_hal.o [1]
                            - 0x2000'0138    0x138

"P4", part 2 of 3:                         0x14b8c
  .bss               zero     0x2000'0138  0x14000  GUIConf.o [1]
  .bss               zero     0x2001'4138    0x1d8  dlmalloc.o [3]
  .bss               zero     0x2001'4310     0xbc  GUI_Alloc.o [2]
  .bss               zero     0x2001'43cc     0xa0  frame_func.o [1]
  .bss               zero     0x2001'446c     0x80  GUI_Core.o [2]
  .bss               zero     0x2001'44ec     0x70  WM.o [2]
  .bss               zero     0x2001'455c     0x68  cmd.o [1]
  .bss               zero     0x2001'45c4     0x64  cmd.o [1]
  .bss               zero     0x2001'4628     0x64  cmd.o [1]
  .bss               zero     0x2001'468c     0x60  adc.o [1]
  .bss               zero     0x2001'46ec     0x60  usart.o [1]
  .bss               zero     0x2001'474c     0x60  usart.o [1]
  .bss               zero     0x2001'47ac     0x58  spi.o [1]
  .bss               zero     0x2001'4804     0x58  GUI_OnKey.o [2]
  .bss               zero     0x2001'485c     0x50  fsmc.o [1]
  .bss               zero     0x2001'48ac     0x50  ILI93xx.o [1]
  .bss               zero     0x2001'48fc     0x48  adc.o [1]
  .bss               zero     0x2001'4944     0x40  cmd.o [1]
  .bss               zero     0x2001'4984     0x40  tim.o [1]
  .bss               zero     0x2001'49c4     0x40  usart.o [1]
  .bss               zero     0x2001'4a04     0x40  WM_Touch.o [2]
  .bss               zero     0x2001'4a44     0x30  cmd.o [1]
  .bss               zero     0x2001'4a74     0x30  LCD_NextPixelAPI.o [2]
  .bss               zero     0x2001'4aa4     0x28  can.o [1]
  .bss               zero     0x2001'4acc     0x28  can_utils.o [1]
  .bss               zero     0x2001'4af4     0x28  main.o [1]
  .bss               zero     0x2001'4b1c     0x24  nrf24l01.o [1]
  .bss               zero     0x2001'4b40     0x20  main.o [1]
  .bss               zero     0x2001'4b60     0x20  nrf24l01.o [1]
  .bss               zero     0x2001'4b80     0x1c  can_utils.o [1]
  .bss               zero     0x2001'4b9c     0x1c  GUI_FillPolygon.o [2]
  .bss               zero     0x2001'4bb8     0x18  can_utils.o [1]
  .bss               zero     0x2001'4bd0     0x18  dlmalloc.o [3]
  .bss               zero     0x2001'4be8     0x14  GUI_Alloc.o [2]
  .bss               zero     0x2001'4bfc     0x10  ILI93xx.o [1]
  .bss               zero     0x2001'4c0c     0x10  WM_Touch.o [2]
  .bss               zero     0x2001'4c1c      0xc  GUI_Core.o [2]
  .bss               zero     0x2001'4c28      0x8  can_utils.o [1]
  .bss               zero     0x2001'4c30      0x8  can_utils.o [1]
  .bss               zero     0x2001'4c38      0x8  crc.o [1]
  .bss               zero     0x2001'4c40      0x8  GUICC_M565.o [2]
  .bss               zero     0x2001'4c48      0x8  GUI__ManageCache.o [2]
  .bss               zero     0x2001'4c50      0x4  can_utils.o [1]
  .bss               zero     0x2001'4c54      0x4  can_utils.o [1]
  .bss               zero     0x2001'4c58      0x4  can_utils.o [1]
  .bss               zero     0x2001'4c5c      0x4  can_utils.o [1]
  .bss               zero     0x2001'4c60      0x4  cmd.o [1]
  .bss               zero     0x2001'4c64      0x4  cmd.o [1]
  .bss               zero     0x2001'4c68      0x4  cmd.o [1]
  .bss               zero     0x2001'4c6c      0x4  flags.o [1]
  .bss               zero     0x2001'4c70      0x4  frame_func.o [1]
  .bss               zero     0x2001'4c74      0x4  fsmc.o [1]
  .bss               zero     0x2001'4c78      0x4  GUI_Frame.o [1]
  .bss               zero     0x2001'4c7c      0x4  GUI_Frame.o [1]
  .bss               zero     0x2001'4c80      0x4  GUI_Frame.o [1]
  .bss               zero     0x2001'4c84      0x4  GUI_Frame.o [1]
  .bss               zero     0x2001'4c88      0x4  GUI_Frame.o [1]
  .bss               zero     0x2001'4c8c      0x4  Lcd_Top.o [1]
  .bss               zero     0x2001'4c90      0x4  main.o [1]
  .bss               zero     0x2001'4c94      0x4  stm32f4xx_hal.o [1]
  .bss               zero     0x2001'4c98      0x4  GUI_Core.o [2]
  .bss               zero     0x2001'4c9c      0x4  GUI_Core.o [2]
  .bss               zero     0x2001'4ca0      0x4  GUI_Core.o [2]
  .bss               zero     0x2001'4ca4      0x4  GUI_WaitEvent.o [2]
  .bss               zero     0x2001'4ca8      0x4  WM__SendMessage.o [2]
  .bss               zero     0x2001'4cac      0x4  strtok.o [3]
  .bss               zero     0x2001'4cb0      0x4  xfail_s.o [3]
  .bss               zero     0x2001'4cb4      0x4  xgetmemchunk.o [3]
  .bss               zero     0x2001'4cb8      0x2  GUI_Core.o [2]
  .bss               zero     0x2001'4cba      0x2  GUI_Core.o [2]
  .bss               zero     0x2001'4cbc      0x1  GUI_Frame.o [1]
  .bss               zero     0x2001'4cbd      0x1  GUI_Frame.o [1]
  .bss               zero     0x2001'4cbe      0x1  nrf24l01.o [1]
  .bss               zero     0x2001'4cbf      0x1  nrf24l01.o [1]
  .bss               zero     0x2001'4cc0      0x1  nrf24l01.o [1]
  .bss               zero     0x2001'4cc1      0x1  nrf24l01.o [1]
  .bss               zero     0x2001'4cc2      0x1  nrf24l01.o [1]
                            - 0x2001'4cc3  0x14b8b

"P4", part 3 of 3:                          0x2000
  HEAP                        0x2001'4cc8   0x2000  <Block>
    HEAP             uninit   0x2001'4cc8   0x2000  <Block tail>
                            - 0x2001'6cc8   0x2000

Unused ranges:

         From           To      Size
         ----           --      ----
   0x804'ba50   0x80f'ffff  0xb'45b0
  0x1000'2000  0x1000'ffff    0xe000
  0x2001'4cc4  0x2001'4cc7       0x4
  0x2001'6cc8  0x2001'bfff    0x5338
  0x2001'c000  0x2001'ffff    0x4000


*******************************************************************************
*** INIT TABLE
***

          Address      Size
          -------      ----
Zero (__iar_zero_init3)
    1 destination range, total size 0x14b8b:
          0x2000'0138  0x14b8b

Copy (__iar_copy_init3)
    1 source range, total size 0x138 (100% of destination):
           0x804'b918    0x138
    1 destination range, total size 0x137:
          0x2000'0000    0x137



*******************************************************************************
*** MODULE SUMMARY
***

    Module                        ro code  ro data  rw data
    ------                        -------  -------  -------
command line/config:
    -------------------------------------------------------
    Total:

E:\Robocon_Value\DisplayLCD\EWARM\DisplayLCD\Obj: [1]
    GUIConf.o                          36            81 920
    GUIDRV_Template.o               2 220       80
    GUI_Frame.o                     2 972      114       72
    GUI_X.o                             2
    ILI93xx.o                       1 920                96
    LCDConf_FlexColor_Template.o       72
    Lcd_Top.o                         132        8       12
    adc.o                             320               168
    can.o                             244                40
    can_func.o                         52
    can_utils.o                       412               124
    cmd.o                             700       96      456
    cmd_func.o                         40       32
    crc.o                              72                 8
    dma.o                              80
    flags.o                                               4
    frame_func.o                      612               164
    fsmc.o                            376                84
    gpio.o                            512
    hash.o                            528      104
    ledpwm.o                          184
    main.o                            504                76
    map.o                                  240 020
    nrf24l01.o                        668       16       89
    simplelib.o                       124       24
    spi.o                             192                88
    startup_stm32f407xx.o             684
    stm32f4xx_hal.o                   204        5        9
    stm32f4xx_hal_adc.o             1 762
    stm32f4xx_hal_adc_ex.o              2
    stm32f4xx_hal_can.o             1 718
    stm32f4xx_hal_cortex.o            300
    stm32f4xx_hal_crc.o                40
    stm32f4xx_hal_dma.o             1 312        8
    stm32f4xx_hal_gpio.o              604
    stm32f4xx_hal_msp.o                64
    stm32f4xx_hal_rcc.o             1 392
    stm32f4xx_hal_spi.o             1 860
    stm32f4xx_hal_sram.o               92
    stm32f4xx_hal_tim.o             1 464
    stm32f4xx_hal_tim_ex.o             76
    stm32f4xx_hal_uart.o            2 264
    stm32f4xx_it.o                    200
    stm32f4xx_ll_fsmc.o               228
    system_stm32f4xx.o                 96       28        4
    tim.o                             380        8       64
    usart.o                           332               256
    -------------------------------------------------------
    Total:                         28 048  240 543   83 734

STemWin522_CM4_IAR.a: [2]
    F08_ASCII.o                              1 568
    F6x8.o                                   1 816
    F8x16.o                                  3 232
    FComic24B_ASCII.o                        5 376
    GUICC_0.o                         192       24
    GUICC_565_Index2Color.o            44
    GUICC_M565.o                      192       24        8
    GUICC_M565_Index2Color.o           44
    GUIDEV.o                           68
    GUIDEV_Usage.o                     34
    GUI_ALLOC_AllocZero.o              36
    GUI_AddDecMin.o                    28
    GUI_AddDecShift.o                 256
    GUI_Alloc.o                     1 640               208
    GUI_CalcColorDist.o                62
    GUI_Char.o                         84
    GUI_CharLine.o                    436        4        4
    GUI_CharM.o                       372
    GUI_CharP.o                       300
    GUI_Circ.o                        180
    GUI_Core.o                        420       20      176
    GUI_Device.o                      300
    GUI_DispCEOL.o                     44
    GUI_DispString.o                  252
    GUI_DispStringAt.o                 16
    GUI_DispStringAtCEOL.o             14
    GUI_DispStringInRect.o            392
    GUI_DrawBitmap.o                  236
    GUI_DrawBitmap_565.o               44       12
    GUI_DrawHLine.o                    76
    GUI_DrawLine.o                  1 240
    GUI_DrawPoint.o                    72
    GUI_DrawVLine.o                    68
    GUI_FillPolygon.o                 492                28
    GUI_GetClientRect.o                10
    GUI_GetColor.o                     22
    GUI_Goto.o                         16
    GUI_MergeRect.o                    88
    GUI_MoveRect.o                     28
    GUI_OnKey.o                        16       12      100
    GUI_Pen.o                          16
    GUI_RectsIntersect.o               56
    GUI_SelectLCD.o                    18
    GUI_SelectLayer.o                  36
    GUI_SetColor.o                      8
    GUI_SetDrawMode.o                   4
    GUI_SetFont.o                      20
    GUI_SetOrg.o                       48
    GUI_SetTextMode.o                  20
    GUI_UC.o                           76
    GUI_UC_EncodeNone.o                36
    GUI_Val.o                         120
    GUI_Valf.o                        240
    GUI_WaitEvent.o                    16                 4
    GUI__DivTbl_255_31.o                       256
    GUI__DivTbl_255_63.o                       256
    GUI__DivTbl_31_255.o                        32
    GUI__DivTbl_63_255.o                        64
    GUI__DrawBitmap16bpp.o            444
    GUI__HandleEOLine.o                22
    GUI__IntersectRect.o               64
    GUI__IntersectRects.o              98
    GUI__ManageCache.o                176                 8
    GUI__memset.o                      84
    LCD.o                           1 212       16        4
    LCD_Color.o                       248       16       16
    LCD_GetColorIndex.o                24
    LCD_GetEx.o                       238
    LCD_GetNumDisplays.o               26
    LCD_Mirror.o                               256
    LCD_NextPixelAPI.o                556       16       64
    LCD_SelectLCD.o                    68
    LCD_Set.o                         134
    LCD_SetClipRectEx.o                48
    LCD_UpdateColorIndices.o           36
    WM.o                            2 836               112
    WM_BringToBottom.o                130
    WM_CriticalHandle.o                16
    WM_GetClientRect.o                 64
    WM_GetDesktopWindow.o              24
    WM_GetFirstChild.o                 14
    WM_GetParent.o                     14
    WM_SendToParent.o                  28
    WM_SetUserClipRect.o               24
    WM_Touch.o                                           80
    WM__GetFirstSibling.o              16
    WM__GetPrevSibling.o               34
    WM__SendMessage.o                  64                 4
    -------------------------------------------------------
    Total:                         15 270   13 000      816

dl7M_tlf.a: [3]
    abort.o                             6
    dlmalloc.o                      3 968               496
    exit.o                              4
    low_level_init.o                    4
    strcspn.o                          34
    strspn.o                           34
    strtok.o                           76                 4
    vsnprint.o                         60
    xencoding_8859_1.o                 30
    xfail_s.o                          64                 4
    xgetmemchunk.o                     44                 4
    xlocale_c.o                       120      134      128
    xmbcurmax.o                        10
    xprintffull.o                   3 962
    xsnprout.o                         26
    -------------------------------------------------------
    Total:                          8 442      134      636

m7M_tls.a: [4]
    DblAdd.o                          362
    DblCmpGe.o                         46
    DblCmpLe.o                         46
    DblDiv.o                          582
    DblMul.o                          418
    DblSub.o                          226
    DblToFlt.o                        104
    DblToS32.o                         58
    DblToU32.o                         40
    FltToDbl.o                         72
    S32ToDbl.o                         34
    U32ToDbl.o                         26
    ceil.o                            102
    floor.o                           104
    fpinit_M.o                         34
    frexp.o                           112
    ldexp.o                           314
    -------------------------------------------------------
    Total:                          2 680

rt7M_tl.a: [5]
    ABImemclr.o                         6
    ABImemclr4.o                        6
    ABImemcpy.o                       166
    ABImemmove.o                      150
    ABImemset.o                       102
    ABImemset48.o                      50
    I64DivMod.o                       560
    I64DivZer.o                         2
    cexit.o                            10
    cmain.o                            30
    copy_init3.o                       44
    cstartup_M.o                       12
    data_init.o                        40
    memchr.o                           88
    strchr.o                           22
    strcmp.o                           74
    strcpy.o                           76
    strlen.o                           54
    zero_init3.o                       58
    -------------------------------------------------------
    Total:                          1 550

shb_l.a: [6]
    ABIassert.o                        36
    exit.o                             20
    -------------------------------------------------------
    Total:                             56

    Gaps                               72        8
    Linker created                              37   16 384
-----------------------------------------------------------
    Grand Total:                   56 118  253 722  101 570


*******************************************************************************
*** ENTRY LIST
***

Entry                       Address     Size  Type      Object
-----                       -------     ----  ----      ------
.iar.init_table$$Base    0x804'b5d8            --   Gb  - Linker created -
.iar.init_table$$Limit   0x804'b5fc            --   Gb  - Linker created -
?main                    0x804'b63d           Code  Gb  cmain.o [5]
ADC_DMAConvCplt          0x804'6c25     0x76  Code  Lc  stm32f4xx_hal_adc.o [1]
ADC_DMAError             0x804'6ca9     0x16  Code  Lc  stm32f4xx_hal_adc.o [1]
ADC_DMAHalfConvCplt      0x804'6c9d      0xa  Code  Lc  stm32f4xx_hal_adc.o [1]
ADC_IRQHandler           0x804'b163      0xa  Code  Gb  stm32f4xx_it.o [1]
ADC_Init                 0x804'6aa5    0x15a  Code  Lc  stm32f4xx_hal_adc.o [1]
ADC_Value               0x2001'4c90      0x4  Data  Gb  main.o [1]
AHBPrescTable            0x804'b6fc     0x10  Data  Gb  system_stm32f4xx.o [1]
APBPrescTable            0x804'b7e8      0x8  Data  Gb  system_stm32f4xx.o [1]
BusFault_Handler         0x804'b12f      0x2  Code  Gb  stm32f4xx_it.o [1]
CAN1_RX0_IRQHandler      0x804'b16d      0xa  Code  Gb  stm32f4xx_it.o [1]
CAN1_RX1_IRQHandler      0x804'b177      0xa  Code  Gb  stm32f4xx_it.o [1]
CAN1_SCE_IRQHandler      0x804'b181      0xa  Code  Gb  stm32f4xx_it.o [1]
CAN_config               0x804'8c6f     0x52  Code  Lc  can_utils.o [1]
CMD_USART               0x2001'4944     0x40  Data  Gb  cmd.o [1]
CSTACK$$Base            0x1000'0000            --   Gb  - Linker created -
CSTACK$$Limit           0x1000'2000            --   Gb  - Linker created -
CacheMore                0x803'dfa5     0x24  Code  Lc  xlocale_c.o [3]
CharInfo24B_ASCII        0x803'bcd8    0x300  Data  Gb  FComic24B_ASCII.o [2]
DMA2_Stream0_IRQHandler
                         0x804'b1b7      0xa  Code  Gb  stm32f4xx_it.o [1]
DMA2_Stream2_IRQHandler
                         0x804'b1c1      0xa  Code  Gb  stm32f4xx_it.o [1]
DMA2_Stream7_IRQHandler
                         0x804'b1cb      0xa  Code  Gb  stm32f4xx_it.o [1]
DMAUSART_RX_BUF         0x2001'4628     0x64  Data  Gb  cmd.o [1]
DMA_CalcBaseAndBitshift
                         0x804'8803     0x30  Code  Lc  stm32f4xx_hal_dma.o [1]
DMA_CalcBaseAndBitshift::flagBitshiftOffset
                         0x804'b7e0      0x8  Data  Lc  stm32f4xx_hal_dma.o [1]
DMA_CheckFifoParam       0x804'8841     0x88  Code  Lc  stm32f4xx_hal_dma.o [1]
DMA_RxOK_Flag           0x2001'4c64      0x4  Data  Gb  cmd.o [1]
DMA_SetConfig            0x804'87d5     0x2e  Code  Lc  stm32f4xx_hal_dma.o [1]
DMAaRxBuffer            0x2001'45c4     0x64  Data  Gb  cmd.o [1]
DebugMon_Handler         0x804'b135      0x2  Code  Gb  stm32f4xx_it.o [1]
EXTI2_IRQHandler         0x804'b145      0xa  Code  Gb  stm32f4xx_it.o [1]
EXTI3_IRQHandler         0x804'b14f      0xa  Code  Gb  stm32f4xx_it.o [1]
EXTI4_IRQHandler         0x804'b159      0xa  Code  Gb  stm32f4xx_it.o [1]
EXTI9_5_IRQHandler       0x804'b18b     0x12  Code  Gb  stm32f4xx_it.o [1]
Error_Handler            0x804'5095      0xa  Code  Gb  main.o [1]
FSMC_Initialized        0x2001'4c74      0x4  Data  Lc  fsmc.o [1]
FSMC_NORSRAM_Extended_Timing_Init
                         0x804'48a5     0x40  Code  Gb  stm32f4xx_ll_fsmc.o [1]
FSMC_NORSRAM_Init        0x804'4809     0x58  Code  Gb  stm32f4xx_ll_fsmc.o [1]
FSMC_NORSRAM_Timing_Init
                         0x804'4861     0x44  Code  Gb  stm32f4xx_ll_fsmc.o [1]
FontComic24BProp_ASCII   0x803'bfd8      0xc  Data  Gb  FComic24B_ASCII.o [2]
FontMono8x16             0x803'f8e4     0x14  Data  Lc  F8x16.o [2]
FontMono8x16x2           0x803'f91c     0x14  Data  Lc  F8x16.o [2]
FontMono8x16x3           0x803'f930     0x14  Data  Lc  F8x16.o [2]
GL_DrawBitmap            0x804'0529     0x90  Code  Gb  GUI_DrawBitmap.o [2]
GL_DrawLine              0x804'0a77     0x10  Code  Gb  GUI_DrawLine.o [2]
GL_DrawLine1Ex           0x804'078b    0x1b4  Code  Gb  GUI_DrawLine.o [2]
GL_DrawLineEx            0x804'094f    0x128  Code  Gb  GUI_DrawLine.o [2]
GL_DrawPoint             0x804'11e5     0x1c  Code  Gb  GUI_DrawPoint.o [2]
GL_FP_Cnt               0x2001'4bb4      0x4  Data  Lc  GUI_FillPolygon.o [2]
GL_FillCircle            0x804'32b1     0xae  Code  Gb  GUI_Circ.o [2]
GL_FillPolygon           0x804'2b0d    0x154  Code  Gb  GUI_FillPolygon.o [2]
GUIDRV_Template_API      0x804'b450     0x34  Data  Gb  GUIDRV_Template.o [1]
GUIMONO_DispChar         0x804'ab89    0x106  Code  Gb  GUI_CharM.o [2]
GUIMONO_GetCharDistX     0x804'aca9     0x12  Code  Gb  GUI_CharM.o [2]
GUIMONO_GetFontInfo      0x804'acc1      0x6  Code  Gb  GUI_CharM.o [2]
GUIMONO_IsInFont         0x804'acc7     0x36  Code  Gb  GUI_CharM.o [2]
GUIPROP_DispChar         0x804'ad11     0xc8  Code  Gb  GUI_CharP.o [2]
GUIPROP_GetCharDistX     0x804'add9     0x36  Code  Gb  GUI_CharP.o [2]
GUIPROP_GetFontInfo      0x804'ae15      0x6  Code  Gb  GUI_CharP.o [2]
GUIPROP_IsInFont         0x804'ae1b      0xe  Code  Gb  GUI_CharP.o [2]
GUIPROP__FindChar        0x804'acfd     0x14  Code  Gb  GUI_CharP.o [2]
GUI_ALLOC_AllocNoInit    0x804'3fb7      0xa  Code  Gb  GUI_Alloc.o [2]
GUI_ALLOC_AllocZero      0x804'4235     0x24  Code  Gb  GUI_ALLOC_AllocZero.o [2]
GUI_ALLOC_AssignMemory   0x804'4047      0xc  Code  Gb  GUI_Alloc.o [2]
GUI_ALLOC_Free           0x804'406b     0x2c  Code  Gb  GUI_Alloc.o [2]
GUI_ALLOC_FreeFixedBlock
                         0x804'3eff     0x10  Code  Gb  GUI_Alloc.o [2]
GUI_ALLOC_GetFixedBlock
                         0x804'3f0f     0xa8  Code  Gb  GUI_Alloc.o [2]
GUI_ALLOC_GetMaxSize     0x804'4011     0x36  Code  Gb  GUI_Alloc.o [2]
GUI_ALLOC_LockH          0x804'3fd1     0x16  Code  Gb  GUI_Alloc.o [2]
GUI_ALLOC_SetAvBlockSize
                         0x804'4053     0x18  Code  Gb  GUI_Alloc.o [2]
GUI_ALLOC_UnlockH        0x804'3fe7     0x2a  Code  Gb  GUI_Alloc.o [2]
GUI_ALLOC__Context      0x2001'4310     0xbc  Data  Gb  GUI_Alloc.o [2]
GUI_ALLOC_h2p            0x804'3fc1     0x10  Code  Gb  GUI_Alloc.o [2]
GUI_AddDecMin            0x804'2e69     0x1c  Code  Gb  GUI_AddDecMin.o [2]
GUI_AddDecShift          0x804'2ca9     0x96  Code  Gb  GUI_AddDecShift.o [2]
GUI_AddSign              0x804'2c91     0x18  Code  Gb  GUI_AddDecShift.o [2]
GUI_BitmapMethods565     0x804'b734      0xc  Data  Gb  GUI_DrawBitmap_565.o [2]
GUI_CalcColorDist        0x804'b371     0x3e  Code  Gb  GUI_CalcColorDist.o [2]
GUI_CharLine_pfLog2Vis  0x2000'0130      0x4  Data  Gb  GUI_CharLine.o [2]
GUI_Clear                0x804'0e3f     0x1a  Code  Gb  GUI_Core.o [2]
GUI_ClearRect            0x804'0de5     0x5a  Code  Gb  GUI_Core.o [2]
GUI_DEVICE_Create        0x804'390b     0x46  Code  Gb  GUI_Device.o [2]
GUI_DEVICE_CreateAndLink
                         0x804'39bd     0x24  Code  Gb  GUI_Device.o [2]
GUI_DEVICE_Delete        0x804'3907      0x4  Code  Gb  GUI_Device.o [2]
GUI_DEVICE_Link          0x804'3953     0x6a  Code  Gb  GUI_Device.o [2]
GUI_DEVICE_Unlink        0x804'3951      0x2  Code  Gb  GUI_Device.o [2]
GUI_DEVICE__GetpDriver   0x804'38e7     0x20  Code  Gb  GUI_Device.o [2]
GUI_DecChar             0x2000'00a8      0x1  Data  Gb  GUI_Core.o [2]
GUI_DispCEOL             0x804'3285     0x2c  Code  Gb  GUI_DispCEOL.o [2]
GUI_DispDecAt            0x804'0b59     0x24  Code  Gb  GUI_Val.o [2]
GUI_DispDecMin           0x804'0b41      0xe  Code  Gb  GUI_Val.o [2]
GUI_DispDecShift         0x804'0b05     0x10  Code  Gb  GUI_Val.o [2]
GUI_DispFloat            0x804'12b5     0x44  Code  Gb  GUI_Valf.o [2]
GUI_DispSDecShift        0x804'0b15     0x2c  Code  Gb  GUI_Val.o [2]
GUI_DispString           0x804'2d6d     0xfc  Code  Gb  GUI_DispString.o [2]
GUI_DispStringAt         0x804'11d5     0x10  Code  Gb  GUI_DispStringAt.o [2]
GUI_DispStringAtCEOL     0x804'11c5      0xe  Code  Gb  GUI_DispStringAtCEOL.o [2]
GUI_DispStringInRect     0x804'0db7      0x6  Code  Gb  GUI_DispStringInRect.o [2]
GUI_DispStringInRectMax
                         0x804'0d75     0x42  Code  Gb  GUI_DispStringInRect.o [2]
GUI_DrawBitmap           0x804'05b9     0x54  Code  Gb  GUI_DrawBitmap.o [2]
GUI_DrawHLine            0x804'0ba5     0x4c  Code  Gb  GUI_DrawHLine.o [2]
GUI_DrawLine             0x804'0a87     0x30  Code  Gb  GUI_DrawLine.o [2]
GUI_DrawPoint            0x804'1201     0x28  Code  Gb  GUI_DrawPoint.o [2]
GUI_DrawVLine            0x804'0bf1     0x44  Code  Gb  GUI_DrawVLine.o [2]
GUI_F6x8_Mono            0x804'a118     0x14  Data  Lc  F6x8.o [2]
GUI_F6x8_TI8859_1        0x804'a110      0x8  Data  Lc  F6x8.o [2]
GUI_F6x8_TL8859_1        0x804'9f50    0x1c0  Data  Lc  F6x8.o [2]
GUI_Font6x8              0x804'a12c     0x24  Data  Gb  F6x8.o [2]
GUI_Font8ASCII_Prop      0x804'a740      0xc  Data  Gb  F08_ASCII.o [2]
GUI_Font8_ASCII          0x804'a74c     0x24  Data  Gb  F08_ASCII.o [2]
GUI_Font8_ASCII_CharInfo
                         0x804'a448    0x2f8  Data  Lc  F08_ASCII.o [2]
GUI_Font8x16x2x2         0x803'f944     0x24  Data  Gb  F8x16.o [2]
GUI_Font8x16x3x3         0x803'f968     0x24  Data  Gb  F8x16.o [2]
GUI_Font8x18             0x803'f8f8     0x24  Data  Gb  F8x16.o [2]
GUI_FontComic24B_ASCII   0x803'bfe4     0x24  Data  Gb  FComic24B_ASCII.o [2]
GUI_GetBitsPerPixelEx    0x804'4943      0xe  Code  Gb  LCD_GetEx.o [2]
GUI_GetBkColor           0x804'ab59      0x8  Code  Gb  GUI_GetColor.o [2]
GUI_GetCharDistX         0x804'2ebb      0x6  Code  Gb  GUI_Char.o [2]
GUI_GetCharDistXEx       0x804'2ec9      0x8  Code  Gb  GUI_Char.o [2]
GUI_GetClientRect        0x804'2ed9      0xa  Code  Gb  GUI_GetClientRect.o [2]
GUI_GetColor             0x804'ab61      0x6  Code  Gb  GUI_GetColor.o [2]
GUI_GetFontDistY         0x804'2eb1      0xa  Code  Gb  GUI_Char.o [2]
GUI_GetYAdjust           0x804'2e85     0x2c  Code  Gb  GUI_Char.o [2]
GUI_GetpfColor2IndexEx   0x804'497b      0xc  Code  Gb  LCD_GetEx.o [2]
GUI_GetpfIndex2ColorEx   0x804'496f      0xc  Code  Gb  LCD_GetEx.o [2]
GUI_GotoXY               0x804'1a9d      0xc  Code  Gb  GUI_Goto.o [2]
GUI_Init                 0x804'0e7b     0xa6  Code  Gb  GUI_Core.o [2]
GUI_Long2Len             0x804'2c6d     0x24  Code  Gb  GUI_AddDecShift.o [2]
GUI_MEMDEV_Delete        0x804'4169     0x3a  Code  Gb  GUIDEV.o [2]
GUI_MergeRect            0x804'40e5     0x58  Code  Gb  GUI_MergeRect.o [2]
GUI_MoveRect             0x804'414d     0x1c  Code  Gb  GUI_MoveRect.o [2]
GUI_OrgX                0x2001'4cb8      0x2  Data  Gb  GUI_Core.o [2]
GUI_OrgY                0x2001'4cba      0x2  Data  Gb  GUI_Core.o [2]
GUI_Pow10                0x804'2d44     0x28  Data  Gb  GUI_AddDecShift.o [2]
GUI_RectsIntersect       0x804'41bb     0x38  Code  Gb  GUI_RectsIntersect.o [2]
GUI_Reload               0x804'0253      0xc  Code  Gb  GUI_Frame.o [1]
GUI_SelectLCD            0x804'4a03     0x12  Code  Gb  GUI_SelectLCD.o [2]
GUI_SelectLayer          0x804'39e9     0x1c  Code  Gb  GUI_SelectLayer.o [2]
GUI_SetBkColor           0x804'0615      0x4  Code  Gb  GUI_SetColor.o [2]
GUI_SetColor             0x804'0619      0x4  Code  Gb  GUI_SetColor.o [2]
GUI_SetDefaultFont       0x804'0ddf      0x6  Code  Gb  GUI_Core.o [2]
GUI_SetDrawMode          0x804'1aad      0x4  Code  Gb  GUI_SetDrawMode.o [2]
GUI_SetFont              0x804'0b7d     0x14  Code  Gb  GUI_SetFont.o [2]
GUI_SetOrg               0x804'3255     0x30  Code  Gb  GUI_SetOrg.o [2]
GUI_SetPenSize           0x804'061d      0xc  Code  Gb  GUI_Pen.o [2]
GUI_SetTextMode          0x804'0b91     0x14  Code  Gb  GUI_SetTextMode.o [2]
GUI_SignalEvent          0x804'413d      0xc  Code  Gb  GUI_WaitEvent.o [2]
GUI_StoreKey             0x804'42dd      0xc  Code  Gb  GUI_OnKey.o [2]
GUI_UC_None              0x804'b5a4     0x10  Data  Gb  GUI_UC_EncodeNone.o [2]
GUI_UC__GetCharCodeInc   0x804'3099     0x22  Code  Gb  GUI_UC.o [2]
GUI_UC__NumChars2NumBytes
                         0x804'30bb     0x24  Code  Gb  GUI_UC.o [2]
GUI_USAGE_DecUseCnt      0x804'4ab5     0x22  Code  Gb  GUIDEV_Usage.o [2]
GUI_X_Config             0x804'31cd     0x24  Code  Gb  GUIConf.o [1]
GUI_X_Config::aMemory   0x2000'0138  0x14000  Data  Lc  GUIConf.o [1]
GUI_X_Init               0x804'3239      0x2  Code  Gb  GUI_X.o [1]
GUI__Config              0x804'0e59     0x22  Code  Gb  GUI_Core.o [2]
GUI__Context            0x2001'446c     0x78  Data  Lc  GUI_Core.o [2]
GUI__DispLine            0x804'2feb     0x9e  Code  Gb  GUI_CharLine.o [2]
GUI__DispStringInRect    0x804'0c35    0x13c  Code  Gb  GUI_DispStringInRect.o [2]
GUI__DrawBitmap16bpp     0x804'a99d    0x1bc  Code  Gb  GUI__DrawBitmap16bpp.o [2]
GUI__GetLineDistX        0x804'2f9d     0x4e  Code  Gb  GUI_CharLine.o [2]
GUI__GetLineNumChars     0x804'2f4b     0x36  Code  Gb  GUI_CharLine.o [2]
GUI__GetOverlap          0x804'2f81     0x1c  Code  Gb  GUI_CharLine.o [2]
GUI__HandleEOLine        0x804'30e5     0x16  Code  Gb  GUI__HandleEOLine.o [2]
GUI__IntersectRect       0x804'40a5     0x40  Code  Gb  GUI__IntersectRect.o [2]
GUI__IntersectRects      0x804'3115     0x62  Code  Gb  GUI__IntersectRects.o [2]
GUI__ManageCache         0x804'43f5      0xa  Code  Gb  GUI__ManageCache.o [2]
GUI__ManageCacheEx       0x804'4359     0x90  Code  Gb  GUI__ManageCache.o [2]
GUI__RegisterExit        0x804'0f21      0xa  Code  Gb  GUI_Core.o [2]
GUI__aConvert_255_31     0x804'ae28    0x100  Data  Gb  GUI__DivTbl_255_31.o [2]
GUI__aConvert_255_63     0x804'af28    0x100  Data  Gb  GUI__DivTbl_255_63.o [2]
GUI__aConvert_31_255     0x804'b61c     0x20  Data  Gb  GUI__DivTbl_31_255.o [2]
GUI__aConvert_63_255     0x804'b410     0x40  Data  Gb  GUI__DivTbl_63_255.o [2]
GUI__apDevice           0x2001'44e4      0x8  Data  Gb  GUI_Core.o [2]
GUI__memset              0x804'3177     0x54  Code  Gb  GUI__memset.o [2]
GUI__pFontDefault       0x2000'00b0      0x4  Data  Gb  GUI_Core.o [2]
GUI_acFont6x8            0x804'9a38    0x518  Data  Lc  F6x8.o [2]
GUI_cos                  0x804'0689      0x6  Code  Gb  GUI_DrawLine.o [2]
GUI_main                 0x804'0247      0xc  Code  Gb  GUI_Frame.o [1]
GUI_pContext            0x2000'00b4      0x4  Data  Gb  GUI_Core.o [2]
GUI_pLCD_APIList        0x2001'4c9c      0x4  Data  Gb  GUI_Core.o [2]
GUI_pUC_API             0x2000'00ac      0x4  Data  Gb  GUI_Core.o [2]
GUI_pfDispCharStyle     0x2001'4c98      0x4  Data  Gb  GUI_Core.o [2]
GUI_pfGetpPalConvTable  0x2000'0128      0x4  Data  Gb  GUI_Core.o [2]
GUI_sin                  0x804'0637     0x52  Code  Gb  GUI_DrawLine.o [2]
HAL_ADCEx_InjectedConvCpltCallback
                         0x804'8dcd      0x2  Code  Wk  stm32f4xx_hal_adc_ex.o [1]
HAL_ADC_ConfigChannel    0x804'6929    0x17c  Code  Gb  stm32f4xx_hal_adc.o [1]
HAL_ADC_IRQHandler       0x804'6649    0x182  Code  Gb  stm32f4xx_hal_adc.o [1]
HAL_ADC_Init             0x804'65e5     0x64  Code  Gb  stm32f4xx_hal_adc.o [1]
HAL_ADC_MspInit          0x804'5ca3     0xb2  Code  Gb  adc.o [1]
HAL_ADC_Start_DMA        0x804'67cb    0x15e  Code  Gb  stm32f4xx_hal_adc.o [1]
HAL_CAN_ActivateNotification
                         0x804'7855     0x2c  Code  Gb  stm32f4xx_hal_can.o [1]
HAL_CAN_ConfigFilter     0x804'757d    0x124  Code  Gb  stm32f4xx_hal_can.o [1]
HAL_CAN_GetRxMessage     0x804'7701    0x154  Code  Gb  stm32f4xx_hal_can.o [1]
HAL_CAN_IRQHandler       0x804'7881    0x230  Code  Gb  stm32f4xx_hal_can.o [1]
HAL_CAN_Init             0x804'7411    0x16c  Code  Gb  stm32f4xx_hal_can.o [1]
HAL_CAN_MspInit          0x804'59f3     0x98  Code  Gb  can.o [1]
HAL_CAN_RxFifo0FullCallback
                         0x804'8c6d      0x2  Code  Gb  can_utils.o [1]
HAL_CAN_RxFifo0MsgPendingCallback
                         0x804'8c45     0x28  Code  Gb  can_utils.o [1]
HAL_CAN_Start            0x804'76a1     0x5c  Code  Gb  stm32f4xx_hal_can.o [1]
HAL_CRC_Init             0x804'7ab1     0x28  Code  Gb  stm32f4xx_hal_crc.o [1]
HAL_CRC_MspInit          0x804'5ab7     0x26  Code  Gb  crc.o [1]
HAL_DMA_Abort            0x804'8509     0x9c  Code  Gb  stm32f4xx_hal_dma.o [1]
HAL_DMA_Abort_IT         0x804'85a5     0x26  Code  Gb  stm32f4xx_hal_dma.o [1]
HAL_DMA_IRQHandler       0x804'85cb    0x20a  Code  Gb  stm32f4xx_hal_dma.o [1]
HAL_DMA_Init             0x804'83a9     0xe0  Code  Gb  stm32f4xx_hal_dma.o [1]
HAL_DMA_Start_IT         0x804'8489     0x80  Code  Gb  stm32f4xx_hal_dma.o [1]
HAL_Delay                0x804'379d     0x28  Code  Wk  stm32f4xx_hal.o [1]
HAL_FSMC_MspInit         0x804'4739     0xa8  Code  Lc  fsmc.o [1]
HAL_GPIO_EXTI_Callback   0x804'461f     0x52  Code  Gb  gpio.o [1]
HAL_GPIO_EXTI_IRQHandler
                         0x804'36e7     0x1c  Code  Gb  stm32f4xx_hal_gpio.o [1]
HAL_GPIO_Init            0x804'34e5    0x1dc  Code  Gb  stm32f4xx_hal_gpio.o [1]
HAL_GPIO_ReadPin         0x804'36c1     0x12  Code  Gb  stm32f4xx_hal_gpio.o [1]
HAL_GPIO_WritePin        0x804'36d3     0x14  Code  Gb  stm32f4xx_hal_gpio.o [1]
HAL_GetTick              0x804'48ed      0xc  Code  Wk  stm32f4xx_hal.o [1]
HAL_IncTick              0x804'736d     0x18  Code  Wk  stm32f4xx_hal.o [1]
HAL_Init                 0x804'5929     0x30  Code  Gb  stm32f4xx_hal.o [1]
HAL_InitTick             0x804'7385     0x4c  Code  Wk  stm32f4xx_hal.o [1]
HAL_MspInit              0x804'73d1     0x40  Code  Gb  stm32f4xx_hal_msp.o [1]
HAL_NVIC_EnableIRQ       0x804'4c09      0xa  Code  Gb  stm32f4xx_hal_cortex.o [1]
HAL_NVIC_SetPriority     0x804'4be7     0x22  Code  Gb  stm32f4xx_hal_cortex.o [1]
HAL_NVIC_SetPriorityGrouping
                         0x804'4bdf      0x8  Code  Gb  stm32f4xx_hal_cortex.o [1]
HAL_RCC_ClockConfig      0x804'7169    0x138  Code  Gb  stm32f4xx_hal_rcc.o [1]
HAL_RCC_GetHCLKFreq      0x804'72a1      0x6  Code  Gb  stm32f4xx_hal_rcc.o [1]
HAL_RCC_GetPCLK1Freq     0x804'72a7     0x16  Code  Gb  stm32f4xx_hal_rcc.o [1]
HAL_RCC_GetPCLK2Freq     0x804'72bd     0x16  Code  Gb  stm32f4xx_hal_rcc.o [1]
HAL_RCC_OscConfig        0x804'6dfd    0x36c  Code  Wk  stm32f4xx_hal_rcc.o [1]
HAL_SPI_Init             0x804'51e5     0x8e  Code  Gb  stm32f4xx_hal_spi.o [1]
HAL_SPI_MspInit          0x804'5f37     0x66  Code  Gb  spi.o [1]
HAL_SPI_Receive          0x804'5411    0x166  Code  Gb  stm32f4xx_hal_spi.o [1]
HAL_SPI_Transmit         0x804'5273    0x19e  Code  Gb  stm32f4xx_hal_spi.o [1]
HAL_SPI_TransmitReceive
                         0x804'5577    0x21e  Code  Gb  stm32f4xx_hal_spi.o [1]
HAL_SRAM_Init            0x804'3741     0x5c  Code  Gb  stm32f4xx_hal_sram.o [1]
HAL_SRAM_MspInit         0x804'47e1      0x8  Code  Gb  fsmc.o [1]
HAL_SYSTICK_Config       0x804'4c13      0x8  Code  Gb  stm32f4xx_hal_cortex.o [1]
HAL_TIMEx_MasterConfigSynchronization
                         0x804'88c9     0x4c  Code  Gb  stm32f4xx_hal_tim_ex.o [1]
HAL_TIM_Base_Init        0x804'602d     0x38  Code  Gb  stm32f4xx_hal_tim.o [1]
HAL_TIM_Base_MspInit     0x804'5e61     0x26  Code  Gb  tim.o [1]
HAL_TIM_ConfigClockSource
                         0x804'61f5     0xe8  Code  Gb  stm32f4xx_hal_tim.o [1]
HAL_TIM_MspPostInit      0x804'5e87     0x50  Code  Gb  tim.o [1]
HAL_TIM_PWM_ConfigChannel
                         0x804'60f9     0xfc  Code  Gb  stm32f4xx_hal_tim.o [1]
HAL_TIM_PWM_Init         0x804'6065     0x38  Code  Gb  stm32f4xx_hal_tim.o [1]
HAL_TIM_PWM_Start        0x804'609d     0x54  Code  Gb  stm32f4xx_hal_tim.o [1]
HAL_UART_DMAStop         0x804'7c97     0x72  Code  Gb  stm32f4xx_hal_uart.o [1]
HAL_UART_IDLECallback    0x804'8995     0x6c  Code  Gb  cmd.o [1]
HAL_UART_IRQHandler      0x804'7d09    0x134  Code  Gb  stm32f4xx_hal_uart.o [1]
HAL_UART_Init            0x804'7ad9     0x76  Code  Gb  stm32f4xx_hal_uart.o [1]
HAL_UART_MspInit         0x804'5b1d     0xf2  Code  Gb  usart.o [1]
HAL_UART_Receive_DMA     0x804'7be3     0xb4  Code  Gb  stm32f4xx_hal_uart.o [1]
HAL_UART_Transmit_DMA    0x804'7b4f     0x94  Code  Gb  stm32f4xx_hal_uart.o [1]
HAL_UART_TxCpltCallback
                         0x804'8aff      0x2  Code  Gb  cmd.o [1]
HCAN                    0x2001'4acc     0x28  Data  Gb  can_utils.o [1]
HEAP$$Base              0x2001'4cc8            --   Gb  - Linker created -
HEAP$$Limit             0x2001'6cc8            --   Gb  - Linker created -
HardFault_Handler        0x804'b12b      0x2  Code  Gb  stm32f4xx_it.o [1]
HashTable_create         0x804'8e29     0x4e  Code  Gb  hash.o [1]
HashTable_get            0x804'8f11     0x60  Code  Gb  hash.o [1]
HashTable_insert         0x804'8e77     0x9a  Code  Gb  hash.o [1]
HashTable_map            0x804'8f71     0x72  Code  Gb  hash.o [1]
LCD_API_ColorConv_0      0x804'b6a0     0x18  Data  Gb  GUICC_0.o [2]
LCD_API_ColorConv_M565   0x804'b688     0x18  Data  Gb  GUICC_M565.o [2]
LCD_Color2Index          0x804'1f05     0x12  Code  Gb  LCD.o [2]
LCD_DrawBitmap           0x804'1c4f    0x1d8  Code  Gb  LCD.o [2]
LCD_DrawHLine            0x804'1b71     0x3a  Code  Gb  LCD.o [2]
LCD_DrawPixel            0x804'1b17     0x5a  Code  Gb  LCD.o [2]
LCD_DrawVLine            0x804'1bab     0x3a  Code  Gb  LCD.o [2]
LCD_Fast_DrawPoint       0x804'1491     0x58  Code  Gb  ILI93xx.o [1]
LCD_FillRect             0x804'1bfb     0x54  Code  Gb  LCD.o [2]
LCD_GetBitsPerPixelEx    0x804'4933      0x4  Code  Gb  LCD_GetEx.o [2]
LCD_GetBkColorIndex      0x804'ab71      0xa  Code  Gb  LCD_GetColorIndex.o [2]
LCD_GetColorIndex        0x804'ab7b      0xa  Code  Gb  LCD_GetColorIndex.o [2]
LCD_GetNextPixelAPI      0x804'a963     0x24  Code  Gb  LCD_NextPixelAPI.o [2]
LCD_GetNumColors         0x804'493b      0x8  Code  Gb  LCD_GetEx.o [2]
LCD_GetNumColorsEx       0x804'4937      0x4  Code  Gb  LCD_GetEx.o [2]
LCD_GetNumLayers         0x804'48f9     0x1a  Code  Gb  LCD_GetNumDisplays.o [2]
LCD_GetPalette           0x804'4967      0x8  Code  Gb  LCD_GetEx.o [2]
LCD_GetPaletteEx         0x804'4951     0x16  Code  Gb  LCD_GetEx.o [2]
LCD_GetpPalConvTableBM   0x804'383f      0x2  Code  Gb  LCD_Color.o [2]
LCD_GetpPalConvTableUncached
                         0x804'37fd     0x42  Code  Gb  LCD_Color.o [2]
LCD_Index2Color          0x804'1f17     0x12  Code  Gb  LCD.o [2]
LCD_Index2Color_565      0x804'b511     0x2c  Code  Gb  GUICC_565_Index2Color.o [2]
LCD_Index2Color_M565     0x804'b4e5     0x2c  Code  Gb  GUICC_M565_Index2Color.o [2]
LCD_InitColors           0x804'37d5     0x28  Code  Gb  LCD_Color.o [2]
LCD_InitLUT              0x804'3841     0x6c  Code  Gb  LCD_Color.o [2]
LCD_RD_DATA              0x804'132d      0xa  Code  Gb  ILI93xx.o [1]
LCD_ReInit               0x804'17f7    0x242  Code  Gb  ILI93xx.o [1]
LCD_ReadPoint            0x804'1a45     0x38  Code  Gb  ILI93xx.o [1]
LCD_SelectLCD            0x804'50d1     0x44  Code  Gb  LCD_SelectLCD.o [2]
LCD_SetBkColor           0x804'1f4d      0x8  Code  Gb  LCD.o [2]
LCD_SetBkColorIndex      0x804'1f3b     0x12  Code  Gb  LCD.o [2]
LCD_SetClipRectEx        0x804'3a0d     0x30  Code  Gb  LCD_SetClipRectEx.o [2]
LCD_SetClipRectMax       0x804'1e65     0x14  Code  Gb  LCD.o [2]
LCD_SetColor             0x804'1f55      0x8  Code  Gb  LCD.o [2]
LCD_SetColorIndex        0x804'1f29     0x12  Code  Gb  LCD.o [2]
LCD_SetCursor            0x804'1345    0x14c  Code  Gb  ILI93xx.o [1]
LCD_SetDrawMode          0x804'1b0d      0xa  Code  Gb  LCD.o [2]
LCD_SetLUTEntryEx        0x804'446b     0x24  Code  Gb  LCD_Set.o [2]
LCD_SetSizeEx            0x804'442d     0x24  Code  Gb  LCD_Set.o [2]
LCD_SetVSizeEx           0x804'4409     0x24  Code  Gb  LCD_Set.o [2]
LCD_UpdateColorIndices   0x804'5115     0x24  Code  Gb  LCD_UpdateColorIndices.o [2]
LCD_WR_DATA              0x804'1325      0x8  Code  Gb  ILI93xx.o [1]
LCD_WR_REG               0x804'131d      0x8  Code  Gb  ILI93xx.o [1]
LCD_WriteReg             0x804'1337      0xe  Code  Gb  ILI93xx.o [1]
LCD_X_Config             0x804'31f1     0x2c  Code  Gb  LCDConf_FlexColor_Template.o [1]
LCD_X_DisplayDriver      0x804'3225     0x14  Code  Gb  LCDConf_FlexColor_Template.o [1]
LCD__GetBPP              0x804'4991     0x72  Code  Gb  LCD_GetEx.o [2]
LCD__aConvTable         0x2000'00bc      0x4  Data  Gb  LCD_Color.o [2]
LCD__pSetColorAPI       0x2000'012c      0x4  Data  Gb  LCD.o [2]
LCD_aMirror              0x804'b028    0x100  Data  Gb  LCD_Mirror.o [2]
LED_main                 0x804'6d2d     0x30  Code  Gb  ledpwm.o [1]
Lcd_Top_main             0x804'6d79     0x84  Code  Gb  Lcd_Top.o [1]
LoadInt                  0x803'd1cb     0x7a  Code  Lc  xprintffull.o [3]
MX_ADC1_Init             0x804'5c35     0x6e  Code  Gb  adc.o [1]
MX_CAN1_Init             0x804'59ad     0x46  Code  Gb  can.o [1]
MX_CRC_Init              0x804'5aa1     0x16  Code  Gb  crc.o [1]
MX_DMA_Init              0x804'595d     0x50  Code  Gb  dma.o [1]
MX_FSMC_Init             0x804'4691     0xa8  Code  Gb  fsmc.o [1]
MX_GPIO_Init             0x804'4491    0x18e  Code  Gb  gpio.o [1]
MX_SPI3_Init             0x804'5ef1     0x46  Code  Gb  spi.o [1]
MX_TIM3_Init             0x804'5d75     0xec  Code  Gb  tim.o [1]
MX_USART1_UART_Init      0x804'5ae9     0x34  Code  Gb  usart.o [1]
MemManage_Handler        0x804'b12d      0x2  Code  Gb  stm32f4xx_it.o [1]
NMI_Handler              0x804'b129      0x2  Code  Gb  stm32f4xx_it.o [1]
NRF_Data                0x2001'4af4     0x28  Data  Gb  main.o [1]
NVIC_EncodePriority      0x804'4b75     0x3c  Code  Lc  stm32f4xx_hal_cortex.o [1]
PendSV_Handler           0x804'b137      0x2  Code  Gb  stm32f4xx_it.o [1]
Region$$Table$$Base      0x804'b5d8            --   Gb  - Linker created -
Region$$Table$$Limit     0x804'b5fc            --   Gb  - Linker created -
RxHeader                0x2001'4b80     0x1c  Data  Gb  can_utils.o [1]
SPI_EndRxTransaction     0x804'5835     0x92  Code  Lc  stm32f4xx_hal_spi.o [1]
SPI_EndRxTxTransaction   0x804'58c7     0x5a  Code  Lc  stm32f4xx_hal_spi.o [1]
SPI_WaitFlagStateUntilTimeout
                         0x804'5795     0xa0  Code  Lc  stm32f4xx_hal_spi.o [1]
SVC_Handler              0x804'b133      0x2  Code  Gb  stm32f4xx_it.o [1]
SysTick_Config           0x804'4bb1     0x2e  Code  Lc  stm32f4xx_hal_cortex.o [1]
SysTick_Handler          0x804'b139      0xc  Code  Gb  stm32f4xx_it.o [1]
SystemClock_Config       0x804'4f4d     0xa2  Code  Gb  main.o [1]
SystemCoreClock         0x2000'0124      0x4  Data  Gb  system_stm32f4xx.o [1]
SystemInit               0x804'b3b1     0x40  Code  Gb  system_stm32f4xx.o [1]
TFTSRAM_Handler         0x2001'48ac     0x50  Data  Gb  ILI93xx.o [1]
TFT_LCD_Init             0x804'14e9    0x30e  Code  Gb  ILI93xx.o [1]
TIM_Base_SetConfig       0x804'62dd     0xba  Code  Gb  stm32f4xx_hal_tim.o [1]
TIM_CCxChannelCmd        0x804'65bd     0x26  Code  Gb  stm32f4xx_hal_tim.o [1]
TIM_ETR_SetConfig        0x804'65a7     0x16  Code  Gb  stm32f4xx_hal_tim.o [1]
TIM_ITRx_SetConfig       0x804'6597     0x10  Code  Lc  stm32f4xx_hal_tim.o [1]
TIM_OC1_SetConfig        0x804'6397     0x64  Code  Lc  stm32f4xx_hal_tim.o [1]
TIM_OC2_SetConfig        0x804'63fb     0x6e  Code  Gb  stm32f4xx_hal_tim.o [1]
TIM_OC3_SetConfig        0x804'6469     0x6c  Code  Lc  stm32f4xx_hal_tim.o [1]
TIM_OC4_SetConfig        0x804'64d5     0x4c  Code  Lc  stm32f4xx_hal_tim.o [1]
TIM_TI1_ConfigInputStage
                         0x804'654d     0x24  Code  Lc  stm32f4xx_hal_tim.o [1]
TIM_TI2_ConfigInputStage
                         0x804'6571     0x26  Code  Lc  stm32f4xx_hal_tim.o [1]
TransInfo8x16            0x803'f8dc      0x8  Data  Lc  F8x16.o [2]
TransList8x16            0x803'f71c    0x1c0  Data  Lc  F8x16.o [2]
TxHeader                0x2001'4bb8     0x18  Data  Gb  can_utils.o [1]
UART_DMAAbortOnError     0x804'7f59     0x12  Code  Lc  stm32f4xx_hal_uart.o [1]
UART_DMAError            0x804'7ecd     0x56  Code  Lc  stm32f4xx_hal_uart.o [1]
UART_DMAReceiveCplt      0x804'7e7d     0x42  Code  Lc  stm32f4xx_hal_uart.o [1]
UART_DMARxHalfCplt       0x804'7ec1      0xa  Code  Lc  stm32f4xx_hal_uart.o [1]
UART_DMATransmitCplt     0x804'7e3d     0x32  Code  Lc  stm32f4xx_hal_uart.o [1]
UART_DMATxHalfCplt       0x804'7e71      0xa  Code  Lc  stm32f4xx_hal_uart.o [1]
UART_EndRxTransfer       0x804'7f37     0x20  Code  Lc  stm32f4xx_hal_uart.o [1]
UART_EndTransmit_IT      0x804'7fd7     0x1c  Code  Lc  stm32f4xx_hal_uart.o [1]
UART_EndTxTransfer       0x804'7f23     0x14  Code  Lc  stm32f4xx_hal_uart.o [1]
UART_Receive_IT          0x804'7ff3     0xa8  Code  Lc  stm32f4xx_hal_uart.o [1]
UART_SetConfig           0x804'809b    0x302  Code  Lc  stm32f4xx_hal_uart.o [1]
UART_Transmit_IT         0x804'7f6d     0x6a  Code  Lc  stm32f4xx_hal_uart.o [1]
USART1_IRQHandler        0x804'b19d     0x1a  Code  Gb  stm32f4xx_it.o [1]
UsageFault_Handler       0x804'b131      0x2  Code  Gb  stm32f4xx_it.o [1]
WM_Activate              0x804'2943      0xc  Code  Gb  WM.o [2]
WM_BringToBottom         0x804'4259     0x82  Code  Gb  WM_BringToBottom.o [2]
WM_CreateWindowAsChild   0x804'24e7    0x13e  Code  Gb  WM.o [2]
WM_DefaultProc           0x804'294f     0x44  Code  Gb  WM.o [2]
WM_GetClientRect         0x804'430f     0x12  Code  Gb  WM_GetClientRect.o [2]
WM_GetDesktopWindow      0x804'323d     0x18  Code  Gb  WM_GetDesktopWindow.o [2]
WM_GetFirstChild         0x804'41ad      0xe  Code  Gb  WM_GetFirstChild.o [2]
WM_GetParent             0x804'4af9      0xe  Code  Gb  WM_GetParent.o [2]
WM_Init                  0x804'29af     0xb2  Code  Gb  WM.o [2]
WM_InvalidateRect        0x804'246d     0x76  Code  Gb  WM.o [2]
WM_InvalidateWindow      0x804'24e3      0x4  Code  Gb  WM.o [2]
WM_InvalidateWindowAndDescsEx
                         0x804'21c3     0x54  Code  Gb  WM.o [2]
WM_MULTIBUF__pAPI       0x2001'4540      0x4  Data  Gb  WM.o [2]
WM_SelectWindow          0x804'265b     0x36  Code  Gb  WM.o [2]
WM_SendToParent          0x804'432d     0x1c  Code  Gb  WM_SendToParent.o [2]
WM_SetUserClipRect       0x804'30fd     0x18  Code  Gb  WM_SetUserClipRect.o [2]
WM__ActivateClipRect     0x804'209d     0x3e  Code  Gb  WM.o [2]
WM__AddCriticalHandle    0x804'4349      0xa  Code  Gb  WM_CriticalHandle.o [2]
WM__Client2Screen        0x804'2171     0x10  Code  Gb  WM.o [2]
WM__ClipAtParentBorders
                         0x804'205b     0x42  Code  Gb  WM.o [2]
WM__CreateFlags         0x2001'4538      0x4  Data  Gb  WM.o [2]
WM__FirstWin            0x2001'4528      0x4  Data  Gb  WM.o [2]
WM__GetClientRectEx      0x804'42ed     0x22  Code  Gb  WM_GetClientRect.o [2]
WM__GetClientRectWin     0x804'2455     0x18  Code  Gb  WM.o [2]
WM__GetFirstSibling      0x804'519f     0x10  Code  Gb  WM__GetFirstSibling.o [2]
WM__GetNextIVR           0x804'27cf     0x36  Code  Gb  WM.o [2]
WM__GetPrevSibling       0x804'4ad7     0x22  Code  Gb  WM__GetPrevSibling.o [2]
WM__GetTopLevelLayer     0x804'262f     0x18  Code  Gb  WM.o [2]
WM__InitIVRSearch        0x804'2805     0xd8  Code  Gb  WM.o [2]
WM__InsertWindowIntoList
                         0x804'20db     0x96  Code  Gb  WM.o [2]
WM__Invalidate1Abs       0x804'2057      0x4  Code  Gb  WM.o [2]
WM__InvalidateDrawAndDescs
                         0x804'2181     0x42  Code  Gb  WM.o [2]
WM__InvalidateRect       0x804'2221     0x70  Code  Gb  WM.o [2]
WM__InvalidateRectEx     0x804'2291      0x4  Code  Gb  WM.o [2]
WM__NumInvalidWindows   0x2001'4508      0x2  Data  Gb  WM.o [2]
WM__NumWindows          0x2001'4506      0x2  Data  Gb  WM.o [2]
[...]
_gLocale_wctomb          0x803'e009      0x4  Code  Gb  xlocale_c.o [3]
_gLocale_wctombInt       0x803'e001      0x4  Code  Gb  xlocale_c.o [3]
_gm_                    0x2001'4138    0x1d8  Data  Lc  dlmalloc.o [3]
_main                    0x804'b657           Code  Gb  cmain.o [5]
_nrf_clear_maxrt_irq     0x804'4d93      0xc  Code  Gb  nrf24l01.o [1]
_nrf_clear_tx_irq        0x804'4d87      0xc  Code  Gb  nrf24l01.o [1]
_nrf_flush_tx            0x804'4dad     0x22  Code  Gb  nrf24l01.o [1]
_nrf_get_status          0x804'4d7d      0xa  Code  Gb  nrf24l01.o [1]
_nrf_set_mode            0x804'4d17     0x66  Code  Gb  nrf24l01.o [1]
_nrf_set_rx_addr         0x804'4d9f      0xe  Code  Gb  nrf24l01.o [1]
_pFirstExit             0x2001'4ca0      0x4  Data  Lc  GUI_Core.o [2]
_pReadKey               0x2000'00d8      0x4  Data  Lc  GUI_OnKey.o [2]
_pWriteKey              0x2000'00dc      0x4  Data  Lc  GUI_OnKey.o [2]
_pcbMotion              0x2001'4a3c      0x4  Data  Lc  WM_Touch.o [2]
_pcbToolTip             0x2001'4a40      0x4  Data  Lc  WM_Touch.o [2]
_pfColor2IndexBulk      0x2001'4c40      0x4  Data  Lc  GUICC_M565.o [2]
_pfIndex2ColorBulk      0x2001'4c44      0x4  Data  Lc  GUICC_M565.o [2]
_pfSignalEvent          0x2001'4ca4      0x4  Data  Lc  GUI_WaitEvent.o [2]
aSin                     0x804'0abc     0x24  Data  Lc  GUI_DrawLine.o [2]
aTan                     0x804'0ae0     0x24  Data  Gb  GUI_DrawLine.o [2]
abort                    0x803'cf89      0x6  Code  Gb  abort.o [3]
acFont8ASCII             0x804'a150    0x2f8  Data  Lc  F08_ASCII.o [2]
acFont8x16               0x803'ecec    0xa30  Data  Lc  F8x16.o [2]
acFontComic24B_100       0x803'b810     0x30  Data  Lc  FComic24B_ASCII.o [2]
acFontComic24B_101       0x803'b840     0x30  Data  Lc  FComic24B_ASCII.o [2]
acFontComic24B_102       0x803'b870     0x30  Data  Lc  FComic24B_ASCII.o [2]
acFontComic24B_103       0x803'b8a0     0x30  Data  Lc  FComic24B_ASCII.o [2]
acFontComic24B_104       0x803'b8d0     0x30  Data  Lc  FComic24B_ASCII.o [2]
acFontComic24B_105       0x803'b900     0x18  Data  Lc  FComic24B_ASCII.o [2]
acFontComic24B_106       0x803'b918     0x18  Data  Lc  FComic24B_ASCII.o [2]
acFontComic24B_107       0x803'b930     0x30  Data  Lc  FComic24B_ASCII.o [2]
acFontComic24B_108       0x803'b960     0x18  Data  Lc  FComic24B_ASCII.o [2]
acFontComic24B_109       0x803'b978     0x30  Data  Lc  FComic24B_ASCII.o [2]
acFontComic24B_110       0x803'b9a8     0x30  Data  Lc  FComic24B_ASCII.o [2]
acFontComic24B_111       0x803'b9d8     0x30  Data  Lc  FComic24B_ASCII.o [2]
acFontComic24B_112       0x803'ba08     0x30  Data  Lc  FComic24B_ASCII.o [2]
acFontComic24B_113       0x803'ba38     0x30  Data  Lc  FComic24B_ASCII.o [2]
acFontComic24B_114       0x803'ba68     0x30  Data  Lc  FComic24B_ASCII.o [2]
acFontComic24B_115       0x803'ba98     0x30  Data  Lc  FComic24B_ASCII.o [2]
acFontComic24B_116       0x803'bac8     0x30  Data  Lc  FComic24B_ASCII.o [2]
acFontComic24B_117       0x803'baf8     0x30  Data  Lc  FComic24B_ASCII.o [2]
acFontComic24B_118       0x803'bb28     0x30  Data  Lc  FComic24B_ASCII.o [2]
acFontComic24B_119       0x803'bb58     0x30  Data  Lc  FComic24B_ASCII.o [2]
acFontComic24B_120       0x803'bb88     0x30  Data  Lc  FComic24B_ASCII.o [2]
acFontComic24B_121       0x803'bbb8     0x30  Data  Lc  FComic24B_ASCII.o [2]
acFontComic24B_122       0x803'bbe8     0x30  Data  Lc  FComic24B_ASCII.o [2]
acFontComic24B_123       0x803'bc18     0x18  Data  Lc  FComic24B_ASCII.o [2]
acFontComic24B_124       0x803'bc30     0x30  Data  Lc  FComic24B_ASCII.o [2]
acFontComic24B_125       0x803'bc60     0x18  Data  Lc  FComic24B_ASCII.o [2]
acFontComic24B_126       0x803'bc78     0x30  Data  Lc  FComic24B_ASCII.o [2]
acFontComic24B_127       0x803'bca8     0x30  Data  Lc  FComic24B_ASCII.o [2]
acFontComic24B_32        0x803'ab08     0x30  Data  Lc  FComic24B_ASCII.o [2]
acFontComic24B_33        0x803'ab38     0x18  Data  Lc  FComic24B_ASCII.o [2]
acFontComic24B_34        0x803'ab50     0x30  Data  Lc  FComic24B_ASCII.o [2]
acFontComic24B_35        0x803'ab80     0x48  Data  Lc  FComic24B_ASCII.o [2]
acFontComic24B_36        0x803'abc8     0x30  Data  Lc  FComic24B_ASCII.o [2]
acFontComic24B_37        0x803'abf8     0x48  Data  Lc  FComic24B_ASCII.o [2]
acFontComic24B_38        0x803'ac40     0x30  Data  Lc  FComic24B_ASCII.o [2]
acFontComic24B_39        0x803'ac70     0x30  Data  Lc  FComic24B_ASCII.o [2]
acFontComic24B_40        0x803'aca0     0x18  Data  Lc  FComic24B_ASCII.o [2]
acFontComic24B_41        0x803'acb8     0x18  Data  Lc  FComic24B_ASCII.o [2]
acFontComic24B_42        0x803'acd0     0x30  Data  Lc  FComic24B_ASCII.o [2]
acFontComic24B_43        0x803'ad00     0x30  Data  Lc  FComic24B_ASCII.o [2]
acFontComic24B_44        0x803'ad30     0x30  Data  Lc  FComic24B_ASCII.o [2]
acFontComic24B_45        0x803'ad60     0x30  Data  Lc  FComic24B_ASCII.o [2]
acFontComic24B_46        0x803'ad90     0x30  Data  Lc  FComic24B_ASCII.o [2]
acFontComic24B_47        0x803'adc0     0x30  Data  Lc  FComic24B_ASCII.o [2]
acFontComic24B_48        0x803'adf0     0x30  Data  Lc  FComic24B_ASCII.o [2]
acFontComic24B_49        0x803'ae20     0x30  Data  Lc  FComic24B_ASCII.o [2]
acFontComic24B_50        0x803'ae50     0x30  Data  Lc  FComic24B_ASCII.o [2]
acFontComic24B_51        0x803'ae80     0x30  Data  Lc  FComic24B_ASCII.o [2]
acFontComic24B_52        0x803'aeb0     0x30  Data  Lc  FComic24B_ASCII.o [2]
acFontComic24B_53        0x803'aee0     0x30  Data  Lc  FComic24B_ASCII.o [2]
acFontComic24B_54        0x803'af10     0x30  Data  Lc  FComic24B_ASCII.o [2]
acFontComic24B_55        0x803'af40     0x30  Data  Lc  FComic24B_ASCII.o [2]
acFontComic24B_56        0x803'af70     0x30  Data  Lc  FComic24B_ASCII.o [2]
acFontComic24B_57        0x803'afa0     0x30  Data  Lc  FComic24B_ASCII.o [2]
acFontComic24B_58        0x803'afd0     0x30  Data  Lc  FComic24B_ASCII.o [2]
acFontComic24B_59        0x803'b000     0x30  Data  Lc  FComic24B_ASCII.o [2]
acFontComic24B_60        0x803'b030     0x30  Data  Lc  FComic24B_ASCII.o [2]
acFontComic24B_61        0x803'b060     0x30  Data  Lc  FComic24B_ASCII.o [2]
acFontComic24B_62        0x803'b090     0x30  Data  Lc  FComic24B_ASCII.o [2]
acFontComic24B_63        0x803'b0c0     0x30  Data  Lc  FComic24B_ASCII.o [2]
acFontComic24B_64        0x803'b0f0     0x48  Data  Lc  FComic24B_ASCII.o [2]
acFontComic24B_65        0x803'b138     0x30  Data  Lc  FComic24B_ASCII.o [2]
acFontComic24B_66        0x803'b168     0x30  Data  Lc  FComic24B_ASCII.o [2]
acFontComic24B_67        0x803'b198     0x30  Data  Lc  FComic24B_ASCII.o [2]
acFontComic24B_68        0x803'b1c8     0x30  Data  Lc  FComic24B_ASCII.o [2]
acFontComic24B_69        0x803'b1f8     0x30  Data  Lc  FComic24B_ASCII.o [2]
acFontComic24B_70        0x803'b228     0x30  Data  Lc  FComic24B_ASCII.o [2]
acFontComic24B_71        0x803'b258     0x30  Data  Lc  FComic24B_ASCII.o [2]
acFontComic24B_72        0x803'b288     0x30  Data  Lc  FComic24B_ASCII.o [2]
acFontComic24B_73        0x803'b2b8     0x30  Data  Lc  FComic24B_ASCII.o [2]
acFontComic24B_74        0x803'b2e8     0x30  Data  Lc  FComic24B_ASCII.o [2]
acFontComic24B_75        0x803'b318     0x30  Data  Lc  FComic24B_ASCII.o [2]
acFontComic24B_76        0x803'b348     0x30  Data  Lc  FComic24B_ASCII.o [2]
acFontComic24B_77        0x803'b378     0x48  Data  Lc  FComic24B_ASCII.o [2]
acFontComic24B_78        0x803'b3c0     0x48  Data  Lc  FComic24B_ASCII.o [2]
acFontComic24B_79        0x803'b408     0x48  Data  Lc  FComic24B_ASCII.o [2]
acFontComic24B_80        0x803'b450     0x30  Data  Lc  FComic24B_ASCII.o [2]
acFontComic24B_81        0x803'b480     0x48  Data  Lc  FComic24B_ASCII.o [2]
acFontComic24B_82        0x803'b4c8     0x30  Data  Lc  FComic24B_ASCII.o [2]
acFontComic24B_83        0x803'b4f8     0x30  Data  Lc  FComic24B_ASCII.o [2]
acFontComic24B_84        0x803'b528     0x30  Data  Lc  FComic24B_ASCII.o [2]
acFontComic24B_85        0x803'b558     0x30  Data  Lc  FComic24B_ASCII.o [2]
acFontComic24B_86        0x803'b588     0x30  Data  Lc  FComic24B_ASCII.o [2]
acFontComic24B_87        0x803'b5b8     0x48  Data  Lc  FComic24B_ASCII.o [2]
acFontComic24B_88        0x803'b600     0x30  Data  Lc  FComic24B_ASCII.o [2]
acFontComic24B_89        0x803'b630     0x30  Data  Lc  FComic24B_ASCII.o [2]
acFontComic24B_90        0x803'b660     0x30  Data  Lc  FComic24B_ASCII.o [2]
acFontComic24B_91        0x803'b690     0x18  Data  Lc  FComic24B_ASCII.o [2]
acFontComic24B_92        0x803'b6a8     0x30  Data  Lc  FComic24B_ASCII.o [2]
acFontComic24B_93        0x803'b6d8     0x18  Data  Lc  FComic24B_ASCII.o [2]
acFontComic24B_94        0x803'b6f0     0x30  Data  Lc  FComic24B_ASCII.o [2]
acFontComic24B_95        0x803'b720     0x30  Data  Lc  FComic24B_ASCII.o [2]
acFontComic24B_96        0x803'b750     0x30  Data  Lc  FComic24B_ASCII.o [2]
acFontComic24B_97        0x803'b780     0x30  Data  Lc  FComic24B_ASCII.o [2]
acFontComic24B_98        0x803'b7b0     0x30  Data  Lc  FComic24B_ASCII.o [2]
acFontComic24B_99        0x803'b7e0     0x30  Data  Lc  FComic24B_ASCII.o [2]
add_segment              0x803'c3d1    0x1f2  Code  Lc  dlmalloc.o [3]
bmmap                    0x804'b6b8     0x14  Data  Gb  map.o [1]
buffer_count            0x2001'4c68      0x4  Data  Gb  cmd.o [1]
can_callback_add         0x804'8c03     0x1c  Code  Gb  can_utils.o [1]
can_callback_table      0x2001'4c5c      0x4  Data  Lc  can_utils.o [1]
can_exc_callback         0x804'8c1f     0x26  Code  Gb  can_utils.o [1]
can_exc_callback_flag   0x2001'4c50      0x4  Data  Gb  can_utils.o [1]
can_func_init            0x804'8d95     0x1a  Code  Gb  can_func.o [1]
can_init                 0x804'8bd1     0x32  Code  Gb  can_utils.o [1]
can_rx_data             0x2001'4c28      0x8  Data  Gb  can_utils.o [1]
can_rx_rate             0x2001'4c88      0x4  Data  Gb  GUI_Frame.o [1]
can_std_mask_filter_conf
                         0x804'8ce5     0x72  Code  Gb  can_utils.o [1]
can_text_cnt            0x2001'4cbd      0x1  Data  Gb  GUI_Frame.o [1]
can_update_var           0x804'8dc1      0x8  Code  Gb  can_func.o [1]
can_window_update        0x804'00a5     0x86  Code  Gb  GUI_Frame.o [1]
cbBackWin                0x804'28f9     0x4a  Code  Lc  WM.o [2]
ceil                     0x804'3375           Code  Gb  ceil.o [4]
ceill                    0x804'3375           Code  Gb  ceil.o [4]
clear_rate               0x804'02b7      0xe  Code  Gb  GUI_Frame.o [1]
cmd_add                  0x804'8a75     0x54  Code  Gb  cmd.o [1]
cmd_argv                0x2001'4a44     0x30  Data  Gb  cmd.o [1]
cmd_exec                 0x804'8a2f     0x2c  Code  Gb  cmd.o [1]
cmd_func_init            0x804'8d6d     0x10  Code  Gb  cmd_func.o [1]
cmd_hello_func           0x804'8d7d      0xa  Code  Gb  cmd_func.o [1]
cmd_help_func            0x804'8a5d     0x18  Code  Gb  cmd.o [1]
cmd_init                 0x804'893f     0x26  Code  Gb  cmd.o [1]
cmd_parse                0x804'8a01     0x2e  Code  Gb  cmd.o [1]
cmd_table               0x2001'4c60      0x4  Data  Lc  cmd.o [1]
cmpAtom                  0x804'8df5      0xe  Code  Lc  hash.o [1]
delim                   0x2000'0114      0x4  Data  Lc  cmd.o [1]
drawCoordiantes          0x803'f99d    0x1a0  Code  Gb  GUI_Frame.o [1]
drawMainFrame            0x803'fb3d     0xda  Code  Gb  GUI_Frame.o [1]
draw_map_point           0x804'8db1     0x10  Code  Gb  can_func.o [1]
draw_point_onMap         0x804'01bd     0x8a  Code  Gb  GUI_Frame.o [1]
emWin_LCD_Init           0x804'1e79     0x8c  Code  Gb  LCD.o [2]
exit                     0x804'b65f      0x4  Code  Gb  exit.o [3]
flag                    0x2001'4b40     0x20  Data  Gb  main.o [1]
floor                    0x804'33dd           Code  Gb  floor.o [4]
floorl                   0x804'33dd           Code  Gb  floor.o [4]
freeKeyAtom              0x804'8e07      0x2  Code  Lc  hash.o [1]
hadc1                   0x2001'48fc     0x48  Data  Gb  adc.o [1]
hashAtom                 0x804'8e03      0x4  Code  Lc  hash.o [1]
hashStr                  0x804'8e09     0x20  Code  Gb  hash.o [1]
hash_id                  0x804'8d59      0x4  Code  Lc  can_utils.o [1]
hcan1                   0x2001'4aa4     0x28  Data  Gb  can.o [1]
hcrc                    0x2001'4c38      0x8  Data  Gb  crc.o [1]
hdma_adc1               0x2001'468c     0x60  Data  Gb  adc.o [1]
hdma_usart1_rx          0x2001'46ec     0x60  Data  Gb  usart.o [1]
hdma_usart1_tx          0x2001'474c     0x60  Data  Gb  usart.o [1]
hspi3                   0x2001'47ac     0x58  Data  Gb  spi.o [1]
hsram1                  0x2001'485c     0x50  Data  Gb  fsmc.o [1]
htim3                   0x2001'4984     0x40  Data  Gb  tim.o [1]
huart1                  0x2001'49c4     0x40  Data  Gb  usart.o [1]
id_cmp                   0x804'8d5d     0x10  Code  Lc  can_utils.o [1]
inc                      0x804'4fef     0xa6  Code  Gb  main.o [1]
init_mparams             0x803'c023     0x32  Code  Lc  dlmalloc.o [3]
init_top                 0x803'c055     0x36  Code  Lc  dlmalloc.o [3]
judge_var                0x804'0f61     0x74  Code  Gb  frame_func.o [1]
lcd_enable              0x2000'0118      0x4  Data  Gb  Lcd_Top.o [1]
lcd_flag                0x2001'4c8c      0x4  Data  Gb  Lcd_Top.o [1]
lcd_place               0x2000'011c      0x4  Data  Gb  Lcd_Top.o [1]
lcddev                  0x2001'4bfc     0x10  Data  Gb  ILI93xx.o [1]
ldexp                    0x803'e671           Code  Gb  ldexp.o [4]
ldexpl                   0x803'e671           Code  Gb  ldexp.o [4]
ledpwm_set_intensity     0x804'6cc1     0x6c  Code  Gb  ledpwm.o [1]
localeconv               0x803'e00d      0x4  Code  Gb  xlocale_c.o [3]
main                     0x804'4ed9     0x74  Code  Gb  main.o [1]
memchr                   0x803'e0c1           Code  Gb  memchr.o [5]
menu1Rect               0x2000'00e4      0x8  Data  Gb  GUI_Frame.o [1]
menu2Rect               0x2000'00ec      0x8  Data  Gb  GUI_Frame.o [1]
menu3Rect               0x2000'00f4      0x8  Data  Gb  GUI_Frame.o [1]
menu4Rect               0x2000'00fc      0x8  Data  Gb  GUI_Frame.o [1]
menu5Rect               0x2000'0104      0x8  Data  Gb  GUI_Frame.o [1]
menu6Rect               0x2000'010c      0x8  Data  Gb  GUI_Frame.o [1]
menu_clear_window        0x803'fdcd     0x1a  Code  Gb  GUI_Frame.o [1]
menu_function            0x803'fde7    0x240  Code  Gb  GUI_Frame.o [1]
menu_pagedown            0x803'fc17     0x4e  Code  Gb  GUI_Frame.o [1]
menu_pageup              0x803'fc65     0x5a  Code  Gb  GUI_Frame.o [1]
menu_robot_variable      0x804'1199     0x1c  Code  Gb  frame_func.o [1]
menu_update              0x803'fcbf    0x106  Code  Gb  GUI_Frame.o [1]
mparams                 0x2001'4bd0     0x18  Data  Lc  dlmalloc.o [3]
now_state               0x2000'0134      0x1  Data  Gb  GUI_Frame.o [1]
nrf_config              0x2000'0098     0x10  Data  Lc  nrf24l01.o [1]
nrf_flow_state          0x2001'4cbe      0x1  Data  Gb  nrf24l01.o [1]
nrf_handle              0x2001'4b1c     0x24  Data  Gb  nrf24l01.o [1]
nrf_irq_handle           0x804'4c3d     0xda  Code  Gb  nrf24l01.o [1]
nrf_read_reg             0x804'4e19     0x36  Code  Lc  nrf24l01.o [1]
nrf_read_reg_byte        0x804'4e4f     0x12  Code  Lc  nrf24l01.o [1]
nrf_rx_addr             0x2001'4b60     0x20  Data  Gb  nrf24l01.o [1]
nrf_spi_delay            0x804'4e89     0x1a  Code  Lc  nrf24l01.o [1]
nrf_spi_end              0x804'4e75     0x14  Code  Lc  nrf24l01.o [1]
nrf_spi_start            0x804'4e61     0x14  Code  Lc  nrf24l01.o [1]
nrf_tx_data_unlock       0x804'4ea3      0x8  Code  Gb  nrf24l01.o [1]
nrf_write_reg            0x804'4dcf     0x3c  Code  Lc  nrf24l01.o [1]
nrf_write_reg_byte       0x804'4e0b      0xe  Code  Lc  nrf24l01.o [1]
prepend_alloc            0x803'c08b    0x346  Code  Lc  dlmalloc.o [3]
print_buffer            0x2001'455c     0x68  Data  Gb  cmd.o [1]
print_var                0x804'1075    0x124  Code  Gb  frame_func.o [1]
rx_buffer               0x2001'4c30      0x8  Data  Lc  can_utils.o [1]
rx_callback_cnt         0x2001'4cc0      0x1  Data  Gb  nrf24l01.o [1]
rx_id                   0x2001'4c58      0x4  Data  Lc  can_utils.o [1]
s                       0x2000'0080     0x18  Data  Lc  cmd.o [1]
scalbln                  0x803'e671           Code  Gb  ldexp.o [4]
scalblnl                 0x803'e671           Code  Gb  ldexp.o [4]
scalbn                   0x803'e671           Code  Gb  ldexp.o [4]
scalbnl                  0x803'e671           Code  Gb  ldexp.o [4]
scale                    0x803'd7eb     0x46  Code  Lc  xprintffull.o [3]
sec_hand                0x2001'4cb0      0x4  Data  Lc  xfail_s.o [3]
segment_holding          0x803'c009     0x1a  Code  Lc  dlmalloc.o [3]
send_wave                0x804'8b01     0x68  Code  Gb  cmd.o [1]
send_wave_flag          0x2001'4c6c      0x4  Data  Gb  flags.o [1]
show_rate                0x804'025f     0x58  Code  Gb  GUI_Frame.o [1]
show_robocon_map         0x803'f98d     0x10  Code  Gb  GUI_Frame.o [1]
show_state              0x2000'0135      0x1  Data  Gb  GUI_Frame.o [1]
show_system_time         0x804'0199     0x24  Code  Gb  GUI_Frame.o [1]
show_time                0x804'012b     0x6e  Code  Gb  GUI_Frame.o [1]
simplelib_init           0x804'5fb1     0x1e  Code  Gb  simplelib.o [1]
simplelib_run            0x804'5fd1     0x46  Code  Gb  simplelib.o [1]
std_id                  0x2001'4c54      0x4  Data  Gb  can_utils.o [1]
str_cmp                  0x804'8b6d     0x14  Code  Lc  cmd.o [1]
strchr                   0x803'e019           Code  Gb  strchr.o [5]
strcmp                   0x804'90d9           Code  Gb  strcmp.o [5]
strcpy                   0x804'9005           Code  Gb  strcpy.o [5]
strcspn                  0x804'916b     0x22  Code  Gb  strcspn.o [3]
strlen                   0x803'e089           Code  Gb  strlen.o [5]
strspn                   0x804'9149     0x22  Code  Gb  strspn.o [3]
strtok                   0x804'9051     0x4c  Code  Gb  strtok.o [3]
sys_alloc                0x803'c5c9    0x164  Code  Lc  dlmalloc.o [3]
temp                    0x2001'4cc2      0x1  Data  Lc  nrf24l01.o [1]
test_pos                 0x804'02cd    0x1be  Code  Gb  GUI_Frame.o [1]
time_1ms_cnt            0x2001'4c80      0x4  Data  Gb  GUI_Frame.o [1]
time_1s_cnt             0x2001'4c7c      0x4  Data  Gb  GUI_Frame.o [1]
time_1s_flag            0x2001'4c78      0x4  Data  Gb  GUI_Frame.o [1]
tmalloc_large            0x803'c739    0x386  Code  Lc  dlmalloc.o [3]
tmalloc_small            0x803'cabf    0x200  Code  Lc  dlmalloc.o [3]
tx_locked               0x2001'4cbf      0x1  Data  Gb  nrf24l01.o [1]
tx_pipe0_addr_eq        0x2001'4cc1      0x1  Data  Lc  nrf24l01.o [1]
update_var               0x804'0fd5     0xa0  Code  Gb  frame_func.o [1]
uprintf                  0x804'8ac9     0x36  Code  Gb  cmd.o [1]
usart_DMA_init           0x804'8915     0x2a  Code  Gb  cmd.o [1]
usart_exc_DMA            0x804'8965     0x30  Code  Gb  cmd.o [1]
usart_rx_rate           0x2001'4c84      0x4  Data  Gb  GUI_Frame.o [1]
usart_text_cnt          0x2001'4cbc      0x1  Data  Gb  GUI_Frame.o [1]
usart_window_update      0x804'0035     0x70  Code  Gb  GUI_Frame.o [1]
uwTick                  0x2001'4c94      0x4  Data  Gb  stm32f4xx_hal.o [1]
uwTickFreq              0x2000'0136      0x1  Data  Gb  stm32f4xx_hal.o [1]
uwTickPrio              0x2000'0120      0x4  Data  Gb  stm32f4xx_hal.o [1]
var                     0x2001'43cc     0xa0  Data  Gb  frame_func.o [1]
var_num                 0x2001'4c70      0x4  Data  Gb  frame_func.o [1]
vsnprintf                0x804'909d     0x3c  Code  Gb  vsnprint.o [3]


[1] = E:\Robocon_Value\DisplayLCD\EWARM\DisplayLCD\Obj
[2] = STemWin522_CM4_IAR.a
[3] = dl7M_tlf.a
[4] = m7M_tls.a
[5] = rt7M_tl.a
[6] = shb_l.a

   56 118 bytes of readonly  code memory
  253 722 bytes of readonly  data memory
  101 570 bytes of readwrite data memory

Errors: none
Warnings: 1
